/nfs/roberts/project/pi_sk2433/dac227/FlatCFM/.venv/lib/python3.12/site-packages/nbformat/__init__.py:96: MissingIDFieldWarning: Cell is missing an id field, this will become a hard error in future nbformat versions. You may want to use `normalize()` on your notebooks before validations (available since nbformat 5.1.4). Previous versions of nbformat are fixing this issue transparently, and will stop doing so in the future.
  validate(nb)
[run_notebook] starting kernel python3

[cell 2/15 #1 t=0s] %env PYTORCH_ENABLE_MPS_FALLBACK=1 
env: PYTORCH_ENABLE_MPS_FALLBACK=1

[cell 3/15 #2 t=0s] import matplotlib.pyplot as plt import pandas as pd from IPython.display import ...

[cell 4/15 #3 t=41s] # experiments = [ #     "sciplex_deg_baseline_no_effect", #     "sciplex_deg_bas...
all runs compatible

[cell 5/15 #4 t=42s] # run base metrics in comparison space result = run_benchmark_suite(     {      ...
/nfs/roberts/project/pi_sk2433/dac227/FlatCFM/.venv/lib/python3.12/site-packages/anndata/_core/anndata.py:1811: UserWarning: Observation names are not unique. To make them unique, call `.obs_names_make_unique`.
  utils.warn_names_duplicates("obs")
/nfs/roberts/project/pi_sk2433/dac227/FlatCFM/.venv/lib/python3.12/site-packages/anndata/_core/anndata.py:1811: UserWarning: Observation names are not unique. To make them unique, call `.obs_names_make_unique`.
  utils.warn_names_duplicates("obs")
/nfs/roberts/project/pi_sk2433/dac227/FlatCFM/.venv/lib/python3.12/site-packages/anndata/_core/anndata.py:1811: UserWarning: Observation names are not unique. To make them unique, call `.obs_names_make_unique`.
  utils.warn_names_duplicates("obs")
/nfs/roberts/project/pi_sk2433/dac227/FlatCFM/.venv/lib/python3.12/site-packages/anndata/_core/anndata.py:1811: UserWarning: Observation names are not unique. To make them unique, call `.obs_names_make_unique`.
  utils.warn_names_duplicates("obs")
/nfs/roberts/project/pi_sk2433/dac227/FlatCFM/.venv/lib/python3.12/site-packages/anndata/_core/anndata.py:1811: UserWarning: Observation names are not unique. To make them unique, call `.obs_names_make_unique`.
  utils.warn_names_duplicates("obs")
/nfs/roberts/project/pi_sk2433/dac227/FlatCFM/.venv/lib/python3.12/site-packages/anndata/_core/anndata.py:1811: UserWarning: Observation names are not unique. To make them unique, call `.obs_names_make_unique`.
  utils.warn_names_duplicates("obs")
/nfs/roberts/project/pi_sk2433/dac227/FlatCFM/.venv/lib/python3.12/site-packages/anndata/_core/anndata.py:1811: UserWarning: Observation names are not unique. To make them unique, call `.obs_names_make_unique`.
  utils.warn_names_duplicates("obs")
/nfs/roberts/project/pi_sk2433/dac227/FlatCFM/.venv/lib/python3.12/site-packages/anndata/_core/anndata.py:1811: UserWarning: Observation names are not unique. To make them unique, call `.obs_names_make_unique`.
  utils.warn_names_duplicates("obs")
/nfs/roberts/project/pi_sk2433/dac227/FlatCFM/.venv/lib/python3.12/site-packages/anndata/_core/anndata.py:1811: UserWarning: Observation names are not unique. To make them unique, call `.obs_names_make_unique`.
  utils.warn_names_duplicates("obs")
/nfs/roberts/project/pi_sk2433/dac227/FlatCFM/.venv/lib/python3.12/site-packages/anndata/_core/anndata.py:1811: UserWarning: Observation names are not unique. To make them unique, call `.obs_names_make_unique`.
  utils.warn_names_duplicates("obs")
/nfs/roberts/project/pi_sk2433/dac227/FlatCFM/.venv/lib/python3.12/site-packages/anndata/_core/anndata.py:1811: UserWarning: Observation names are not unique. To make them unique, call `.obs_names_make_unique`.
  utils.warn_names_duplicates("obs")
/nfs/roberts/project/pi_sk2433/dac227/FlatCFM/.venv/lib/python3.12/site-packages/anndata/_core/anndata.py:1811: UserWarning: Observation names are not unique. To make them unique, call `.obs_names_make_unique`.
  utils.warn_names_duplicates("obs")
/nfs/roberts/project/pi_sk2433/dac227/FlatCFM/.venv/lib/python3.12/site-packages/anndata/_core/anndata.py:1811: UserWarning: Observation names are not unique. To make them unique, call `.obs_names_make_unique`.
  utils.warn_names_duplicates("obs")
/nfs/roberts/project/pi_sk2433/dac227/FlatCFM/.venv/lib/python3.12/site-packages/anndata/_core/anndata.py:1811: UserWarning: Observation names are not unique. To make them unique, call `.obs_names_make_unique`.
  utils.warn_names_duplicates("obs")
/nfs/roberts/project/pi_sk2433/dac227/FlatCFM/.venv/lib/python3.12/site-packages/anndata/_core/anndata.py:1811: UserWarning: Observation names are not unique. To make them unique, call `.obs_names_make_unique`.
  utils.warn_names_duplicates("obs")
/nfs/roberts/project/pi_sk2433/dac227/FlatCFM/.venv/lib/python3.12/site-packages/anndata/_core/anndata.py:1811: UserWarning: Observation names are not unique. To make them unique, call `.obs_names_make_unique`.
  utils.warn_names_duplicates("obs")
/nfs/roberts/project/pi_sk2433/dac227/FlatCFM/.venv/lib/python3.12/site-packages/anndata/_core/anndata.py:1811: UserWarning: Observation names are not unique. To make them unique, call `.obs_names_make_unique`.
  utils.warn_names_duplicates("obs")
/nfs/roberts/project/pi_sk2433/dac227/FlatCFM/.venv/lib/python3.12/site-packages/anndata/_core/anndata.py:1811: UserWarning: Observation names are not unique. To make them unique, call `.obs_names_make_unique`.
  utils.warn_names_duplicates("obs")
/nfs/roberts/project/pi_sk2433/dac227/FlatCFM/.venv/lib/python3.12/site-packages/anndata/_core/anndata.py:1811: UserWarning: Observation names are not unique. To make them unique, call `.obs_names_make_unique`.
  utils.warn_names_duplicates("obs")
/nfs/roberts/project/pi_sk2433/dac227/FlatCFM/.venv/lib/python3.12/site-packages/anndata/_core/anndata.py:1811: UserWarning: Observation names are not unique. To make them unique, call `.obs_names_make_unique`.
  utils.warn_names_duplicates("obs")
/nfs/roberts/project/pi_sk2433/dac227/FlatCFM/.venv/lib/python3.12/site-packages/anndata/_core/anndata.py:1811: UserWarning: Observation names are not unique. To make them unique, call `.obs_names_make_unique`.
  utils.warn_names_duplicates("obs")
/nfs/roberts/project/pi_sk2433/dac227/FlatCFM/.venv/lib/python3.12/site-packages/anndata/_core/anndata.py:1811: UserWarning: Observation names are not unique. To make them unique, call `.obs_names_make_unique`.
  utils.warn_names_duplicates("obs")
/nfs/roberts/project/pi_sk2433/dac227/FlatCFM/.venv/lib/python3.12/site-packages/anndata/_core/anndata.py:1811: UserWarning: Observation names are not unique. To make them unique, call `.obs_names_make_unique`.
  utils.warn_names_duplicates("obs")
/nfs/roberts/project/pi_sk2433/dac227/FlatCFM/.venv/lib/python3.12/site-packages/anndata/_core/anndata.py:1811: UserWarning: Observation names are not unique. To make them unique, call `.obs_names_make_unique`.
  utils.warn_names_duplicates("obs")
/nfs/roberts/project/pi_sk2433/dac227/FlatCFM/.venv/lib/python3.12/site-packages/anndata/_core/anndata.py:1811: UserWarning: Observation names are not unique. To make them unique, call `.obs_names_make_unique`.
  utils.warn_names_duplicates("obs")
/nfs/roberts/project/pi_sk2433/dac227/FlatCFM/.venv/lib/python3.12/site-packages/anndata/_core/anndata.py:1811: UserWarning: Observation names are not unique. To make them unique, call `.obs_names_make_unique`.
  utils.warn_names_duplicates("obs")
/nfs/roberts/project/pi_sk2433/dac227/FlatCFM/.venv/lib/python3.12/site-packages/anndata/_core/anndata.py:1811: UserWarning: Observation names are not unique. To make them unique, call `.obs_names_make_unique`.
  utils.warn_names_duplicates("obs")
/nfs/roberts/project/pi_sk2433/dac227/FlatCFM/.venv/lib/python3.12/site-packages/anndata/_core/anndata.py:1811: UserWarning: Observation names are not unique. To make them unique, call `.obs_names_make_unique`.
  utils.warn_names_duplicates("obs")
/nfs/roberts/project/pi_sk2433/dac227/FlatCFM/.venv/lib/python3.12/site-packages/anndata/_core/anndata.py:1811: UserWarning: Observation names are not unique. To make them unique, call `.obs_names_make_unique`.
  utils.warn_names_duplicates("obs")
/nfs/roberts/project/pi_sk2433/dac227/FlatCFM/.venv/lib/python3.12/site-packages/anndata/_core/anndata.py:1811: UserWarning: Observation names are not unique. To make them unique, call `.obs_names_make_unique`.
  utils.warn_names_duplicates("obs")
/nfs/roberts/project/pi_sk2433/dac227/FlatCFM/.venv/lib/python3.12/site-packages/anndata/_core/anndata.py:1811: UserWarning: Observation names are not unique. To make them unique, call `.obs_names_make_unique`.
  utils.warn_names_duplicates("obs")
/nfs/roberts/project/pi_sk2433/dac227/FlatCFM/.venv/lib/python3.12/site-packages/anndata/_core/anndata.py:1811: UserWarning: Observation names are not unique. To make them unique, call `.obs_names_make_unique`.
  utils.warn_names_duplicates("obs")
/nfs/roberts/project/pi_sk2433/dac227/FlatCFM/.venv/lib/python3.12/site-packages/anndata/_core/anndata.py:1811: UserWarning: Observation names are not unique. To make them unique, call `.obs_names_make_unique`.
  utils.warn_names_duplicates("obs")
/nfs/roberts/project/pi_sk2433/dac227/FlatCFM/.venv/lib/python3.12/site-packages/anndata/_core/anndata.py:1811: UserWarning: Observation names are not unique. To make them unique, call `.obs_names_make_unique`.
  utils.warn_names_duplicates("obs")
/nfs/roberts/project/pi_sk2433/dac227/FlatCFM/.venv/lib/python3.12/site-packages/anndata/_core/anndata.py:1811: UserWarning: Observation names are not unique. To make them unique, call `.obs_names_make_unique`.
  utils.warn_names_duplicates("obs")
/nfs/roberts/project/pi_sk2433/dac227/FlatCFM/.venv/lib/python3.12/site-packages/anndata/_core/anndata.py:1811: UserWarning: Observation names are not unique. To make them unique, call `.obs_names_make_unique`.
  utils.warn_names_duplicates("obs")
/nfs/roberts/project/pi_sk2433/dac227/FlatCFM/.venv/lib/python3.12/site-packages/anndata/_core/anndata.py:1811: UserWarning: Observation names are not unique. To make them unique, call `.obs_names_make_unique`.
  utils.warn_names_duplicates("obs")
/nfs/roberts/project/pi_sk2433/dac227/FlatCFM/.venv/lib/python3.12/site-packages/anndata/_core/anndata.py:1811: UserWarning: Observation names are not unique. To make them unique, call `.obs_names_make_unique`.
  utils.warn_names_duplicates("obs")
/nfs/roberts/project/pi_sk2433/dac227/FlatCFM/.venv/lib/python3.12/site-packages/anndata/_core/anndata.py:1811: UserWarning: Observation names are not unique. To make them unique, call `.obs_names_make_unique`.
  utils.warn_names_duplicates("obs")
/nfs/roberts/project/pi_sk2433/dac227/FlatCFM/.venv/lib/python3.12/site-packages/anndata/_core/anndata.py:1811: UserWarning: Observation names are not unique. To make them unique, call `.obs_names_make_unique`.
  utils.warn_names_duplicates("obs")
/nfs/roberts/project/pi_sk2433/dac227/FlatCFM/.venv/lib/python3.12/site-packages/anndata/_core/anndata.py:1811: UserWarning: Observation names are not unique. To make them unique, call `.obs_names_make_unique`.
  utils.warn_names_duplicates("obs")
/nfs/roberts/project/pi_sk2433/dac227/FlatCFM/.venv/lib/python3.12/site-packages/anndata/_core/anndata.py:1811: UserWarning: Observation names are not unique. To make them unique, call `.obs_names_make_unique`.
  utils.warn_names_duplicates("obs")
/nfs/roberts/project/pi_sk2433/dac227/FlatCFM/.venv/lib/python3.12/site-packages/anndata/_core/anndata.py:1811: UserWarning: Observation names are not unique. To make them unique, call `.obs_names_make_unique`.
  utils.warn_names_duplicates("obs")
/nfs/roberts/project/pi_sk2433/dac227/FlatCFM/.venv/lib/python3.12/site-packages/anndata/_core/anndata.py:1811: UserWarning: Observation names are not unique. To make them unique, call `.obs_names_make_unique`.
  utils.warn_names_duplicates("obs")
/nfs/roberts/project/pi_sk2433/dac227/FlatCFM/.venv/lib/python3.12/site-packages/anndata/_core/anndata.py:1811: UserWarning: Observation names are not unique. To make them unique, call `.obs_names_make_unique`.
  utils.warn_names_duplicates("obs")
/nfs/roberts/project/pi_sk2433/dac227/FlatCFM/.venv/lib/python3.12/site-packages/anndata/_core/anndata.py:1811: UserWarning: Observation names are not unique. To make them unique, call `.obs_names_make_unique`.
  utils.warn_names_duplicates("obs")
/nfs/roberts/project/pi_sk2433/dac227/FlatCFM/.venv/lib/python3.12/site-packages/anndata/_core/anndata.py:1811: UserWarning: Observation names are not unique. To make them unique, call `.obs_names_make_unique`.
  utils.warn_names_duplicates("obs")
/nfs/roberts/project/pi_sk2433/dac227/FlatCFM/.venv/lib/python3.12/site-packages/anndata/_core/anndata.py:1811: UserWarning: Observation names are not unique. To make them unique, call `.obs_names_make_unique`.
  utils.warn_names_duplicates("obs")
/nfs/roberts/project/pi_sk2433/dac227/FlatCFM/.venv/lib/python3.12/site-packages/anndata/_core/anndata.py:1811: UserWarning: Observation names are not unique. To make them unique, call `.obs_names_make_unique`.
  utils.warn_names_duplicates("obs")
/nfs/roberts/project/pi_sk2433/dac227/FlatCFM/.venv/lib/python3.12/site-packages/anndata/_core/anndata.py:1811: UserWarning: Observation names are not unique. To make them unique, call `.obs_names_make_unique`.
  utils.warn_names_duplicates("obs")
/nfs/roberts/project/pi_sk2433/dac227/FlatCFM/.venv/lib/python3.12/site-packages/anndata/_core/anndata.py:1811: UserWarning: Observation names are not unique. To make them unique, call `.obs_names_make_unique`.
  utils.warn_names_duplicates("obs")
/nfs/roberts/project/pi_sk2433/dac227/FlatCFM/.venv/lib/python3.12/site-packages/anndata/_core/anndata.py:1811: UserWarning: Observation names are not unique. To make them unique, call `.obs_names_make_unique`.
  utils.warn_names_duplicates("obs")
/nfs/roberts/project/pi_sk2433/dac227/FlatCFM/.venv/lib/python3.12/site-packages/anndata/_core/anndata.py:1811: UserWarning: Observation names are not unique. To make them unique, call `.obs_names_make_unique`.
  utils.warn_names_duplicates("obs")
/nfs/roberts/project/pi_sk2433/dac227/FlatCFM/.venv/lib/python3.12/site-packages/anndata/_core/anndata.py:1811: UserWarning: Observation names are not unique. To make them unique, call `.obs_names_make_unique`.
  utils.warn_names_duplicates("obs")
/nfs/roberts/project/pi_sk2433/dac227/FlatCFM/.venv/lib/python3.12/site-packages/anndata/_core/anndata.py:1811: UserWarning: Observation names are not unique. To make them unique, call `.obs_names_make_unique`.
  utils.warn_names_duplicates("obs")
/nfs/roberts/project/pi_sk2433/dac227/FlatCFM/.venv/lib/python3.12/site-packages/anndata/_core/anndata.py:1811: UserWarning: Observation names are not unique. To make them unique, call `.obs_names_make_unique`.
  utils.warn_names_duplicates("obs")
/nfs/roberts/project/pi_sk2433/dac227/FlatCFM/.venv/lib/python3.12/site-packages/anndata/_core/anndata.py:1811: UserWarning: Observation names are not unique. To make them unique, call `.obs_names_make_unique`.
  utils.warn_names_duplicates("obs")
/nfs/roberts/project/pi_sk2433/dac227/FlatCFM/.venv/lib/python3.12/site-packages/anndata/_core/anndata.py:1811: UserWarning: Observation names are not unique. To make them unique, call `.obs_names_make_unique`.
  utils.warn_names_duplicates("obs")
/nfs/roberts/project/pi_sk2433/dac227/FlatCFM/.venv/lib/python3.12/site-packages/anndata/_core/anndata.py:1811: UserWarning: Observation names are not unique. To make them unique, call `.obs_names_make_unique`.
  utils.warn_names_duplicates("obs")
/nfs/roberts/project/pi_sk2433/dac227/FlatCFM/.venv/lib/python3.12/site-packages/anndata/_core/anndata.py:1811: UserWarning: Observation names are not unique. To make them unique, call `.obs_names_make_unique`.
  utils.warn_names_duplicates("obs")
/nfs/roberts/project/pi_sk2433/dac227/FlatCFM/.venv/lib/python3.12/site-packages/anndata/_core/anndata.py:1811: UserWarning: Observation names are not unique. To make them unique, call `.obs_names_make_unique`.
  utils.warn_names_duplicates("obs")
/nfs/roberts/project/pi_sk2433/dac227/FlatCFM/.venv/lib/python3.12/site-packages/anndata/_core/anndata.py:1811: UserWarning: Observation names are not unique. To make them unique, call `.obs_names_make_unique`.
  utils.warn_names_duplicates("obs")
/nfs/roberts/project/pi_sk2433/dac227/FlatCFM/.venv/lib/python3.12/site-packages/anndata/_core/anndata.py:1811: UserWarning: Observation names are not unique. To make them unique, call `.obs_names_make_unique`.
  utils.warn_names_duplicates("obs")
/nfs/roberts/project/pi_sk2433/dac227/FlatCFM/.venv/lib/python3.12/site-packages/anndata/_core/anndata.py:1811: UserWarning: Observation names are not unique. To make them unique, call `.obs_names_make_unique`.
  utils.warn_names_duplicates("obs")
/nfs/roberts/project/pi_sk2433/dac227/FlatCFM/.venv/lib/python3.12/site-packages/anndata/_core/anndata.py:1811: UserWarning: Observation names are not unique. To make them unique, call `.obs_names_make_unique`.
  utils.warn_names_duplicates("obs")
/nfs/roberts/project/pi_sk2433/dac227/FlatCFM/.venv/lib/python3.12/site-packages/anndata/_core/anndata.py:1811: UserWarning: Observation names are not unique. To make them unique, call `.obs_names_make_unique`.
  utils.warn_names_duplicates("obs")
/nfs/roberts/project/pi_sk2433/dac227/FlatCFM/.venv/lib/python3.12/site-packages/anndata/_core/anndata.py:1811: UserWarning: Observation names are not unique. To make them unique, call `.obs_names_make_unique`.
  utils.warn_names_duplicates("obs")
/nfs/roberts/project/pi_sk2433/dac227/FlatCFM/.venv/lib/python3.12/site-packages/anndata/_core/anndata.py:1811: UserWarning: Observation names are not unique. To make them unique, call `.obs_names_make_unique`.
  utils.warn_names_duplicates("obs")
/nfs/roberts/project/pi_sk2433/dac227/FlatCFM/.venv/lib/python3.12/site-packages/anndata/_core/anndata.py:1811: UserWarning: Observation names are not unique. To make them unique, call `.obs_names_make_unique`.
  utils.warn_names_duplicates("obs")
/nfs/roberts/project/pi_sk2433/dac227/FlatCFM/.venv/lib/python3.12/site-packages/anndata/_core/anndata.py:1811: UserWarning: Observation names are not unique. To make them unique, call `.obs_names_make_unique`.
  utils.warn_names_duplicates("obs")
/nfs/roberts/project/pi_sk2433/dac227/FlatCFM/.venv/lib/python3.12/site-packages/anndata/_core/anndata.py:1811: UserWarning: Observation names are not unique. To make them unique, call `.obs_names_make_unique`.
  utils.warn_names_duplicates("obs")
/nfs/roberts/project/pi_sk2433/dac227/FlatCFM/.venv/lib/python3.12/site-packages/anndata/_core/anndata.py:1811: UserWarning: Observation names are not unique. To make them unique, call `.obs_names_make_unique`.
  utils.warn_names_duplicates("obs")
/nfs/roberts/project/pi_sk2433/dac227/FlatCFM/.venv/lib/python3.12/site-packages/anndata/_core/anndata.py:1811: UserWarning: Observation names are not unique. To make them unique, call `.obs_names_make_unique`.
  utils.warn_names_duplicates("obs")
/nfs/roberts/project/pi_sk2433/dac227/FlatCFM/.venv/lib/python3.12/site-packages/anndata/_core/anndata.py:1811: UserWarning: Observation names are not unique. To make them unique, call `.obs_names_make_unique`.
  utils.warn_names_duplicates("obs")
/nfs/roberts/project/pi_sk2433/dac227/FlatCFM/.venv/lib/python3.12/site-packages/anndata/_core/anndata.py:1811: UserWarning: Observation names are not unique. To make them unique, call `.obs_names_make_unique`.
  utils.warn_names_duplicates("obs")
/nfs/roberts/project/pi_sk2433/dac227/FlatCFM/.venv/lib/python3.12/site-packages/anndata/_core/anndata.py:1811: UserWarning: Observation names are not unique. To make them unique, call `.obs_names_make_unique`.
  utils.warn_names_duplicates("obs")
/nfs/roberts/project/pi_sk2433/dac227/FlatCFM/.venv/lib/python3.12/site-packages/anndata/_core/anndata.py:1811: UserWarning: Observation names are not unique. To make them unique, call `.obs_names_make_unique`.
  utils.warn_names_duplicates("obs")
/nfs/roberts/project/pi_sk2433/dac227/FlatCFM/.venv/lib/python3.12/site-packages/anndata/_core/anndata.py:1811: UserWarning: Observation names are not unique. To make them unique, call `.obs_names_make_unique`.
  utils.warn_names_duplicates("obs")
/nfs/roberts/project/pi_sk2433/dac227/FlatCFM/.venv/lib/python3.12/site-packages/anndata/_core/anndata.py:1811: UserWarning: Observation names are not unique. To make them unique, call `.obs_names_make_unique`.
  utils.warn_names_duplicates("obs")
/nfs/roberts/project/pi_sk2433/dac227/FlatCFM/.venv/lib/python3.12/site-packages/anndata/_core/anndata.py:1811: UserWarning: Observation names are not unique. To make them unique, call `.obs_names_make_unique`.
  utils.warn_names_duplicates("obs")
/nfs/roberts/project/pi_sk2433/dac227/FlatCFM/.venv/lib/python3.12/site-packages/anndata/_core/anndata.py:1811: UserWarning: Observation names are not unique. To make them unique, call `.obs_names_make_unique`.
  utils.warn_names_duplicates("obs")
/nfs/roberts/project/pi_sk2433/dac227/FlatCFM/.venv/lib/python3.12/site-packages/anndata/_core/anndata.py:1811: UserWarning: Observation names are not unique. To make them unique, call `.obs_names_make_unique`.
  utils.warn_names_duplicates("obs")
/nfs/roberts/project/pi_sk2433/dac227/FlatCFM/.venv/lib/python3.12/site-packages/anndata/_core/anndata.py:1811: UserWarning: Observation names are not unique. To make them unique, call `.obs_names_make_unique`.
  utils.warn_names_duplicates("obs")
/nfs/roberts/project/pi_sk2433/dac227/FlatCFM/.venv/lib/python3.12/site-packages/anndata/_core/anndata.py:1811: UserWarning: Observation names are not unique. To make them unique, call `.obs_names_make_unique`.
  utils.warn_names_duplicates("obs")
/nfs/roberts/project/pi_sk2433/dac227/FlatCFM/.venv/lib/python3.12/site-packages/anndata/_core/anndata.py:1811: UserWarning: Observation names are not unique. To make them unique, call `.obs_names_make_unique`.
  utils.warn_names_duplicates("obs")
/nfs/roberts/project/pi_sk2433/dac227/FlatCFM/.venv/lib/python3.12/site-packages/anndata/_core/anndata.py:1811: UserWarning: Observation names are not unique. To make them unique, call `.obs_names_make_unique`.
  utils.warn_names_duplicates("obs")
/nfs/roberts/project/pi_sk2433/dac227/FlatCFM/.venv/lib/python3.12/site-packages/anndata/_core/anndata.py:1811: UserWarning: Observation names are not unique. To make them unique, call `.obs_names_make_unique`.
  utils.warn_names_duplicates("obs")
/nfs/roberts/project/pi_sk2433/dac227/FlatCFM/.venv/lib/python3.12/site-packages/anndata/_core/anndata.py:1811: UserWarning: Observation names are not unique. To make them unique, call `.obs_names_make_unique`.
  utils.warn_names_duplicates("obs")
/nfs/roberts/project/pi_sk2433/dac227/FlatCFM/.venv/lib/python3.12/site-packages/anndata/_core/anndata.py:1811: UserWarning: Observation names are not unique. To make them unique, call `.obs_names_make_unique`.
  utils.warn_names_duplicates("obs")
/nfs/roberts/project/pi_sk2433/dac227/FlatCFM/.venv/lib/python3.12/site-packages/anndata/_core/anndata.py:1811: UserWarning: Observation names are not unique. To make them unique, call `.obs_names_make_unique`.
  utils.warn_names_duplicates("obs")
/nfs/roberts/project/pi_sk2433/dac227/FlatCFM/.venv/lib/python3.12/site-packages/anndata/_core/anndata.py:1811: UserWarning: Observation names are not unique. To make them unique, call `.obs_names_make_unique`.
  utils.warn_names_duplicates("obs")
/nfs/roberts/project/pi_sk2433/dac227/FlatCFM/.venv/lib/python3.12/site-packages/anndata/_core/anndata.py:1811: UserWarning: Observation names are not unique. To make them unique, call `.obs_names_make_unique`.
  utils.warn_names_duplicates("obs")
/nfs/roberts/project/pi_sk2433/dac227/FlatCFM/.venv/lib/python3.12/site-packages/anndata/_core/anndata.py:1811: UserWarning: Observation names are not unique. To make them unique, call `.obs_names_make_unique`.
  utils.warn_names_duplicates("obs")
/nfs/roberts/project/pi_sk2433/dac227/FlatCFM/.venv/lib/python3.12/site-packages/anndata/_core/anndata.py:1811: UserWarning: Observation names are not unique. To make them unique, call `.obs_names_make_unique`.
  utils.warn_names_duplicates("obs")
/nfs/roberts/project/pi_sk2433/dac227/FlatCFM/.venv/lib/python3.12/site-packages/anndata/_core/anndata.py:1811: UserWarning: Observation names are not unique. To make them unique, call `.obs_names_make_unique`.
  utils.warn_names_duplicates("obs")
/nfs/roberts/project/pi_sk2433/dac227/FlatCFM/.venv/lib/python3.12/site-packages/anndata/_core/anndata.py:1811: UserWarning: Observation names are not unique. To make them unique, call `.obs_names_make_unique`.
  utils.warn_names_duplicates("obs")
/nfs/roberts/project/pi_sk2433/dac227/FlatCFM/.venv/lib/python3.12/site-packages/anndata/_core/anndata.py:1811: UserWarning: Observation names are not unique. To make them unique, call `.obs_names_make_unique`.
  utils.warn_names_duplicates("obs")
/nfs/roberts/project/pi_sk2433/dac227/FlatCFM/.venv/lib/python3.12/site-packages/anndata/_core/anndata.py:1811: UserWarning: Observation names are not unique. To make them unique, call `.obs_names_make_unique`.
  utils.warn_names_duplicates("obs")
/nfs/roberts/project/pi_sk2433/dac227/FlatCFM/.venv/lib/python3.12/site-packages/anndata/_core/anndata.py:1811: UserWarning: Observation names are not unique. To make them unique, call `.obs_names_make_unique`.
  utils.warn_names_duplicates("obs")
/nfs/roberts/project/pi_sk2433/dac227/FlatCFM/.venv/lib/python3.12/site-packages/anndata/_core/anndata.py:1811: UserWarning: Observation names are not unique. To make them unique, call `.obs_names_make_unique`.
  utils.warn_names_duplicates("obs")
/nfs/roberts/project/pi_sk2433/dac227/FlatCFM/.venv/lib/python3.12/site-packages/anndata/_core/anndata.py:1811: UserWarning: Observation names are not unique. To make them unique, call `.obs_names_make_unique`.
  utils.warn_names_duplicates("obs")
/nfs/roberts/project/pi_sk2433/dac227/FlatCFM/.venv/lib/python3.12/site-packages/anndata/_core/anndata.py:1811: UserWarning: Observation names are not unique. To make them unique, call `.obs_names_make_unique`.
  utils.warn_names_duplicates("obs")
/nfs/roberts/project/pi_sk2433/dac227/FlatCFM/.venv/lib/python3.12/site-packages/anndata/_core/anndata.py:1811: UserWarning: Observation names are not unique. To make them unique, call `.obs_names_make_unique`.
  utils.warn_names_duplicates("obs")
/nfs/roberts/project/pi_sk2433/dac227/FlatCFM/.venv/lib/python3.12/site-packages/anndata/_core/anndata.py:1811: UserWarning: Observation names are not unique. To make them unique, call `.obs_names_make_unique`.
  utils.warn_names_duplicates("obs")
/nfs/roberts/project/pi_sk2433/dac227/FlatCFM/.venv/lib/python3.12/site-packages/anndata/_core/anndata.py:1811: UserWarning: Observation names are not unique. To make them unique, call `.obs_names_make_unique`.
  utils.warn_names_duplicates("obs")
/nfs/roberts/project/pi_sk2433/dac227/FlatCFM/.venv/lib/python3.12/site-packages/anndata/_core/anndata.py:1811: UserWarning: Observation names are not unique. To make them unique, call `.obs_names_make_unique`.
  utils.warn_names_duplicates("obs")
/nfs/roberts/project/pi_sk2433/dac227/FlatCFM/.venv/lib/python3.12/site-packages/anndata/_core/anndata.py:1811: UserWarning: Observation names are not unique. To make them unique, call `.obs_names_make_unique`.
  utils.warn_names_duplicates("obs")
/nfs/roberts/project/pi_sk2433/dac227/FlatCFM/.venv/lib/python3.12/site-packages/anndata/_core/anndata.py:1811: UserWarning: Observation names are not unique. To make them unique, call `.obs_names_make_unique`.
  utils.warn_names_duplicates("obs")
/nfs/roberts/project/pi_sk2433/dac227/FlatCFM/.venv/lib/python3.12/site-packages/anndata/_core/anndata.py:1811: UserWarning: Observation names are not unique. To make them unique, call `.obs_names_make_unique`.
  utils.warn_names_duplicates("obs")
/nfs/roberts/project/pi_sk2433/dac227/FlatCFM/.venv/lib/python3.12/site-packages/anndata/_core/anndata.py:1811: UserWarning: Observation names are not unique. To make them unique, call `.obs_names_make_unique`.
  utils.warn_names_duplicates("obs")
/nfs/roberts/project/pi_sk2433/dac227/FlatCFM/.venv/lib/python3.12/site-packages/anndata/_core/anndata.py:1811: UserWarning: Observation names are not unique. To make them unique, call `.obs_names_make_unique`.
  utils.warn_names_duplicates("obs")
/nfs/roberts/project/pi_sk2433/dac227/FlatCFM/.venv/lib/python3.12/site-packages/anndata/_core/anndata.py:1811: UserWarning: Observation names are not unique. To make them unique, call `.obs_names_make_unique`.
  utils.warn_names_duplicates("obs")
/nfs/roberts/project/pi_sk2433/dac227/FlatCFM/.venv/lib/python3.12/site-packages/torch/cuda/__init__.py:1007: UserWarning: Can't initialize NVML
  raw_cnt = _raw_device_count_nvml()
/nfs/roberts/project/pi_sk2433/dac227/FlatCFM/.venv/lib/python3.12/site-packages/anndata/_core/anndata.py:1811: UserWarning: Observation names are not unique. To make them unique, call `.obs_names_make_unique`.
  utils.warn_names_duplicates("obs")
/nfs/roberts/project/pi_sk2433/dac227/FlatCFM/.venv/lib/python3.12/site-packages/anndata/_core/anndata.py:1811: UserWarning: Observation names are not unique. To make them unique, call `.obs_names_make_unique`.
  utils.warn_names_duplicates("obs")
/nfs/roberts/project/pi_sk2433/dac227/FlatCFM/.venv/lib/python3.12/site-packages/anndata/_core/anndata.py:1811: UserWarning: Observation names are not unique. To make them unique, call `.obs_names_make_unique`.
  utils.warn_names_duplicates("obs")
/nfs/roberts/project/pi_sk2433/dac227/FlatCFM/.venv/lib/python3.12/site-packages/anndata/_core/anndata.py:1811: UserWarning: Observation names are not unique. To make them unique, call `.obs_names_make_unique`.
  utils.warn_names_duplicates("obs")
/nfs/roberts/project/pi_sk2433/dac227/FlatCFM/.venv/lib/python3.12/site-packages/anndata/_core/anndata.py:1811: UserWarning: Observation names are not unique. To make them unique, call `.obs_names_make_unique`.
  utils.warn_names_duplicates("obs")
/nfs/roberts/project/pi_sk2433/dac227/FlatCFM/.venv/lib/python3.12/site-packages/anndata/_core/anndata.py:1811: UserWarning: Observation names are not unique. To make them unique, call `.obs_names_make_unique`.
  utils.warn_names_duplicates("obs")
/nfs/roberts/project/pi_sk2433/dac227/FlatCFM/.venv/lib/python3.12/site-packages/anndata/_core/anndata.py:1811: UserWarning: Observation names are not unique. To make them unique, call `.obs_names_make_unique`.
  utils.warn_names_duplicates("obs")
/nfs/roberts/project/pi_sk2433/dac227/FlatCFM/.venv/lib/python3.12/site-packages/anndata/_core/anndata.py:1811: UserWarning: Observation names are not unique. To make them unique, call `.obs_names_make_unique`.
  utils.warn_names_duplicates("obs")
/nfs/roberts/project/pi_sk2433/dac227/FlatCFM/.venv/lib/python3.12/site-packages/torch/cuda/__init__.py:1007: UserWarning: Can't initialize NVML
  raw_cnt = _raw_device_count_nvml()
/nfs/roberts/project/pi_sk2433/dac227/FlatCFM/.venv/lib/python3.12/site-packages/anndata/_core/anndata.py:1811: UserWarning: Observation names are not unique. To make them unique, call `.obs_names_make_unique`.
  utils.warn_names_duplicates("obs")
/nfs/roberts/project/pi_sk2433/dac227/FlatCFM/.venv/lib/python3.12/site-packages/anndata/_core/anndata.py:1811: UserWarning: Observation names are not unique. To make them unique, call `.obs_names_make_unique`.
  utils.warn_names_duplicates("obs")
/nfs/roberts/project/pi_sk2433/dac227/FlatCFM/.venv/lib/python3.12/site-packages/anndata/_core/anndata.py:1811: UserWarning: Observation names are not unique. To make them unique, call `.obs_names_make_unique`.
  utils.warn_names_duplicates("obs")
/nfs/roberts/project/pi_sk2433/dac227/FlatCFM/.venv/lib/python3.12/site-packages/anndata/_core/anndata.py:1811: UserWarning: Observation names are not unique. To make them unique, call `.obs_names_make_unique`.
  utils.warn_names_duplicates("obs")
/nfs/roberts/project/pi_sk2433/dac227/FlatCFM/.venv/lib/python3.12/site-packages/anndata/_core/anndata.py:1811: UserWarning: Observation names are not unique. To make them unique, call `.obs_names_make_unique`.
  utils.warn_names_duplicates("obs")
/nfs/roberts/project/pi_sk2433/dac227/FlatCFM/.venv/lib/python3.12/site-packages/anndata/_core/anndata.py:1811: UserWarning: Observation names are not unique. To make them unique, call `.obs_names_make_unique`.
  utils.warn_names_duplicates("obs")
/nfs/roberts/project/pi_sk2433/dac227/FlatCFM/.venv/lib/python3.12/site-packages/anndata/_core/anndata.py:1811: UserWarning: Observation names are not unique. To make them unique, call `.obs_names_make_unique`.
  utils.warn_names_duplicates("obs")
/nfs/roberts/project/pi_sk2433/dac227/FlatCFM/.venv/lib/python3.12/site-packages/anndata/_core/anndata.py:1811: UserWarning: Observation names are not unique. To make them unique, call `.obs_names_make_unique`.
  utils.warn_names_duplicates("obs")
/nfs/roberts/project/pi_sk2433/dac227/FlatCFM/.venv/lib/python3.12/site-packages/torch/cuda/__init__.py:1007: UserWarning: Can't initialize NVML
  raw_cnt = _raw_device_count_nvml()
/nfs/roberts/project/pi_sk2433/dac227/FlatCFM/.venv/lib/python3.12/site-packages/anndata/_core/anndata.py:1811: UserWarning: Observation names are not unique. To make them unique, call `.obs_names_make_unique`.
  utils.warn_names_duplicates("obs")
/nfs/roberts/project/pi_sk2433/dac227/FlatCFM/.venv/lib/python3.12/site-packages/anndata/_core/anndata.py:1811: UserWarning: Observation names are not unique. To make them unique, call `.obs_names_make_unique`.
  utils.warn_names_duplicates("obs")
/nfs/roberts/project/pi_sk2433/dac227/FlatCFM/.venv/lib/python3.12/site-packages/anndata/_core/anndata.py:1811: UserWarning: Observation names are not unique. To make them unique, call `.obs_names_make_unique`.
  utils.warn_names_duplicates("obs")
/nfs/roberts/project/pi_sk2433/dac227/FlatCFM/.venv/lib/python3.12/site-packages/anndata/_core/anndata.py:1811: UserWarning: Observation names are not unique. To make them unique, call `.obs_names_make_unique`.
  utils.warn_names_duplicates("obs")
/nfs/roberts/project/pi_sk2433/dac227/FlatCFM/.venv/lib/python3.12/site-packages/anndata/_core/anndata.py:1811: UserWarning: Observation names are not unique. To make them unique, call `.obs_names_make_unique`.
  utils.warn_names_duplicates("obs")
/nfs/roberts/project/pi_sk2433/dac227/FlatCFM/.venv/lib/python3.12/site-packages/anndata/_core/anndata.py:1811: UserWarning: Observation names are not unique. To make them unique, call `.obs_names_make_unique`.
  utils.warn_names_duplicates("obs")
/nfs/roberts/project/pi_sk2433/dac227/FlatCFM/.venv/lib/python3.12/site-packages/anndata/_core/anndata.py:1811: UserWarning: Observation names are not unique. To make them unique, call `.obs_names_make_unique`.
  utils.warn_names_duplicates("obs")
/nfs/roberts/project/pi_sk2433/dac227/FlatCFM/.venv/lib/python3.12/site-packages/anndata/_core/anndata.py:1811: UserWarning: Observation names are not unique. To make them unique, call `.obs_names_make_unique`.
  utils.warn_names_duplicates("obs")
/nfs/roberts/project/pi_sk2433/dac227/FlatCFM/.venv/lib/python3.12/site-packages/torch/cuda/__init__.py:1007: UserWarning: Can't initialize NVML
  raw_cnt = _raw_device_count_nvml()
/nfs/roberts/project/pi_sk2433/dac227/FlatCFM/.venv/lib/python3.12/site-packages/anndata/_core/anndata.py:1811: UserWarning: Observation names are not unique. To make them unique, call `.obs_names_make_unique`.
  utils.warn_names_duplicates("obs")
/nfs/roberts/project/pi_sk2433/dac227/FlatCFM/.venv/lib/python3.12/site-packages/anndata/_core/anndata.py:1811: UserWarning: Observation names are not unique. To make them unique, call `.obs_names_make_unique`.
  utils.warn_names_duplicates("obs")
/nfs/roberts/project/pi_sk2433/dac227/FlatCFM/.venv/lib/python3.12/site-packages/anndata/_core/anndata.py:1811: UserWarning: Observation names are not unique. To make them unique, call `.obs_names_make_unique`.
  utils.warn_names_duplicates("obs")
/nfs/roberts/project/pi_sk2433/dac227/FlatCFM/.venv/lib/python3.12/site-packages/anndata/_core/anndata.py:1811: UserWarning: Observation names are not unique. To make them unique, call `.obs_names_make_unique`.
  utils.warn_names_duplicates("obs")
/nfs/roberts/project/pi_sk2433/dac227/FlatCFM/.venv/lib/python3.12/site-packages/anndata/_core/anndata.py:1811: UserWarning: Observation names are not unique. To make them unique, call `.obs_names_make_unique`.
  utils.warn_names_duplicates("obs")
/nfs/roberts/project/pi_sk2433/dac227/FlatCFM/.venv/lib/python3.12/site-packages/anndata/_core/anndata.py:1811: UserWarning: Observation names are not unique. To make them unique, call `.obs_names_make_unique`.
  utils.warn_names_duplicates("obs")
/nfs/roberts/project/pi_sk2433/dac227/FlatCFM/.venv/lib/python3.12/site-packages/anndata/_core/anndata.py:1811: UserWarning: Observation names are not unique. To make them unique, call `.obs_names_make_unique`.
  utils.warn_names_duplicates("obs")
/nfs/roberts/project/pi_sk2433/dac227/FlatCFM/.venv/lib/python3.12/site-packages/anndata/_core/anndata.py:1811: UserWarning: Observation names are not unique. To make them unique, call `.obs_names_make_unique`.
  utils.warn_names_duplicates("obs")
/nfs/roberts/project/pi_sk2433/dac227/FlatCFM/.venv/lib/python3.12/site-packages/torch/cuda/__init__.py:1007: UserWarning: Can't initialize NVML
  raw_cnt = _raw_device_count_nvml()
/nfs/roberts/project/pi_sk2433/dac227/FlatCFM/.venv/lib/python3.12/site-packages/anndata/_core/anndata.py:1811: UserWarning: Observation names are not unique. To make them unique, call `.obs_names_make_unique`.
  utils.warn_names_duplicates("obs")
/nfs/roberts/project/pi_sk2433/dac227/FlatCFM/.venv/lib/python3.12/site-packages/anndata/_core/anndata.py:1811: UserWarning: Observation names are not unique. To make them unique, call `.obs_names_make_unique`.
  utils.warn_names_duplicates("obs")
/nfs/roberts/project/pi_sk2433/dac227/FlatCFM/.venv/lib/python3.12/site-packages/anndata/_core/anndata.py:1811: UserWarning: Observation names are not unique. To make them unique, call `.obs_names_make_unique`.
  utils.warn_names_duplicates("obs")
/nfs/roberts/project/pi_sk2433/dac227/FlatCFM/.venv/lib/python3.12/site-packages/anndata/_core/anndata.py:1811: UserWarning: Observation names are not unique. To make them unique, call `.obs_names_make_unique`.
  utils.warn_names_duplicates("obs")
/nfs/roberts/project/pi_sk2433/dac227/FlatCFM/.venv/lib/python3.12/site-packages/anndata/_core/anndata.py:1811: UserWarning: Observation names are not unique. To make them unique, call `.obs_names_make_unique`.
  utils.warn_names_duplicates("obs")
/nfs/roberts/project/pi_sk2433/dac227/FlatCFM/.venv/lib/python3.12/site-packages/anndata/_core/anndata.py:1811: UserWarning: Observation names are not unique. To make them unique, call `.obs_names_make_unique`.
  utils.warn_names_duplicates("obs")
/nfs/roberts/project/pi_sk2433/dac227/FlatCFM/.venv/lib/python3.12/site-packages/anndata/_core/anndata.py:1811: UserWarning: Observation names are not unique. To make them unique, call `.obs_names_make_unique`.
  utils.warn_names_duplicates("obs")
/nfs/roberts/project/pi_sk2433/dac227/FlatCFM/.venv/lib/python3.12/site-packages/anndata/_core/anndata.py:1811: UserWarning: Observation names are not unique. To make them unique, call `.obs_names_make_unique`.
  utils.warn_names_duplicates("obs")
/nfs/roberts/project/pi_sk2433/dac227/FlatCFM/.venv/lib/python3.12/site-packages/torch/cuda/__init__.py:1007: UserWarning: Can't initialize NVML
  raw_cnt = _raw_device_count_nvml()
/nfs/roberts/project/pi_sk2433/dac227/FlatCFM/.venv/lib/python3.12/site-packages/anndata/_core/anndata.py:1811: UserWarning: Observation names are not unique. To make them unique, call `.obs_names_make_unique`.
  utils.warn_names_duplicates("obs")
/nfs/roberts/project/pi_sk2433/dac227/FlatCFM/.venv/lib/python3.12/site-packages/anndata/_core/anndata.py:1811: UserWarning: Observation names are not unique. To make them unique, call `.obs_names_make_unique`.
  utils.warn_names_duplicates("obs")
/nfs/roberts/project/pi_sk2433/dac227/FlatCFM/.venv/lib/python3.12/site-packages/anndata/_core/anndata.py:1811: UserWarning: Observation names are not unique. To make them unique, call `.obs_names_make_unique`.
  utils.warn_names_duplicates("obs")
/nfs/roberts/project/pi_sk2433/dac227/FlatCFM/.venv/lib/python3.12/site-packages/anndata/_core/anndata.py:1811: UserWarning: Observation names are not unique. To make them unique, call `.obs_names_make_unique`.
  utils.warn_names_duplicates("obs")
/nfs/roberts/project/pi_sk2433/dac227/FlatCFM/.venv/lib/python3.12/site-packages/anndata/_core/anndata.py:1811: UserWarning: Observation names are not unique. To make them unique, call `.obs_names_make_unique`.
  utils.warn_names_duplicates("obs")
/nfs/roberts/project/pi_sk2433/dac227/FlatCFM/.venv/lib/python3.12/site-packages/anndata/_core/anndata.py:1811: UserWarning: Observation names are not unique. To make them unique, call `.obs_names_make_unique`.
  utils.warn_names_duplicates("obs")
/nfs/roberts/project/pi_sk2433/dac227/FlatCFM/.venv/lib/python3.12/site-packages/anndata/_core/anndata.py:1811: UserWarning: Observation names are not unique. To make them unique, call `.obs_names_make_unique`.
  utils.warn_names_duplicates("obs")
/nfs/roberts/project/pi_sk2433/dac227/FlatCFM/.venv/lib/python3.12/site-packages/anndata/_core/anndata.py:1811: UserWarning: Observation names are not unique. To make them unique, call `.obs_names_make_unique`.
  utils.warn_names_duplicates("obs")
/nfs/roberts/project/pi_sk2433/dac227/FlatCFM/.venv/lib/python3.12/site-packages/torch/cuda/__init__.py:1007: UserWarning: Can't initialize NVML
  raw_cnt = _raw_device_count_nvml()
/nfs/roberts/project/pi_sk2433/dac227/FlatCFM/.venv/lib/python3.12/site-packages/anndata/_core/anndata.py:1811: UserWarning: Observation names are not unique. To make them unique, call `.obs_names_make_unique`.
  utils.warn_names_duplicates("obs")
/nfs/roberts/project/pi_sk2433/dac227/FlatCFM/.venv/lib/python3.12/site-packages/anndata/_core/anndata.py:1811: UserWarning: Observation names are not unique. To make them unique, call `.obs_names_make_unique`.
  utils.warn_names_duplicates("obs")
/nfs/roberts/project/pi_sk2433/dac227/FlatCFM/.venv/lib/python3.12/site-packages/anndata/_core/anndata.py:1811: UserWarning: Observation names are not unique. To make them unique, call `.obs_names_make_unique`.
  utils.warn_names_duplicates("obs")
/nfs/roberts/project/pi_sk2433/dac227/FlatCFM/.venv/lib/python3.12/site-packages/anndata/_core/anndata.py:1811: UserWarning: Observation names are not unique. To make them unique, call `.obs_names_make_unique`.
  utils.warn_names_duplicates("obs")
/nfs/roberts/project/pi_sk2433/dac227/FlatCFM/.venv/lib/python3.12/site-packages/anndata/_core/anndata.py:1811: UserWarning: Observation names are not unique. To make them unique, call `.obs_names_make_unique`.
  utils.warn_names_duplicates("obs")
/nfs/roberts/project/pi_sk2433/dac227/FlatCFM/.venv/lib/python3.12/site-packages/anndata/_core/anndata.py:1811: UserWarning: Observation names are not unique. To make them unique, call `.obs_names_make_unique`.
  utils.warn_names_duplicates("obs")
/nfs/roberts/project/pi_sk2433/dac227/FlatCFM/.venv/lib/python3.12/site-packages/anndata/_core/anndata.py:1811: UserWarning: Observation names are not unique. To make them unique, call `.obs_names_make_unique`.
  utils.warn_names_duplicates("obs")
/nfs/roberts/project/pi_sk2433/dac227/FlatCFM/.venv/lib/python3.12/site-packages/anndata/_core/anndata.py:1811: UserWarning: Observation names are not unique. To make them unique, call `.obs_names_make_unique`.
  utils.warn_names_duplicates("obs")
/nfs/roberts/project/pi_sk2433/dac227/FlatCFM/.venv/lib/python3.12/site-packages/torch/cuda/__init__.py:1007: UserWarning: Can't initialize NVML
  raw_cnt = _raw_device_count_nvml()
/nfs/roberts/project/pi_sk2433/dac227/FlatCFM/.venv/lib/python3.12/site-packages/anndata/_core/anndata.py:1811: UserWarning: Observation names are not unique. To make them unique, call `.obs_names_make_unique`.
  utils.warn_names_duplicates("obs")
/nfs/roberts/project/pi_sk2433/dac227/FlatCFM/.venv/lib/python3.12/site-packages/anndata/_core/anndata.py:1811: UserWarning: Observation names are not unique. To make them unique, call `.obs_names_make_unique`.
  utils.warn_names_duplicates("obs")
/nfs/roberts/project/pi_sk2433/dac227/FlatCFM/.venv/lib/python3.12/site-packages/anndata/_core/anndata.py:1811: UserWarning: Observation names are not unique. To make them unique, call `.obs_names_make_unique`.
  utils.warn_names_duplicates("obs")
/nfs/roberts/project/pi_sk2433/dac227/FlatCFM/.venv/lib/python3.12/site-packages/anndata/_core/anndata.py:1811: UserWarning: Observation names are not unique. To make them unique, call `.obs_names_make_unique`.
  utils.warn_names_duplicates("obs")
/nfs/roberts/project/pi_sk2433/dac227/FlatCFM/.venv/lib/python3.12/site-packages/anndata/_core/anndata.py:1811: UserWarning: Observation names are not unique. To make them unique, call `.obs_names_make_unique`.
  utils.warn_names_duplicates("obs")
/nfs/roberts/project/pi_sk2433/dac227/FlatCFM/.venv/lib/python3.12/site-packages/anndata/_core/anndata.py:1811: UserWarning: Observation names are not unique. To make them unique, call `.obs_names_make_unique`.
  utils.warn_names_duplicates("obs")
/nfs/roberts/project/pi_sk2433/dac227/FlatCFM/.venv/lib/python3.12/site-packages/anndata/_core/anndata.py:1811: UserWarning: Observation names are not unique. To make them unique, call `.obs_names_make_unique`.
  utils.warn_names_duplicates("obs")
/nfs/roberts/project/pi_sk2433/dac227/FlatCFM/.venv/lib/python3.12/site-packages/anndata/_core/anndata.py:1811: UserWarning: Observation names are not unique. To make them unique, call `.obs_names_make_unique`.
  utils.warn_names_duplicates("obs")
/nfs/roberts/project/pi_sk2433/dac227/FlatCFM/.venv/lib/python3.12/site-packages/torch/cuda/__init__.py:1007: UserWarning: Can't initialize NVML
  raw_cnt = _raw_device_count_nvml()
/nfs/roberts/project/pi_sk2433/dac227/FlatCFM/.venv/lib/python3.12/site-packages/anndata/_core/anndata.py:1811: UserWarning: Observation names are not unique. To make them unique, call `.obs_names_make_unique`.
  utils.warn_names_duplicates("obs")
/nfs/roberts/project/pi_sk2433/dac227/FlatCFM/.venv/lib/python3.12/site-packages/anndata/_core/anndata.py:1811: UserWarning: Observation names are not unique. To make them unique, call `.obs_names_make_unique`.
  utils.warn_names_duplicates("obs")
/nfs/roberts/project/pi_sk2433/dac227/FlatCFM/.venv/lib/python3.12/site-packages/anndata/_core/anndata.py:1811: UserWarning: Observation names are not unique. To make them unique, call `.obs_names_make_unique`.
  utils.warn_names_duplicates("obs")
/nfs/roberts/project/pi_sk2433/dac227/FlatCFM/.venv/lib/python3.12/site-packages/anndata/_core/anndata.py:1811: UserWarning: Observation names are not unique. To make them unique, call `.obs_names_make_unique`.
  utils.warn_names_duplicates("obs")
/nfs/roberts/project/pi_sk2433/dac227/FlatCFM/.venv/lib/python3.12/site-packages/anndata/_core/anndata.py:1811: UserWarning: Observation names are not unique. To make them unique, call `.obs_names_make_unique`.
  utils.warn_names_duplicates("obs")
/nfs/roberts/project/pi_sk2433/dac227/FlatCFM/.venv/lib/python3.12/site-packages/anndata/_core/anndata.py:1811: UserWarning: Observation names are not unique. To make them unique, call `.obs_names_make_unique`.
  utils.warn_names_duplicates("obs")
/nfs/roberts/project/pi_sk2433/dac227/FlatCFM/.venv/lib/python3.12/site-packages/anndata/_core/anndata.py:1811: UserWarning: Observation names are not unique. To make them unique, call `.obs_names_make_unique`.
  utils.warn_names_duplicates("obs")
/nfs/roberts/project/pi_sk2433/dac227/FlatCFM/.venv/lib/python3.12/site-packages/anndata/_core/anndata.py:1811: UserWarning: Observation names are not unique. To make them unique, call `.obs_names_make_unique`.
  utils.warn_names_duplicates("obs")
/nfs/roberts/project/pi_sk2433/dac227/FlatCFM/.venv/lib/python3.12/site-packages/torch/cuda/__init__.py:1007: UserWarning: Can't initialize NVML
  raw_cnt = _raw_device_count_nvml()
/nfs/roberts/project/pi_sk2433/dac227/FlatCFM/.venv/lib/python3.12/site-packages/anndata/_core/anndata.py:1811: UserWarning: Observation names are not unique. To make them unique, call `.obs_names_make_unique`.
  utils.warn_names_duplicates("obs")
/nfs/roberts/project/pi_sk2433/dac227/FlatCFM/.venv/lib/python3.12/site-packages/anndata/_core/anndata.py:1811: UserWarning: Observation names are not unique. To make them unique, call `.obs_names_make_unique`.
  utils.warn_names_duplicates("obs")
/nfs/roberts/project/pi_sk2433/dac227/FlatCFM/.venv/lib/python3.12/site-packages/anndata/_core/anndata.py:1811: UserWarning: Observation names are not unique. To make them unique, call `.obs_names_make_unique`.
  utils.warn_names_duplicates("obs")
/nfs/roberts/project/pi_sk2433/dac227/FlatCFM/.venv/lib/python3.12/site-packages/anndata/_core/anndata.py:1811: UserWarning: Observation names are not unique. To make them unique, call `.obs_names_make_unique`.
  utils.warn_names_duplicates("obs")
/nfs/roberts/project/pi_sk2433/dac227/FlatCFM/.venv/lib/python3.12/site-packages/anndata/_core/anndata.py:1811: UserWarning: Observation names are not unique. To make them unique, call `.obs_names_make_unique`.
  utils.warn_names_duplicates("obs")
/nfs/roberts/project/pi_sk2433/dac227/FlatCFM/.venv/lib/python3.12/site-packages/anndata/_core/anndata.py:1811: UserWarning: Observation names are not unique. To make them unique, call `.obs_names_make_unique`.
  utils.warn_names_duplicates("obs")
/nfs/roberts/project/pi_sk2433/dac227/FlatCFM/.venv/lib/python3.12/site-packages/anndata/_core/anndata.py:1811: UserWarning: Observation names are not unique. To make them unique, call `.obs_names_make_unique`.
  utils.warn_names_duplicates("obs")
/nfs/roberts/project/pi_sk2433/dac227/FlatCFM/.venv/lib/python3.12/site-packages/anndata/_core/anndata.py:1811: UserWarning: Observation names are not unique. To make them unique, call `.obs_names_make_unique`.
  utils.warn_names_duplicates("obs")
/nfs/roberts/project/pi_sk2433/dac227/FlatCFM/.venv/lib/python3.12/site-packages/torch/cuda/__init__.py:1007: UserWarning: Can't initialize NVML
  raw_cnt = _raw_device_count_nvml()
/nfs/roberts/project/pi_sk2433/dac227/FlatCFM/.venv/lib/python3.12/site-packages/anndata/_core/anndata.py:1811: UserWarning: Observation names are not unique. To make them unique, call `.obs_names_make_unique`.
  utils.warn_names_duplicates("obs")
/nfs/roberts/project/pi_sk2433/dac227/FlatCFM/.venv/lib/python3.12/site-packages/anndata/_core/anndata.py:1811: UserWarning: Observation names are not unique. To make them unique, call `.obs_names_make_unique`.
  utils.warn_names_duplicates("obs")
/nfs/roberts/project/pi_sk2433/dac227/FlatCFM/.venv/lib/python3.12/site-packages/anndata/_core/anndata.py:1811: UserWarning: Observation names are not unique. To make them unique, call `.obs_names_make_unique`.
  utils.warn_names_duplicates("obs")
/nfs/roberts/project/pi_sk2433/dac227/FlatCFM/.venv/lib/python3.12/site-packages/anndata/_core/anndata.py:1811: UserWarning: Observation names are not unique. To make them unique, call `.obs_names_make_unique`.
  utils.warn_names_duplicates("obs")
/nfs/roberts/project/pi_sk2433/dac227/FlatCFM/.venv/lib/python3.12/site-packages/anndata/_core/anndata.py:1811: UserWarning: Observation names are not unique. To make them unique, call `.obs_names_make_unique`.
  utils.warn_names_duplicates("obs")
/nfs/roberts/project/pi_sk2433/dac227/FlatCFM/.venv/lib/python3.12/site-packages/anndata/_core/anndata.py:1811: UserWarning: Observation names are not unique. To make them unique, call `.obs_names_make_unique`.
  utils.warn_names_duplicates("obs")
/nfs/roberts/project/pi_sk2433/dac227/FlatCFM/.venv/lib/python3.12/site-packages/anndata/_core/anndata.py:1811: UserWarning: Observation names are not unique. To make them unique, call `.obs_names_make_unique`.
  utils.warn_names_duplicates("obs")
/nfs/roberts/project/pi_sk2433/dac227/FlatCFM/.venv/lib/python3.12/site-packages/anndata/_core/anndata.py:1811: UserWarning: Observation names are not unique. To make them unique, call `.obs_names_make_unique`.
  utils.warn_names_duplicates("obs")
/nfs/roberts/project/pi_sk2433/dac227/FlatCFM/.venv/lib/python3.12/site-packages/torch/cuda/__init__.py:1007: UserWarning: Can't initialize NVML
  raw_cnt = _raw_device_count_nvml()
/nfs/roberts/project/pi_sk2433/dac227/FlatCFM/.venv/lib/python3.12/site-packages/anndata/_core/anndata.py:1811: UserWarning: Observation names are not unique. To make them unique, call `.obs_names_make_unique`.
  utils.warn_names_duplicates("obs")
/nfs/roberts/project/pi_sk2433/dac227/FlatCFM/.venv/lib/python3.12/site-packages/anndata/_core/anndata.py:1811: UserWarning: Observation names are not unique. To make them unique, call `.obs_names_make_unique`.
  utils.warn_names_duplicates("obs")
/nfs/roberts/project/pi_sk2433/dac227/FlatCFM/.venv/lib/python3.12/site-packages/anndata/_core/anndata.py:1811: UserWarning: Observation names are not unique. To make them unique, call `.obs_names_make_unique`.
  utils.warn_names_duplicates("obs")
/nfs/roberts/project/pi_sk2433/dac227/FlatCFM/.venv/lib/python3.12/site-packages/anndata/_core/anndata.py:1811: UserWarning: Observation names are not unique. To make them unique, call `.obs_names_make_unique`.
  utils.warn_names_duplicates("obs")
/nfs/roberts/project/pi_sk2433/dac227/FlatCFM/.venv/lib/python3.12/site-packages/anndata/_core/anndata.py:1811: UserWarning: Observation names are not unique. To make them unique, call `.obs_names_make_unique`.
  utils.warn_names_duplicates("obs")
/nfs/roberts/project/pi_sk2433/dac227/FlatCFM/.venv/lib/python3.12/site-packages/anndata/_core/anndata.py:1811: UserWarning: Observation names are not unique. To make them unique, call `.obs_names_make_unique`.
  utils.warn_names_duplicates("obs")
/nfs/roberts/project/pi_sk2433/dac227/FlatCFM/.venv/lib/python3.12/site-packages/anndata/_core/anndata.py:1811: UserWarning: Observation names are not unique. To make them unique, call `.obs_names_make_unique`.
  utils.warn_names_duplicates("obs")
/nfs/roberts/project/pi_sk2433/dac227/FlatCFM/.venv/lib/python3.12/site-packages/anndata/_core/anndata.py:1811: UserWarning: Observation names are not unique. To make them unique, call `.obs_names_make_unique`.
  utils.warn_names_duplicates("obs")
/nfs/roberts/project/pi_sk2433/dac227/FlatCFM/.venv/lib/python3.12/site-packages/torch/cuda/__init__.py:1007: UserWarning: Can't initialize NVML
  raw_cnt = _raw_device_count_nvml()
anchor run dir: /nfs/roberts/project/pi_sk2433/dac227/FlatCFM/artifacts/runs/sciplex_deg_baseline_no_effect/20260315_210043
n predictors: 13
per group rows: 19500
summary rows: 104

[cell 6/15 #5 t=2742s] display(summary_metrics.head(20))  if summary_metrics.empty:     print("summary ...

[cell 7/15 #6 t=2742s] # poster-ready boxplots larger fonts thicker lines per-model colors # 2x2 grid o...
/tmp/ipykernel_3806377/3729982030.py:258: UserWarning: This figure includes Axes that are not compatible with tight_layout, so results might be incorrect.
  fig.tight_layout(rect=(0, 0.30, 1, 0.94))

[cell 8/15 #7 t=2758s] import numpy as np  # which direction is "best" for each metric metric_lower_is_...

[cell 9/15 #8 t=2758s] # poster-ready dose-stratified boxplots one figure per metric # x-axis groups by...

[cell 10/15 #9 t=2786s] if not per_group_metrics.empty and "product_dose" in per_group_metrics.columns: ...

[cell 11/15 #10 t=2787s] # multi-run aggregate (mean +/- std across training runs with matching config) m...
no multi-run data (each experiment has a single compatible run)

[cell 12/15 #11 t=2787s] # dynamic benchmark results LaTeX table # filters to highest dose aggregates mea...
\begin{table}[ht]
\centering
\caption{Benchmark results at highest dose (10{,}000\,nM) on held-out K562 perturbations. Mean $\pm$ std across perturbations. \textbf{Bold} = best, \underline{underline} = second best per metric.}
\label{tab:benchmark_results}
\resizebox{\textwidth}{!}{%
\begin{tabular}{clcccc}
\toprule
& Model & Mean Gene $W_1$ ($\downarrow$) & $W_2^2$ ($\downarrow$) & Cosine LogFC ($\uparrow$) & MMD ($\downarrow$) \\
\midrule
\multirow{7}{*}{\rotatebox[origin=c]{90}{\textit{Baselines}}} & No Effect & \textbf{0.11 $\pm$ 0.030} & 4085.66 $\pm$ 99.259 & -0.00 $\pm$ 0.033 & \textbf{0.07 $\pm$ 0.070} \\
& Additive & \underline{0.13 $\pm$ 0.030} & 4087.57 $\pm$ 96.395 & 0.02 $\pm$ 0.035 & \underline{0.08 $\pm$ 0.061} \\
& Perturbation Mean & 0.16 $\pm$ 0.041 & 4131.66 $\pm$ 109.558 & 0.03 $\pm$ 0.071 & 0.09 $\pm$ 0.078 \\
& Linear & 0.19 $\pm$ 0.032 & 4296.89 $\pm$ 105.439 & 0.01 $\pm$ 0.079 & 0.33 $\pm$ 0.050 \\
& Decoder & 0.28 $\pm$ 0.005 & 2172.76 $\pm$ 66.391 & \underline{0.18 $\pm$ 0.041} & 0.25 $\pm$ 0.067 \\
& Context Mean & 0.29 $\pm$ 0.005 & 2210.84 $\pm$ 66.565 & 0.10 $\pm$ 0.061 & 0.33 $\pm$ 0.044 \\
& Latent Additive & 0.33 $\pm$ 0.007 & 2570.27 $\pm$ 83.970 & 0.07 $\pm$ 0.075 & 0.58 $\pm$ 0.029 \\
\midrule
\multirow{2}{*}{\rotatebox[origin=c]{90}{\textit{ODE}}} & ODE (MSE AE $d$=512) & 0.23 $\pm$ 0.010 & 2216.97 $\pm$ 107.216 & 0.11 $\pm$ 0.130 & 0.10 $\pm$ 0.073 \\
& ODE (PCA d=16) & 0.24 $\pm$ 0.007 & \textbf{2131.55 $\pm$ 76.414} & \textbf{0.20 $\pm$ 0.109} & 0.11 $\pm$ 0.067 \\
\midrule
\multirow{4}{*}{\rotatebox[origin=c]{90}{\shortstack{\textit{Flow} \\ \textit{Matching}}}} & FM (MSE AE w/ geom reg $w$=1e$-$4) & 0.23 $\pm$ 0.012 & 2225.03 $\pm$ 82.475 & 0.14 $\pm$ 0.126 & 0.08 $\pm$ 0.072 \\
& FM (MSE AE $d$=512) & 0.24 $\pm$ 0.013 & 2185.22 $\pm$ 88.933 & 0.17 $\pm$ 0.146 & 0.08 $\pm$ 0.061 \\
& FM (MSE AE w/ geom reg $w$=10) & 0.25 $\pm$ 0.009 & \underline{2144.20 $\pm$ 80.138} & 0.15 $\pm$ 0.120 & 0.10 $\pm$ 0.073 \\
& FM (PCA d=16) & 0.25 $\pm$ 0.008 & 2148.38 $\pm$ 79.750 & 0.15 $\pm$ 0.128 & 0.08 $\pm$ 0.065 \\
\bottomrule
\end{tabular}%
}
\end{table}

[cell 14/15 #12 t=2787s] # use no_effect baseline W2^2 per group as perturbation effect strength proxy # ...
effect strength (no_effect W2^2) for 375 groups
range: 3827.58 - 4393.08

[cell 15/15 #13 t=2787s] import plotly.express as px  # merge effect strength with per-group metrics pg =...

[run_notebook] all cells executed in 2791s
Traceback (most recent call last):
  File "/nfs/roberts/project/pi_sk2433/dac227/FlatCFM/scripts/run_notebook.py", line 107, in <module>
    main()
  File "/nfs/roberts/project/pi_sk2433/dac227/FlatCFM/scripts/run_notebook.py", line 103, in main
    run(Path(args.notebook).resolve(), kernel_name=args.kernel, timeout=args.timeout)
  File "/nfs/roberts/project/pi_sk2433/dac227/FlatCFM/scripts/run_notebook.py", line 91, in run
    nbformat.write(nb, str(notebook_path))
  File "/nfs/roberts/project/pi_sk2433/dac227/FlatCFM/.venv/lib/python3.12/site-packages/nbformat/__init__.py", line 199, in write
    s = writes(nb, version, capture_validation_error, **kwargs)
        ^^^^^^^^^^^^^^^^^^^^^^^^^^^^^^^^^^^^^^^^^^^^^^^^^^^^^^^
  File "/nfs/roberts/project/pi_sk2433/dac227/FlatCFM/.venv/lib/python3.12/site-packages/nbformat/__init__.py", line 137, in writes
    return versions[version].writes_json(nb, **kwargs)
           ^^^^^^^^^^^^^^^^^^^^^^^^^^^^^^^^^^^^^^^^^^^
  File "/nfs/roberts/project/pi_sk2433/dac227/FlatCFM/.venv/lib/python3.12/site-packages/nbformat/v4/nbjson.py", line 58, in writes
    nb = split_lines(nb)
         ^^^^^^^^^^^^^^^
  File "/nfs/roberts/project/pi_sk2433/dac227/FlatCFM/.venv/lib/python3.12/site-packages/nbformat/v4/rwbase.py", line 88, in split_lines
    if output.output_type in {"execute_result", "display_data"}:
       ^^^^^^^^^^^^^^^^^^
AttributeError: 'dict' object has no attribute 'output_type'
