worker 5 starting
experiment=sciplex/fm_pca_deg
hpo=fm
study=hpo_fm_pca_d16
storage=sqlite:////nfs/roberts/scratch/pi_sk2433/dac227/FlatCFM/artifacts/runs/sweeps/hpo_fm_pca_d16.db
trials_per_worker=20
[2026-04-10 18:18:51,789][HYDRA] Study name: hpo_fm_pca_d16
[2026-04-10 18:18:51,789][HYDRA] Storage: sqlite:////nfs/roberts/scratch/pi_sk2433/dac227/FlatCFM/artifacts/runs/sweeps/hpo_fm_pca_d16.db
[2026-04-10 18:18:51,789][HYDRA] Sampler: TPESampler
[2026-04-10 18:18:51,789][HYDRA] Directions: ['minimize']
[2026-04-10 18:18:52,513][HYDRA] Launching 1 jobs locally
[2026-04-10 18:18:52,513][HYDRA] 	#0 : task.lr=8.103020633747718e-05 task.weight_decay=0.011376889356984268 task.batch_size=1024 task.steps_per_epoch=100 task.use_ot_coupling=False task.flow_noise=0.007978147987996884 model.hidden_dim=512 model.hidden_layers=5 model.dropout=0.13647521200137772 model.condition_dim=128 model.embedding_dim=64 model.projection_dim=32 experiment=sciplex/fm_pca_deg hpo=fm trainer.accelerator=gpu trainer.devices=1 trainer.precision=bf16-mixed trainer.num_workers=4 trainer.pin_memory=True space.projections.0.n_components=16
/nfs/roberts/scratch/pi_sk2433/dac227/FlatCFM/artifacts/runs/sweeps/sciplex_fm_deg_pca/20260410_181851/0
/nfs/roberts/scratch/pi_sk2433/dac227/FlatCFM/artifacts/runs/sweeps/sciplex_fm_deg_pca/20260410_181851/0/checkpoints/best.ckpt
[2026-04-10 18:20:29,384][HYDRA] Launching 1 jobs locally
[2026-04-10 18:20:29,384][HYDRA] 	#1 : task.lr=3.168514850741973e-05 task.weight_decay=1.931897173231108e-06 task.batch_size=1024 task.steps_per_epoch=200 task.use_ot_coupling=True task.ot_reg=0.09490560291405845 task.flow_noise=0.0027735454787143725 model.hidden_dim=128 model.hidden_layers=4 model.dropout=0.15030847463047367 model.condition_dim=256 model.embedding_dim=128 model.projection_dim=64 experiment=sciplex/fm_pca_deg hpo=fm trainer.accelerator=gpu trainer.devices=1 trainer.precision=bf16-mixed trainer.num_workers=4 trainer.pin_memory=True space.projections.0.n_components=16
/nfs/roberts/scratch/pi_sk2433/dac227/FlatCFM/artifacts/runs/sweeps/sciplex_fm_deg_pca/20260410_181851/1
/nfs/roberts/scratch/pi_sk2433/dac227/FlatCFM/artifacts/runs/sweeps/sciplex_fm_deg_pca/20260410_181851/1/checkpoints/best.ckpt
[2026-04-10 18:24:19,720][HYDRA] Launching 1 jobs locally
[2026-04-10 18:24:19,720][HYDRA] 	#2 : task.lr=0.0001618665467033456 task.weight_decay=0.01598738951252199 task.batch_size=512 task.steps_per_epoch=100 task.use_ot_coupling=False task.flow_noise=0.008617374130018195 model.hidden_dim=512 model.hidden_layers=5 model.dropout=0.18614585270309378 model.condition_dim=128 model.embedding_dim=64 model.projection_dim=32 experiment=sciplex/fm_pca_deg hpo=fm trainer.accelerator=gpu trainer.devices=1 trainer.precision=bf16-mixed trainer.num_workers=4 trainer.pin_memory=True space.projections.0.n_components=16
/nfs/roberts/scratch/pi_sk2433/dac227/FlatCFM/artifacts/runs/sweeps/sciplex_fm_deg_pca/20260410_181851/2
/nfs/roberts/scratch/pi_sk2433/dac227/FlatCFM/artifacts/runs/sweeps/sciplex_fm_deg_pca/20260410_181851/2/checkpoints/best.ckpt
[2026-04-10 18:26:03,479][HYDRA] Launching 1 jobs locally
[2026-04-10 18:26:03,479][HYDRA] 	#3 : task.lr=9.188680595648422e-05 task.weight_decay=0.00041830541567856866 task.batch_size=1024 task.steps_per_epoch=100 task.use_ot_coupling=True task.ot_reg=0.4748861623211864 task.flow_noise=0.05412446758551726 model.hidden_dim=512 model.hidden_layers=5 model.dropout=0.09552567353912775 model.condition_dim=128 model.embedding_dim=32 model.projection_dim=64 experiment=sciplex/fm_pca_deg hpo=fm trainer.accelerator=gpu trainer.devices=1 trainer.precision=bf16-mixed trainer.num_workers=4 trainer.pin_memory=True space.projections.0.n_components=16
/nfs/roberts/scratch/pi_sk2433/dac227/FlatCFM/artifacts/runs/sweeps/sciplex_fm_deg_pca/20260410_181851/3
/nfs/roberts/scratch/pi_sk2433/dac227/FlatCFM/artifacts/runs/sweeps/sciplex_fm_deg_pca/20260410_181851/3/checkpoints/best.ckpt
[2026-04-10 18:28:13,704][HYDRA] Launching 1 jobs locally
[2026-04-10 18:28:13,704][HYDRA] 	#4 : task.lr=0.00016062091448379768 task.weight_decay=0.00010094598586229549 task.batch_size=1024 task.steps_per_epoch=200 task.use_ot_coupling=False task.flow_noise=0.004807319529572463 model.hidden_dim=512 model.hidden_layers=4 model.dropout=0.04782518114183969 model.condition_dim=128 model.embedding_dim=128 model.projection_dim=64 experiment=sciplex/fm_pca_deg hpo=fm trainer.accelerator=gpu trainer.devices=1 trainer.precision=bf16-mixed trainer.num_workers=4 trainer.pin_memory=True space.projections.0.n_components=16
/nfs/roberts/scratch/pi_sk2433/dac227/FlatCFM/artifacts/runs/sweeps/sciplex_fm_deg_pca/20260410_181851/4
/nfs/roberts/scratch/pi_sk2433/dac227/FlatCFM/artifacts/runs/sweeps/sciplex_fm_deg_pca/20260410_181851/4/checkpoints/best.ckpt
[2026-04-10 18:30:33,286][HYDRA] Launching 1 jobs locally
[2026-04-10 18:30:33,286][HYDRA] 	#5 : task.lr=8.352130671637811e-05 task.weight_decay=7.80710381514153e-05 task.batch_size=1024 task.steps_per_epoch=100 task.use_ot_coupling=False task.flow_noise=0.004251210277292603 model.hidden_dim=128 model.hidden_layers=6 model.dropout=0.005688992320574744 model.condition_dim=256 model.embedding_dim=128 model.projection_dim=64 experiment=sciplex/fm_pca_deg hpo=fm trainer.accelerator=gpu trainer.devices=1 trainer.precision=bf16-mixed trainer.num_workers=4 trainer.pin_memory=True space.projections.0.n_components=16
/nfs/roberts/scratch/pi_sk2433/dac227/FlatCFM/artifacts/runs/sweeps/sciplex_fm_deg_pca/20260410_181851/5
/nfs/roberts/scratch/pi_sk2433/dac227/FlatCFM/artifacts/runs/sweeps/sciplex_fm_deg_pca/20260410_181851/5/checkpoints/best.ckpt
[2026-04-10 18:32:17,495][HYDRA] Launching 1 jobs locally
[2026-04-10 18:32:17,495][HYDRA] 	#6 : task.lr=6.338946504362259e-05 task.weight_decay=3.842743152639375e-05 task.batch_size=512 task.steps_per_epoch=200 task.use_ot_coupling=False task.flow_noise=0.002766471239153222 model.hidden_dim=256 model.hidden_layers=6 model.dropout=0.03843331969581152 model.condition_dim=256 model.embedding_dim=64 model.projection_dim=64 experiment=sciplex/fm_pca_deg hpo=fm trainer.accelerator=gpu trainer.devices=1 trainer.precision=bf16-mixed trainer.num_workers=4 trainer.pin_memory=True space.projections.0.n_components=16
/nfs/roberts/scratch/pi_sk2433/dac227/FlatCFM/artifacts/runs/sweeps/sciplex_fm_deg_pca/20260410_181851/6
/nfs/roberts/scratch/pi_sk2433/dac227/FlatCFM/artifacts/runs/sweeps/sciplex_fm_deg_pca/20260410_181851/6/checkpoints/best.ckpt
[2026-04-10 18:34:48,819][HYDRA] Launching 1 jobs locally
[2026-04-10 18:34:48,819][HYDRA] 	#7 : task.lr=8.768827696594865e-05 task.weight_decay=0.006014903293793584 task.batch_size=1024 task.steps_per_epoch=200 task.use_ot_coupling=False task.flow_noise=0.087440612823275 model.hidden_dim=512 model.hidden_layers=4 model.dropout=0.07928611070375349 model.condition_dim=256 model.embedding_dim=128 model.projection_dim=32 experiment=sciplex/fm_pca_deg hpo=fm trainer.accelerator=gpu trainer.devices=1 trainer.precision=bf16-mixed trainer.num_workers=4 trainer.pin_memory=True space.projections.0.n_components=16
/nfs/roberts/scratch/pi_sk2433/dac227/FlatCFM/artifacts/runs/sweeps/sciplex_fm_deg_pca/20260410_181851/7
/nfs/roberts/scratch/pi_sk2433/dac227/FlatCFM/artifacts/runs/sweeps/sciplex_fm_deg_pca/20260410_181851/7/checkpoints/best.ckpt
[2026-04-10 18:37:14,024][HYDRA] Launching 1 jobs locally
[2026-04-10 18:37:14,024][HYDRA] 	#8 : task.lr=0.0001579909808978948 task.weight_decay=0.015038574143717032 task.batch_size=1024 task.steps_per_epoch=200 task.use_ot_coupling=False task.flow_noise=0.02759958231733171 model.hidden_dim=512 model.hidden_layers=4 model.dropout=0.0624536216700497 model.condition_dim=256 model.embedding_dim=128 model.projection_dim=64 experiment=sciplex/fm_pca_deg hpo=fm trainer.accelerator=gpu trainer.devices=1 trainer.precision=bf16-mixed trainer.num_workers=4 trainer.pin_memory=True space.projections.0.n_components=16
/nfs/roberts/scratch/pi_sk2433/dac227/FlatCFM/artifacts/runs/sweeps/sciplex_fm_deg_pca/20260410_181851/8
/nfs/roberts/scratch/pi_sk2433/dac227/FlatCFM/artifacts/runs/sweeps/sciplex_fm_deg_pca/20260410_181851/8/checkpoints/best.ckpt
[2026-04-10 18:39:35,144][HYDRA] Launching 1 jobs locally
[2026-04-10 18:39:35,144][HYDRA] 	#9 : task.lr=0.00012968649037133341 task.weight_decay=7.21110219062511e-05 task.batch_size=1024 task.steps_per_epoch=200 task.use_ot_coupling=False task.flow_noise=0.01082047697497309 model.hidden_dim=256 model.hidden_layers=4 model.dropout=0.03639289144595232 model.condition_dim=128 model.embedding_dim=32 model.projection_dim=128 experiment=sciplex/fm_pca_deg hpo=fm trainer.accelerator=gpu trainer.devices=1 trainer.precision=bf16-mixed trainer.num_workers=4 trainer.pin_memory=True space.projections.0.n_components=16
/nfs/roberts/scratch/pi_sk2433/dac227/FlatCFM/artifacts/runs/sweeps/sciplex_fm_deg_pca/20260410_181851/9
/nfs/roberts/scratch/pi_sk2433/dac227/FlatCFM/artifacts/runs/sweeps/sciplex_fm_deg_pca/20260410_181851/9/checkpoints/best.ckpt
[2026-04-10 18:41:55,635][HYDRA] Launching 1 jobs locally
[2026-04-10 18:41:55,635][HYDRA] 	#10 : task.lr=0.00033735677019725626 task.weight_decay=2.2340242987707134e-05 task.batch_size=1024 task.steps_per_epoch=200 task.use_ot_coupling=False task.flow_noise=0.004376701375318151 model.hidden_dim=256 model.hidden_layers=3 model.dropout=0.09534690966098143 model.condition_dim=256 model.embedding_dim=128 model.projection_dim=64 experiment=sciplex/fm_pca_deg hpo=fm trainer.accelerator=gpu trainer.devices=1 trainer.precision=bf16-mixed trainer.num_workers=4 trainer.pin_memory=True space.projections.0.n_components=16
/nfs/roberts/scratch/pi_sk2433/dac227/FlatCFM/artifacts/runs/sweeps/sciplex_fm_deg_pca/20260410_181851/10
/nfs/roberts/scratch/pi_sk2433/dac227/FlatCFM/artifacts/runs/sweeps/sciplex_fm_deg_pca/20260410_181851/10/checkpoints/best.ckpt
[2026-04-10 18:44:14,330][HYDRA] Launching 1 jobs locally
[2026-04-10 18:44:14,330][HYDRA] 	#11 : task.lr=0.000220001450541978 task.weight_decay=1.5113370668773784e-05 task.batch_size=1024 task.steps_per_epoch=100 task.use_ot_coupling=False task.flow_noise=0.002727683310244974 model.hidden_dim=256 model.hidden_layers=3 model.dropout=0.11999029112048978 model.condition_dim=256 model.embedding_dim=128 model.projection_dim=64 experiment=sciplex/fm_pca_deg hpo=fm trainer.accelerator=gpu trainer.devices=1 trainer.precision=bf16-mixed trainer.num_workers=4 trainer.pin_memory=True space.projections.0.n_components=16
/nfs/roberts/scratch/pi_sk2433/dac227/FlatCFM/artifacts/runs/sweeps/sciplex_fm_deg_pca/20260410_181851/11
/nfs/roberts/scratch/pi_sk2433/dac227/FlatCFM/artifacts/runs/sweeps/sciplex_fm_deg_pca/20260410_181851/11/checkpoints/best.ckpt
[2026-04-10 18:45:58,902][HYDRA] Launching 1 jobs locally
[2026-04-10 18:45:58,902][HYDRA] 	#12 : task.lr=0.00021469078998325434 task.weight_decay=2.91361662524939e-06 task.batch_size=1024 task.steps_per_epoch=200 task.use_ot_coupling=False task.flow_noise=0.02102820327813272 model.hidden_dim=256 model.hidden_layers=3 model.dropout=0.11563345399871514 model.condition_dim=64 model.embedding_dim=128 model.projection_dim=64 experiment=sciplex/fm_pca_deg hpo=fm trainer.accelerator=gpu trainer.devices=1 trainer.precision=bf16-mixed trainer.num_workers=4 trainer.pin_memory=True space.projections.0.n_components=16
/nfs/roberts/scratch/pi_sk2433/dac227/FlatCFM/artifacts/runs/sweeps/sciplex_fm_deg_pca/20260410_181851/12
/nfs/roberts/scratch/pi_sk2433/dac227/FlatCFM/artifacts/runs/sweeps/sciplex_fm_deg_pca/20260410_181851/12/checkpoints/best.ckpt
[2026-04-10 18:48:20,931][HYDRA] Launching 1 jobs locally
[2026-04-10 18:48:20,931][HYDRA] 	#13 : task.lr=0.00013015253397112835 task.weight_decay=2.6494259470806873e-06 task.batch_size=1024 task.steps_per_epoch=200 task.use_ot_coupling=False task.flow_noise=0.025337852182436615 model.hidden_dim=256 model.hidden_layers=4 model.dropout=0.04971095435260184 model.condition_dim=64 model.embedding_dim=128 model.projection_dim=64 experiment=sciplex/fm_pca_deg hpo=fm trainer.accelerator=gpu trainer.devices=1 trainer.precision=bf16-mixed trainer.num_workers=4 trainer.pin_memory=True space.projections.0.n_components=16
/nfs/roberts/scratch/pi_sk2433/dac227/FlatCFM/artifacts/runs/sweeps/sciplex_fm_deg_pca/20260410_181851/13
/nfs/roberts/scratch/pi_sk2433/dac227/FlatCFM/artifacts/runs/sweeps/sciplex_fm_deg_pca/20260410_181851/13/checkpoints/best.ckpt
[2026-04-10 18:50:49,549][HYDRA] Launching 1 jobs locally
[2026-04-10 18:50:49,549][HYDRA] 	#14 : task.lr=0.00012369117090593008 task.weight_decay=2.469520980742857e-05 task.batch_size=1024 task.steps_per_epoch=200 task.use_ot_coupling=False task.flow_noise=0.09679262776137158 model.hidden_dim=256 model.hidden_layers=2 model.dropout=0.17436498658421862 model.condition_dim=64 model.embedding_dim=128 model.projection_dim=64 experiment=sciplex/fm_pca_deg hpo=fm trainer.accelerator=gpu trainer.devices=1 trainer.precision=bf16-mixed trainer.num_workers=4 trainer.pin_memory=True space.projections.0.n_components=16
/nfs/roberts/scratch/pi_sk2433/dac227/FlatCFM/artifacts/runs/sweeps/sciplex_fm_deg_pca/20260410_181851/14
/nfs/roberts/scratch/pi_sk2433/dac227/FlatCFM/artifacts/runs/sweeps/sciplex_fm_deg_pca/20260410_181851/14/checkpoints/best.ckpt
[2026-04-10 18:53:13,255][HYDRA] Launching 1 jobs locally
[2026-04-10 18:53:13,255][HYDRA] 	#15 : task.lr=0.0007477849923123662 task.weight_decay=1.9850493524080985e-05 task.batch_size=1024 task.steps_per_epoch=100 task.use_ot_coupling=False task.flow_noise=0.09615139106066023 model.hidden_dim=128 model.hidden_layers=2 model.dropout=0.089703248420573 model.condition_dim=64 model.embedding_dim=128 model.projection_dim=64 experiment=sciplex/fm_pca_deg hpo=fm trainer.accelerator=gpu trainer.devices=1 trainer.precision=bf16-mixed trainer.num_workers=4 trainer.pin_memory=True space.projections.0.n_components=16
/nfs/roberts/scratch/pi_sk2433/dac227/FlatCFM/artifacts/runs/sweeps/sciplex_fm_deg_pca/20260410_181851/15
/nfs/roberts/scratch/pi_sk2433/dac227/FlatCFM/artifacts/runs/sweeps/sciplex_fm_deg_pca/20260410_181851/15/checkpoints/best.ckpt
[2026-04-10 18:55:13,494][HYDRA] Launching 1 jobs locally
[2026-04-10 18:55:13,494][HYDRA] 	#16 : task.lr=0.0021973692534710304 task.weight_decay=1.2880025190618316e-05 task.batch_size=1024 task.steps_per_epoch=200 task.use_ot_coupling=False task.flow_noise=0.0058955529141281274 model.hidden_dim=512 model.hidden_layers=2 model.dropout=0.15949709730877068 model.condition_dim=64 model.embedding_dim=128 model.projection_dim=64 experiment=sciplex/fm_pca_deg hpo=fm trainer.accelerator=gpu trainer.devices=1 trainer.precision=bf16-mixed trainer.num_workers=4 trainer.pin_memory=True space.projections.0.n_components=16
/nfs/roberts/scratch/pi_sk2433/dac227/FlatCFM/artifacts/runs/sweeps/sciplex_fm_deg_pca/20260410_181851/16
/nfs/roberts/scratch/pi_sk2433/dac227/FlatCFM/artifacts/runs/sweeps/sciplex_fm_deg_pca/20260410_181851/16/checkpoints/best.ckpt
[2026-04-10 18:57:29,568][HYDRA] Launching 1 jobs locally
[2026-04-10 18:57:29,568][HYDRA] 	#17 : task.lr=0.00036046376136081353 task.weight_decay=1.726941231803116e-06 task.batch_size=1024 task.steps_per_epoch=200 task.use_ot_coupling=False task.flow_noise=0.00160792936605704 model.hidden_dim=256 model.hidden_layers=3 model.dropout=0.1942775361440529 model.condition_dim=64 model.embedding_dim=32 model.projection_dim=32 experiment=sciplex/fm_pca_deg hpo=fm trainer.accelerator=gpu trainer.devices=1 trainer.precision=bf16-mixed trainer.num_workers=4 trainer.pin_memory=True space.projections.0.n_components=16
/nfs/roberts/scratch/pi_sk2433/dac227/FlatCFM/artifacts/runs/sweeps/sciplex_fm_deg_pca/20260410_181851/17
/nfs/roberts/scratch/pi_sk2433/dac227/FlatCFM/artifacts/runs/sweeps/sciplex_fm_deg_pca/20260410_181851/17/checkpoints/best.ckpt
[2026-04-10 18:59:50,946][HYDRA] Launching 1 jobs locally
[2026-04-10 18:59:50,946][HYDRA] 	#18 : task.lr=0.00016966218657152565 task.weight_decay=2.7759142380427897e-06 task.batch_size=1024 task.steps_per_epoch=200 task.use_ot_coupling=False task.flow_noise=0.003466513141008151 model.hidden_dim=256 model.hidden_layers=2 model.dropout=0.06796174137082034 model.condition_dim=64 model.embedding_dim=32 model.projection_dim=64 experiment=sciplex/fm_pca_deg hpo=fm trainer.accelerator=gpu trainer.devices=1 trainer.precision=bf16-mixed trainer.num_workers=4 trainer.pin_memory=True space.projections.0.n_components=16
/nfs/roberts/scratch/pi_sk2433/dac227/FlatCFM/artifacts/runs/sweeps/sciplex_fm_deg_pca/20260410_181851/18
/nfs/roberts/scratch/pi_sk2433/dac227/FlatCFM/artifacts/runs/sweeps/sciplex_fm_deg_pca/20260410_181851/18/checkpoints/best.ckpt
[2026-04-10 19:02:11,005][HYDRA] Launching 1 jobs locally
[2026-04-10 19:02:11,005][HYDRA] 	#19 : task.lr=0.0005193177796112511 task.weight_decay=0.014847714006011668 task.batch_size=1024 task.steps_per_epoch=200 task.use_ot_coupling=True task.ot_reg=0.48156927497439367 task.flow_noise=0.09372451828776576 model.hidden_dim=512 model.hidden_layers=5 model.dropout=0.003704640747373334 model.condition_dim=128 model.embedding_dim=32 model.projection_dim=32 experiment=sciplex/fm_pca_deg hpo=fm trainer.accelerator=gpu trainer.devices=1 trainer.precision=bf16-mixed trainer.num_workers=4 trainer.pin_memory=True space.projections.0.n_components=16
/nfs/roberts/scratch/pi_sk2433/dac227/FlatCFM/artifacts/runs/sweeps/sciplex_fm_deg_pca/20260410_181851/19
/nfs/roberts/scratch/pi_sk2433/dac227/FlatCFM/artifacts/runs/sweeps/sciplex_fm_deg_pca/20260410_181851/19/checkpoints/best.ckpt
[2026-04-10 19:05:33,643][HYDRA] Best parameters: {'task.lr': 0.00033735677019725626, 'task.weight_decay': 2.2340242987707134e-05, 'task.batch_size': 1024, 'task.steps_per_epoch': 200, 'task.use_ot_coupling': False, 'task.flow_noise': 0.004376701375318151, 'model.hidden_dim': 256, 'model.hidden_layers': 3, 'model.dropout': 0.09534690966098143, 'model.condition_dim': 256, 'model.embedding_dim': 128, 'model.projection_dim': 64}
[2026-04-10 19:05:33,643][HYDRA] Best value: 9.994136810302734
