[rank: 0] Seed set to 245
/nfs/roberts/scratch/pi_sk2433/dac227/perturbench/src/perturbench/data/datasplitter.py:345: FutureWarning: The default of observed=False is deprecated and will be changed to True in a future version of pandas. Pass observed=False to retain current behavior or observed=True to adopt the future default and silence this warning.
  for cov_keys, df in self.obs_dataframe.groupby(self.covariate_keys):
/nfs/roberts/scratch/pi_sk2433/dac227/perturbench/src/perturbench/data/datasplitter.py:353: FutureWarning: The default of observed=False is deprecated and will be changed to True in a future version of pandas. Pass observed=False to retain current behavior or observed=True to adopt the future default and silence this warning.
  for pert_key, df in self.obs_dataframe.groupby([self.perturbation_key]):
/nfs/roberts/scratch/pi_sk2433/dac227/perturbench/src/perturbench/data/utils.py:139: FutureWarning: The default of observed=False is deprecated and will be changed to True in a future version of pandas. Pass observed=False to retain current behavior or observed=True to adopt the future default and silence this warning.
  grouped = control_covariate_df.groupby(
/nfs/roberts/scratch/pi_sk2433/dac227/perturbench/src/perturbench/data/utils.py:139: FutureWarning: The default of observed=False is deprecated and will be changed to True in a future version of pandas. Pass observed=False to retain current behavior or observed=True to adopt the future default and silence this warning.
  grouped = control_covariate_df.groupby(
/nfs/roberts/scratch/pi_sk2433/dac227/perturbench/src/perturbench/data/utils.py:139: FutureWarning: The default of observed=False is deprecated and will be changed to True in a future version of pandas. Pass observed=False to retain current behavior or observed=True to adopt the future default and silence this warning.
  grouped = control_covariate_df.groupby(
/nfs/roberts/scratch/pi_sk2433/dac227/perturbench/src/perturbench/data/utils.py:139: FutureWarning: The default of observed=False is deprecated and will be changed to True in a future version of pandas. Pass observed=False to retain current behavior or observed=True to adopt the future default and silence this warning.
  grouped = control_covariate_df.groupby(
/nfs/roberts/scratch/pi_sk2433/dac227/perturbench/src/perturbench/data/modules.py:184: UserWarning: val dataset is missing perturbations from train dataset.
  warnings.warn(
/nfs/roberts/scratch/pi_sk2433/dac227/perturbench/src/perturbench/data/modules.py:184: UserWarning: test dataset is missing perturbations from train dataset.
  warnings.warn(
Trainer already configured with model summary callbacks: [<class 'lightning.pytorch.callbacks.rich_model_summary.RichModelSummary'>]. Skipping setting a default `ModelSummary` callback.
GPU available: True (cuda), used: True
TPU available: False, using: 0 TPU cores
💡 Tip: For seamless cloud logging and experiment tracking, try installing [litlogger](https://pypi.org/project/litlogger/) to enable LitLogger, which logs metrics and artifacts automatically to the Lightning Experiments platform.
You are using a CUDA device ('NVIDIA RTX PRO 6000 Blackwell Server Edition') that has Tensor Cores. To properly utilize them, you should set `torch.set_float32_matmul_precision('medium' | 'high')` which will trade-off precision for performance. For more details, read https://pytorch.org/docs/stable/generated/torch.set_float32_matmul_precision.html#torch.set_float32_matmul_precision
LOCAL_RANK: 0 - CUDA_VISIBLE_DEVICES: [0]
SLURM auto-requeueing enabled. Setting signal handlers.
/nfs/roberts/scratch/pi_sk2433/dac227/FlatCFM/.venv/lib/python3.12/site-packages/lightning/pytorch/utilities/_pytree.py:21: `isinstance(treespec, LeafSpec)` is deprecated, use `isinstance(treespec, TreeSpec) and treespec.is_leaf()` instead.
slurmstepd: error: *** STEP 8017438.0 ON a1112u17n01 CANCELLED AT 2026-04-11T22:20:10 ***
slurmstepd: error: *** JOB 8017438 ON a1112u17n01 CANCELLED AT 2026-04-11T22:20:10 ***
[rank: 0] Received SIGTERM: 15
Bypassing SIGTERM: 15
