worker 3 starting
experiment=sciplex/fm_pca_deg
hpo=fm
study=hpo_fm_pca_d16
storage=sqlite:////nfs/roberts/scratch/pi_sk2433/dac227/FlatCFM/artifacts/runs/sweeps/hpo_fm_pca_d16.db
trials_per_worker=20
[2026-04-10 18:16:07,088][HYDRA] Study name: hpo_fm_pca_d16
[2026-04-10 18:16:07,088][HYDRA] Storage: sqlite:////nfs/roberts/scratch/pi_sk2433/dac227/FlatCFM/artifacts/runs/sweeps/hpo_fm_pca_d16.db
[2026-04-10 18:16:07,088][HYDRA] Sampler: TPESampler
[2026-04-10 18:16:07,088][HYDRA] Directions: ['minimize']
[2026-04-10 18:16:07,567][HYDRA] Launching 1 jobs locally
[2026-04-10 18:16:07,567][HYDRA] 	#0 : task.lr=0.0022542780469067157 task.weight_decay=1.0649414263254977e-06 task.batch_size=1024 task.steps_per_epoch=200 task.use_ot_coupling=False task.flow_noise=0.0005360564861767985 model.hidden_dim=256 model.hidden_layers=3 model.dropout=0.024190560049723465 model.condition_dim=128 model.embedding_dim=64 model.projection_dim=32 experiment=sciplex/fm_pca_deg hpo=fm trainer.accelerator=gpu trainer.devices=1 trainer.precision=bf16-mixed trainer.num_workers=4 trainer.pin_memory=True space.projections.0.n_components=16
/nfs/roberts/scratch/pi_sk2433/dac227/FlatCFM/artifacts/runs/sweeps/sciplex_fm_deg_pca/20260410_181606/0
/nfs/roberts/scratch/pi_sk2433/dac227/FlatCFM/artifacts/runs/sweeps/sciplex_fm_deg_pca/20260410_181606/0/checkpoints/best.ckpt
[2026-04-10 18:18:17,638][HYDRA] Launching 1 jobs locally
[2026-04-10 18:18:17,638][HYDRA] 	#1 : task.lr=0.0007046480411542527 task.weight_decay=0.0012509821457512393 task.batch_size=512 task.steps_per_epoch=100 task.use_ot_coupling=False task.flow_noise=0.004912785184063776 model.hidden_dim=256 model.hidden_layers=4 model.dropout=0.13611167140992678 model.condition_dim=128 model.embedding_dim=64 model.projection_dim=32 experiment=sciplex/fm_pca_deg hpo=fm trainer.accelerator=gpu trainer.devices=1 trainer.precision=bf16-mixed trainer.num_workers=4 trainer.pin_memory=True space.projections.0.n_components=16
/nfs/roberts/scratch/pi_sk2433/dac227/FlatCFM/artifacts/runs/sweeps/sciplex_fm_deg_pca/20260410_181606/1
/nfs/roberts/scratch/pi_sk2433/dac227/FlatCFM/artifacts/runs/sweeps/sciplex_fm_deg_pca/20260410_181606/1/checkpoints/best.ckpt
[2026-04-10 18:19:58,920][HYDRA] Launching 1 jobs locally
[2026-04-10 18:19:58,920][HYDRA] 	#2 : task.lr=0.0025491827890890928 task.weight_decay=0.0007523177778325746 task.batch_size=1024 task.steps_per_epoch=200 task.use_ot_coupling=False task.flow_noise=0.0064452173414114855 model.hidden_dim=128 model.hidden_layers=6 model.dropout=0.0912908806294126 model.condition_dim=64 model.embedding_dim=64 model.projection_dim=128 experiment=sciplex/fm_pca_deg hpo=fm trainer.accelerator=gpu trainer.devices=1 trainer.precision=bf16-mixed trainer.num_workers=4 trainer.pin_memory=True space.projections.0.n_components=16
/nfs/roberts/scratch/pi_sk2433/dac227/FlatCFM/artifacts/runs/sweeps/sciplex_fm_deg_pca/20260410_181606/2
/nfs/roberts/scratch/pi_sk2433/dac227/FlatCFM/artifacts/runs/sweeps/sciplex_fm_deg_pca/20260410_181606/2/checkpoints/best.ckpt
[2026-04-10 18:22:23,882][HYDRA] Launching 1 jobs locally
[2026-04-10 18:22:23,882][HYDRA] 	#3 : task.lr=0.0029351604585088785 task.weight_decay=1.8911035210402257e-05 task.batch_size=512 task.steps_per_epoch=50 task.use_ot_coupling=False task.flow_noise=0.020055263920850244 model.hidden_dim=256 model.hidden_layers=2 model.dropout=0.29965093928105835 model.condition_dim=128 model.embedding_dim=64 model.projection_dim=64 experiment=sciplex/fm_pca_deg hpo=fm trainer.accelerator=gpu trainer.devices=1 trainer.precision=bf16-mixed trainer.num_workers=4 trainer.pin_memory=True space.projections.0.n_components=16
/nfs/roberts/scratch/pi_sk2433/dac227/FlatCFM/artifacts/runs/sweeps/sciplex_fm_deg_pca/20260410_181606/3
/nfs/roberts/scratch/pi_sk2433/dac227/FlatCFM/artifacts/runs/sweeps/sciplex_fm_deg_pca/20260410_181606/3/checkpoints/best.ckpt
[2026-04-10 18:23:43,407][HYDRA] Launching 1 jobs locally
[2026-04-10 18:23:43,407][HYDRA] 	#4 : task.lr=0.0011704052776379242 task.weight_decay=0.018407751187959148 task.batch_size=512 task.steps_per_epoch=100 task.use_ot_coupling=False task.flow_noise=0.005737271300584201 model.hidden_dim=256 model.hidden_layers=4 model.dropout=0.1531577405741001 model.condition_dim=128 model.embedding_dim=64 model.projection_dim=128 experiment=sciplex/fm_pca_deg hpo=fm trainer.accelerator=gpu trainer.devices=1 trainer.precision=bf16-mixed trainer.num_workers=4 trainer.pin_memory=True space.projections.0.n_components=16
/nfs/roberts/scratch/pi_sk2433/dac227/FlatCFM/artifacts/runs/sweeps/sciplex_fm_deg_pca/20260410_181606/4
/nfs/roberts/scratch/pi_sk2433/dac227/FlatCFM/artifacts/runs/sweeps/sciplex_fm_deg_pca/20260410_181606/4/checkpoints/best.ckpt
[2026-04-10 18:25:27,695][HYDRA] Launching 1 jobs locally
[2026-04-10 18:25:27,695][HYDRA] 	#5 : task.lr=7.5691531918553e-05 task.weight_decay=0.01011615675090544 task.batch_size=1024 task.steps_per_epoch=200 task.use_ot_coupling=False task.flow_noise=0.005977246169625184 model.hidden_dim=512 model.hidden_layers=4 model.dropout=0.06432162096130307 model.condition_dim=128 model.embedding_dim=128 model.projection_dim=32 experiment=sciplex/fm_pca_deg hpo=fm trainer.accelerator=gpu trainer.devices=1 trainer.precision=bf16-mixed trainer.num_workers=4 trainer.pin_memory=True space.projections.0.n_components=16
/nfs/roberts/scratch/pi_sk2433/dac227/FlatCFM/artifacts/runs/sweeps/sciplex_fm_deg_pca/20260410_181606/5
/nfs/roberts/scratch/pi_sk2433/dac227/FlatCFM/artifacts/runs/sweeps/sciplex_fm_deg_pca/20260410_181606/5/checkpoints/best.ckpt
[2026-04-10 18:27:52,413][HYDRA] Launching 1 jobs locally
[2026-04-10 18:27:52,413][HYDRA] 	#6 : task.lr=4.522483118074624e-05 task.weight_decay=0.0008253153257286296 task.batch_size=1024 task.steps_per_epoch=200 task.use_ot_coupling=False task.flow_noise=0.00310806284882555 model.hidden_dim=512 model.hidden_layers=3 model.dropout=0.06590323801583375 model.condition_dim=128 model.embedding_dim=128 model.projection_dim=32 experiment=sciplex/fm_pca_deg hpo=fm trainer.accelerator=gpu trainer.devices=1 trainer.precision=bf16-mixed trainer.num_workers=4 trainer.pin_memory=True space.projections.0.n_components=16
/nfs/roberts/scratch/pi_sk2433/dac227/FlatCFM/artifacts/runs/sweeps/sciplex_fm_deg_pca/20260410_181606/6
/nfs/roberts/scratch/pi_sk2433/dac227/FlatCFM/artifacts/runs/sweeps/sciplex_fm_deg_pca/20260410_181606/6/checkpoints/best.ckpt
[2026-04-10 18:30:15,358][HYDRA] Launching 1 jobs locally
[2026-04-10 18:30:15,358][HYDRA] 	#7 : task.lr=0.00027854668928474095 task.weight_decay=5.407408605312901e-05 task.batch_size=1024 task.steps_per_epoch=100 task.use_ot_coupling=False task.flow_noise=0.0018041662171575288 model.hidden_dim=512 model.hidden_layers=5 model.dropout=0.04587990945498084 model.condition_dim=256 model.embedding_dim=64 model.projection_dim=64 experiment=sciplex/fm_pca_deg hpo=fm trainer.accelerator=gpu trainer.devices=1 trainer.precision=bf16-mixed trainer.num_workers=4 trainer.pin_memory=True space.projections.0.n_components=16
/nfs/roberts/scratch/pi_sk2433/dac227/FlatCFM/artifacts/runs/sweeps/sciplex_fm_deg_pca/20260410_181606/7
/nfs/roberts/scratch/pi_sk2433/dac227/FlatCFM/artifacts/runs/sweeps/sciplex_fm_deg_pca/20260410_181606/7/checkpoints/best.ckpt
[2026-04-10 18:32:07,429][HYDRA] Launching 1 jobs locally
[2026-04-10 18:32:07,429][HYDRA] 	#8 : task.lr=8.216946235789223e-05 task.weight_decay=0.022952090606135435 task.batch_size=1024 task.steps_per_epoch=100 task.use_ot_coupling=False task.flow_noise=0.03713035503050115 model.hidden_dim=512 model.hidden_layers=2 model.dropout=0.027940602376804128 model.condition_dim=128 model.embedding_dim=128 model.projection_dim=32 experiment=sciplex/fm_pca_deg hpo=fm trainer.accelerator=gpu trainer.devices=1 trainer.precision=bf16-mixed trainer.num_workers=4 trainer.pin_memory=True space.projections.0.n_components=16
/nfs/roberts/scratch/pi_sk2433/dac227/FlatCFM/artifacts/runs/sweeps/sciplex_fm_deg_pca/20260410_181606/8
/nfs/roberts/scratch/pi_sk2433/dac227/FlatCFM/artifacts/runs/sweeps/sciplex_fm_deg_pca/20260410_181606/8/checkpoints/best.ckpt
[2026-04-10 18:33:56,312][HYDRA] Launching 1 jobs locally
[2026-04-10 18:33:56,312][HYDRA] 	#9 : task.lr=0.0007433549310174729 task.weight_decay=0.0007812126786395199 task.batch_size=1024 task.steps_per_epoch=200 task.use_ot_coupling=False task.flow_noise=0.04867320698635542 model.hidden_dim=512 model.hidden_layers=3 model.dropout=0.0011991868277644786 model.condition_dim=128 model.embedding_dim=64 model.projection_dim=32 experiment=sciplex/fm_pca_deg hpo=fm trainer.accelerator=gpu trainer.devices=1 trainer.precision=bf16-mixed trainer.num_workers=4 trainer.pin_memory=True space.projections.0.n_components=16
/nfs/roberts/scratch/pi_sk2433/dac227/FlatCFM/artifacts/runs/sweeps/sciplex_fm_deg_pca/20260410_181606/9
/nfs/roberts/scratch/pi_sk2433/dac227/FlatCFM/artifacts/runs/sweeps/sciplex_fm_deg_pca/20260410_181606/9/checkpoints/best.ckpt
[2026-04-10 18:36:24,417][HYDRA] Launching 1 jobs locally
[2026-04-10 18:36:24,418][HYDRA] 	#10 : task.lr=0.00020302055438662097 task.weight_decay=8.853284295403151e-05 task.batch_size=1024 task.steps_per_epoch=200 task.use_ot_coupling=False task.flow_noise=0.003873620330964183 model.hidden_dim=256 model.hidden_layers=4 model.dropout=0.03833668624956765 model.condition_dim=128 model.embedding_dim=32 model.projection_dim=128 experiment=sciplex/fm_pca_deg hpo=fm trainer.accelerator=gpu trainer.devices=1 trainer.precision=bf16-mixed trainer.num_workers=4 trainer.pin_memory=True space.projections.0.n_components=16
/nfs/roberts/scratch/pi_sk2433/dac227/FlatCFM/artifacts/runs/sweeps/sciplex_fm_deg_pca/20260410_181606/10
/nfs/roberts/scratch/pi_sk2433/dac227/FlatCFM/artifacts/runs/sweeps/sciplex_fm_deg_pca/20260410_181606/10/checkpoints/best.ckpt
[2026-04-10 18:39:21,544][HYDRA] Launching 1 jobs locally
[2026-04-10 18:39:21,545][HYDRA] 	#11 : task.lr=0.0005292072863309967 task.weight_decay=1.777238105060285e-05 task.batch_size=1024 task.steps_per_epoch=50 task.use_ot_coupling=False task.flow_noise=0.004678974055490301 model.hidden_dim=256 model.hidden_layers=4 model.dropout=0.07552978146360231 model.condition_dim=128 model.embedding_dim=32 model.projection_dim=128 experiment=sciplex/fm_pca_deg hpo=fm trainer.accelerator=gpu trainer.devices=1 trainer.precision=bf16-mixed trainer.num_workers=4 trainer.pin_memory=True space.projections.0.n_components=16
/nfs/roberts/scratch/pi_sk2433/dac227/FlatCFM/artifacts/runs/sweeps/sciplex_fm_deg_pca/20260410_181606/11
/nfs/roberts/scratch/pi_sk2433/dac227/FlatCFM/artifacts/runs/sweeps/sciplex_fm_deg_pca/20260410_181606/11/checkpoints/best.ckpt
[2026-04-10 18:40:48,973][HYDRA] Launching 1 jobs locally
[2026-04-10 18:40:48,973][HYDRA] 	#12 : task.lr=4.011021252162751e-05 task.weight_decay=0.0029707952240716554 task.batch_size=1024 task.steps_per_epoch=200 task.use_ot_coupling=False task.flow_noise=0.058428400570462995 model.hidden_dim=256 model.hidden_layers=5 model.dropout=0.0006176536980827263 model.condition_dim=256 model.embedding_dim=128 model.projection_dim=32 experiment=sciplex/fm_pca_deg hpo=fm trainer.accelerator=gpu trainer.devices=1 trainer.precision=bf16-mixed trainer.num_workers=4 trainer.pin_memory=True space.projections.0.n_components=16
/nfs/roberts/scratch/pi_sk2433/dac227/FlatCFM/artifacts/runs/sweeps/sciplex_fm_deg_pca/20260410_181606/12
/nfs/roberts/scratch/pi_sk2433/dac227/FlatCFM/artifacts/runs/sweeps/sciplex_fm_deg_pca/20260410_181606/12/checkpoints/best.ckpt
[2026-04-10 18:43:20,489][HYDRA] Launching 1 jobs locally
[2026-04-10 18:43:20,489][HYDRA] 	#13 : task.lr=0.0001335092057773709 task.weight_decay=0.010941630116107834 task.batch_size=1024 task.steps_per_epoch=50 task.use_ot_coupling=False task.flow_noise=0.06750507492555272 model.hidden_dim=512 model.hidden_layers=4 model.dropout=0.04935875976534676 model.condition_dim=256 model.embedding_dim=128 model.projection_dim=32 experiment=sciplex/fm_pca_deg hpo=fm trainer.accelerator=gpu trainer.devices=1 trainer.precision=bf16-mixed trainer.num_workers=4 trainer.pin_memory=True space.projections.0.n_components=16
/nfs/roberts/scratch/pi_sk2433/dac227/FlatCFM/artifacts/runs/sweeps/sciplex_fm_deg_pca/20260410_181606/13
/nfs/roberts/scratch/pi_sk2433/dac227/FlatCFM/artifacts/runs/sweeps/sciplex_fm_deg_pca/20260410_181606/13/checkpoints/best.ckpt
[2026-04-10 18:44:54,456][HYDRA] Launching 1 jobs locally
[2026-04-10 18:44:54,456][HYDRA] 	#14 : task.lr=0.0003979946325739145 task.weight_decay=2.935840949016246e-05 task.batch_size=1024 task.steps_per_epoch=200 task.use_ot_coupling=False task.flow_noise=0.008456563676931204 model.hidden_dim=256 model.hidden_layers=4 model.dropout=0.017312321739580194 model.condition_dim=256 model.embedding_dim=128 model.projection_dim=64 experiment=sciplex/fm_pca_deg hpo=fm trainer.accelerator=gpu trainer.devices=1 trainer.precision=bf16-mixed trainer.num_workers=4 trainer.pin_memory=True space.projections.0.n_components=16
/nfs/roberts/scratch/pi_sk2433/dac227/FlatCFM/artifacts/runs/sweeps/sciplex_fm_deg_pca/20260410_181606/14
/nfs/roberts/scratch/pi_sk2433/dac227/FlatCFM/artifacts/runs/sweeps/sciplex_fm_deg_pca/20260410_181606/14/checkpoints/best.ckpt
[2026-04-10 18:47:25,169][HYDRA] Launching 1 jobs locally
[2026-04-10 18:47:25,169][HYDRA] 	#15 : task.lr=0.0005075169194336735 task.weight_decay=9.743224682899734e-05 task.batch_size=512 task.steps_per_epoch=200 task.use_ot_coupling=False task.flow_noise=0.010268722154612327 model.hidden_dim=256 model.hidden_layers=4 model.dropout=0.1687006909147062 model.condition_dim=256 model.embedding_dim=128 model.projection_dim=128 experiment=sciplex/fm_pca_deg hpo=fm trainer.accelerator=gpu trainer.devices=1 trainer.precision=bf16-mixed trainer.num_workers=4 trainer.pin_memory=True space.projections.0.n_components=16
/nfs/roberts/scratch/pi_sk2433/dac227/FlatCFM/artifacts/runs/sweeps/sciplex_fm_deg_pca/20260410_181606/15
/nfs/roberts/scratch/pi_sk2433/dac227/FlatCFM/artifacts/runs/sweeps/sciplex_fm_deg_pca/20260410_181606/15/checkpoints/best.ckpt
[2026-04-10 18:50:01,386][HYDRA] Launching 1 jobs locally
[2026-04-10 18:50:01,386][HYDRA] 	#16 : task.lr=0.00029720435664079954 task.weight_decay=6.8992851250608274e-06 task.batch_size=1024 task.steps_per_epoch=200 task.use_ot_coupling=False task.flow_noise=0.04214883068865405 model.hidden_dim=256 model.hidden_layers=2 model.dropout=0.11313830696990193 model.condition_dim=64 model.embedding_dim=128 model.projection_dim=64 experiment=sciplex/fm_pca_deg hpo=fm trainer.accelerator=gpu trainer.devices=1 trainer.precision=bf16-mixed trainer.num_workers=4 trainer.pin_memory=True space.projections.0.n_components=16
/nfs/roberts/scratch/pi_sk2433/dac227/FlatCFM/artifacts/runs/sweeps/sciplex_fm_deg_pca/20260410_181606/16
/nfs/roberts/scratch/pi_sk2433/dac227/FlatCFM/artifacts/runs/sweeps/sciplex_fm_deg_pca/20260410_181606/16/checkpoints/best.ckpt
[2026-04-10 18:52:28,096][HYDRA] Launching 1 jobs locally
[2026-04-10 18:52:28,096][HYDRA] 	#17 : task.lr=0.0003040143278867363 task.weight_decay=5.611358042187772e-06 task.batch_size=1024 task.steps_per_epoch=200 task.use_ot_coupling=True task.ot_reg=0.16165863329357205 task.flow_noise=0.010523863835842057 model.hidden_dim=256 model.hidden_layers=2 model.dropout=0.09557956164866041 model.condition_dim=128 model.embedding_dim=128 model.projection_dim=64 experiment=sciplex/fm_pca_deg hpo=fm trainer.accelerator=gpu trainer.devices=1 trainer.precision=bf16-mixed trainer.num_workers=4 trainer.pin_memory=True space.projections.0.n_components=16
/nfs/roberts/scratch/pi_sk2433/dac227/FlatCFM/artifacts/runs/sweeps/sciplex_fm_deg_pca/20260410_181606/17
/nfs/roberts/scratch/pi_sk2433/dac227/FlatCFM/artifacts/runs/sweeps/sciplex_fm_deg_pca/20260410_181606/17/checkpoints/best.ckpt
[2026-04-10 18:55:59,657][HYDRA] Launching 1 jobs locally
[2026-04-10 18:55:59,657][HYDRA] 	#18 : task.lr=0.00023057936388530618 task.weight_decay=1.1979215053746994e-06 task.batch_size=512 task.steps_per_epoch=200 task.use_ot_coupling=False task.flow_noise=0.08105458083326617 model.hidden_dim=256 model.hidden_layers=2 model.dropout=0.19267261375354697 model.condition_dim=64 model.embedding_dim=128 model.projection_dim=32 experiment=sciplex/fm_pca_deg hpo=fm trainer.accelerator=gpu trainer.devices=1 trainer.precision=bf16-mixed trainer.num_workers=4 trainer.pin_memory=True space.projections.0.n_components=16
/nfs/roberts/scratch/pi_sk2433/dac227/FlatCFM/artifacts/runs/sweeps/sciplex_fm_deg_pca/20260410_181606/18
/nfs/roberts/scratch/pi_sk2433/dac227/FlatCFM/artifacts/runs/sweeps/sciplex_fm_deg_pca/20260410_181606/18/checkpoints/best.ckpt
[2026-04-10 18:58:25,532][HYDRA] Launching 1 jobs locally
[2026-04-10 18:58:25,532][HYDRA] 	#19 : task.lr=0.0008935423975383549 task.weight_decay=1.5252769519337444e-05 task.batch_size=1024 task.steps_per_epoch=200 task.use_ot_coupling=False task.flow_noise=0.005203750372329475 model.hidden_dim=256 model.hidden_layers=2 model.dropout=0.16617707330760823 model.condition_dim=64 model.embedding_dim=32 model.projection_dim=32 experiment=sciplex/fm_pca_deg hpo=fm trainer.accelerator=gpu trainer.devices=1 trainer.precision=bf16-mixed trainer.num_workers=4 trainer.pin_memory=True space.projections.0.n_components=16
/nfs/roberts/scratch/pi_sk2433/dac227/FlatCFM/artifacts/runs/sweeps/sciplex_fm_deg_pca/20260410_181606/19
/nfs/roberts/scratch/pi_sk2433/dac227/FlatCFM/artifacts/runs/sweeps/sciplex_fm_deg_pca/20260410_181606/19/checkpoints/best.ckpt
[2026-04-10 19:00:53,962][HYDRA] Best parameters: {'task.lr': 0.00033735677019725626, 'task.weight_decay': 2.2340242987707134e-05, 'task.batch_size': 1024, 'task.steps_per_epoch': 200, 'task.use_ot_coupling': False, 'task.flow_noise': 0.004376701375318151, 'model.hidden_dim': 256, 'model.hidden_layers': 3, 'model.dropout': 0.09534690966098143, 'model.condition_dim': 256, 'model.embedding_dim': 128, 'model.projection_dim': 64}
[2026-04-10 19:00:53,962][HYDRA] Best value: 9.994136810302734
