PERTURBENCH_DIR=/home/dac227/scratch_pi_sk2433/dac227/perturbench
== task 3 ==
experiment=neurips2025/sciplex3/latent_best_params_sciplex3
wrapper=/nfs/roberts/scratch/pi_sk2433/dac227/FlatCFM/scripts/run_perturbench.py
[[36m2026-04-11 22:17:07,455[0m][[34mperturbench.modelcore.train[0m][[32mINFO[0m] - Instantiating datamodule <perturbench.data.modules.AnnDataLitModule>[0m
Split summary: 
           train  val  test
('k562',)    132   29    30
('mcf7',)    132   29    30
('a549',)    132   30    29
[[36m2026-04-11 22:17:10,430[0m][[34mperturbench.modelcore.train[0m][[32mINFO[0m] - Instantiating model <perturbench.modelcore.models.LatentAdditive>[0m
[[36m2026-04-11 22:17:10,903[0m][[34mperturbench.modelcore.train[0m][[32mINFO[0m] - Instantiating callbacks...[0m
[[36m2026-04-11 22:17:10,904[0m][[34mperturbench.modelcore.utils[0m][[32mINFO[0m] - Instantiating an object of type <DictConfig>[0m
[[36m2026-04-11 22:17:10,905[0m][[34mperturbench.modelcore.utils[0m][[32mINFO[0m] - Instantiating an object of type <DictConfig>[0m
[[36m2026-04-11 22:17:10,905[0m][[34mperturbench.modelcore.utils[0m][[32mINFO[0m] - Instantiating an object of type <DictConfig>[0m
[[36m2026-04-11 22:17:10,905[0m][[34mperturbench.modelcore.utils[0m][[32mINFO[0m] - Instantiating an object of type <DictConfig>[0m
[[36m2026-04-11 22:17:10,912[0m][[34mperturbench.modelcore.utils[0m][[32mINFO[0m] - Instantiating an object of type <DictConfig>[0m
[[36m2026-04-11 22:17:10,912[0m][[34mperturbench.modelcore.train[0m][[32mINFO[0m] - Instantiating loggers...[0m
[[36m2026-04-11 22:17:10,913[0m][[34mperturbench.modelcore.utils[0m][[32mINFO[0m] - Instantiating an object of type <DictConfig>[0m
[[36m2026-04-11 22:17:10,915[0m][[34mperturbench.modelcore.utils[0m][[32mINFO[0m] - Instantiating an object of type <DictConfig>[0m
[[36m2026-04-11 22:17:10,915[0m][[34mperturbench.modelcore.train[0m][[32mINFO[0m] - Instantiating trainer <lightning.pytorch.trainer.Trainer>[0m
[[36m2026-04-11 22:17:10,974[0m][[34mperturbench.modelcore.train[0m][[32mINFO[0m] - Starting training![0m
┏━━━━┳━━━━━━━━━━━━━━━━━━━━━━━━┳━━━━━━━━━━━━┳━━━━━━━━┳━━━━━━━┳━━━━━━━┓
┃    ┃ Name                   ┃ Type       ┃ Params ┃ Mode  ┃ FLOPs ┃
┡━━━━╇━━━━━━━━━━━━━━━━━━━━━━━━╇━━━━━━━━━━━━╇━━━━━━━━╇━━━━━━━╇━━━━━━━┩
│ 0  │ gene_encoder           │ MLP        │  105 M │ train │     0 │
│ 1  │ gene_encoder.network   │ Sequential │  105 M │ train │     0 │
│ 2  │ gene_encoder.network.0 │ Linear     │ 46.4 M │ train │     0 │
│ 3  │ gene_encoder.network.1 │ Linear     │ 28.9 M │ train │     0 │
│ 4  │ gene_encoder.network.2 │ LayerNorm  │      0 │ train │     0 │
│ 5  │ gene_encoder.network.3 │ ReLU       │      0 │ train │     0 │
│ 6  │ gene_encoder.network.4 │ Dropout    │      0 │ train │     0 │
│ 7  │ gene_encoder.network.5 │ Linear     │ 28.9 M │ train │     0 │
│ 8  │ gene_encoder.network.6 │ LayerNorm  │      0 │ train │     0 │
│ 9  │ gene_encoder.network.7 │ ReLU       │      0 │ train │     0 │
│ 10 │ gene_encoder.network.8 │ Dropout    │      0 │ train │     0 │
│ 11 │ gene_encoder.network.9 │ Linear     │  1.0 M │ train │     0 │
│ 12 │ decoder                │ MLP        │  105 M │ train │     0 │
│ 13 │ decoder.network        │ Sequential │  105 M │ train │     0 │
│ 14 │ decoder.network.0      │ Linear     │  1.1 M │ train │     0 │
│ 15 │ decoder.network.1      │ Linear     │ 28.9 M │ train │     0 │
│ 16 │ decoder.network.2      │ LayerNorm  │      0 │ train │     0 │
│ 17 │ decoder.network.3      │ ReLU       │      0 │ train │     0 │
│ 18 │ decoder.network.4      │ Dropout    │      0 │ train │     0 │
│ 19 │ decoder.network.5      │ Linear     │ 28.9 M │ train │     0 │
│ 20 │ decoder.network.6      │ LayerNorm  │      0 │ train │     0 │
│ 21 │ decoder.network.7      │ ReLU       │      0 │ train │     0 │
│ 22 │ decoder.network.8      │ Dropout    │      0 │ train │     0 │
│ 23 │ decoder.network.9      │ Linear     │ 46.4 M │ train │     0 │
│ 24 │ pert_encoder           │ MLP        │ 59.9 M │ train │     0 │
│ 25 │ pert_encoder.network   │ Sequential │ 59.9 M │ train │     0 │
│ 26 │ pert_encoder.network.0 │ Linear     │  1.0 M │ train │     0 │
│ 27 │ pert_encoder.network.1 │ Linear     │ 28.9 M │ train │     0 │
│ 28 │ pert_encoder.network.2 │ LayerNorm  │      0 │ train │     0 │
│ 29 │ pert_encoder.network.3 │ ReLU       │      0 │ train │     0 │
│ 30 │ pert_encoder.network.4 │ Dropout    │      0 │ train │     0 │
│ 31 │ pert_encoder.network.5 │ Linear     │ 28.9 M │ train │     0 │
│ 32 │ pert_encoder.network.6 │ LayerNorm  │      0 │ train │     0 │
│ 33 │ pert_encoder.network.7 │ ReLU       │      0 │ train │     0 │
│ 34 │ pert_encoder.network.8 │ Dropout    │      0 │ train │     0 │
│ 35 │ pert_encoder.network.9 │ Linear     │  1.0 M │ train │     0 │
└────┴────────────────────────┴────────────┴────────┴───────┴───────┘
Trainable params: 270 M                                                         
Non-trainable params: 0                                                         
Total params: 270 M                                                             
Total estimated model params size (MB): 1.1 K                                   
Modules in train mode: 36                                                       
Modules in eval mode: 0                                                         
Total FLOPs: 0                                                                  
