worker 7 starting
experiment=sciplex/fm_pca_deg
hpo=fm
study=hpo_fm_pca_d16
storage=sqlite:////nfs/roberts/scratch/pi_sk2433/dac227/FlatCFM/artifacts/runs/sweeps/hpo_fm_pca_d16.db
trials_per_worker=20
[2026-04-10 18:21:25,861][HYDRA] Study name: hpo_fm_pca_d16
[2026-04-10 18:21:25,862][HYDRA] Storage: sqlite:////nfs/roberts/scratch/pi_sk2433/dac227/FlatCFM/artifacts/runs/sweeps/hpo_fm_pca_d16.db
[2026-04-10 18:21:25,862][HYDRA] Sampler: TPESampler
[2026-04-10 18:21:25,862][HYDRA] Directions: ['minimize']
[2026-04-10 18:21:26,424][HYDRA] Launching 1 jobs locally
[2026-04-10 18:21:26,424][HYDRA] 	#0 : task.lr=6.168554513275571e-05 task.weight_decay=4.6635094346507105e-05 task.batch_size=512 task.steps_per_epoch=100 task.use_ot_coupling=True task.ot_reg=0.05579113422172538 task.flow_noise=0.015308625282984505 model.hidden_dim=128 model.hidden_layers=6 model.dropout=0.05357430249764545 model.condition_dim=128 model.embedding_dim=128 model.projection_dim=32 experiment=sciplex/fm_pca_deg hpo=fm trainer.accelerator=gpu trainer.devices=1 trainer.precision=bf16-mixed trainer.num_workers=4 trainer.pin_memory=True space.projections.0.n_components=16
/nfs/roberts/scratch/pi_sk2433/dac227/FlatCFM/artifacts/runs/sweeps/sciplex_fm_deg_pca/20260410_182124/0
/nfs/roberts/scratch/pi_sk2433/dac227/FlatCFM/artifacts/runs/sweeps/sciplex_fm_deg_pca/20260410_182124/0/checkpoints/best.ckpt
[2026-04-10 18:24:25,430][HYDRA] Launching 1 jobs locally
[2026-04-10 18:24:25,430][HYDRA] 	#1 : task.lr=9.613089491181046e-05 task.weight_decay=0.010317657519035866 task.batch_size=1024 task.steps_per_epoch=100 task.use_ot_coupling=False task.flow_noise=0.03149586712199669 model.hidden_dim=512 model.hidden_layers=6 model.dropout=0.13534840378337148 model.condition_dim=128 model.embedding_dim=64 model.projection_dim=32 experiment=sciplex/fm_pca_deg hpo=fm trainer.accelerator=gpu trainer.devices=1 trainer.precision=bf16-mixed trainer.num_workers=4 trainer.pin_memory=True space.projections.0.n_components=16
/nfs/roberts/scratch/pi_sk2433/dac227/FlatCFM/artifacts/runs/sweeps/sciplex_fm_deg_pca/20260410_182124/1
/nfs/roberts/scratch/pi_sk2433/dac227/FlatCFM/artifacts/runs/sweeps/sciplex_fm_deg_pca/20260410_182124/1/checkpoints/best.ckpt
[2026-04-10 18:26:08,037][HYDRA] Launching 1 jobs locally
[2026-04-10 18:26:08,038][HYDRA] 	#2 : task.lr=0.000792728146984941 task.weight_decay=0.00018949829179190509 task.batch_size=512 task.steps_per_epoch=100 task.use_ot_coupling=False task.flow_noise=0.022297963306214662 model.hidden_dim=256 model.hidden_layers=3 model.dropout=0.0015275661023352316 model.condition_dim=128 model.embedding_dim=64 model.projection_dim=32 experiment=sciplex/fm_pca_deg hpo=fm trainer.accelerator=gpu trainer.devices=1 trainer.precision=bf16-mixed trainer.num_workers=4 trainer.pin_memory=True space.projections.0.n_components=16
/nfs/roberts/scratch/pi_sk2433/dac227/FlatCFM/artifacts/runs/sweeps/sciplex_fm_deg_pca/20260410_182124/2
/nfs/roberts/scratch/pi_sk2433/dac227/FlatCFM/artifacts/runs/sweeps/sciplex_fm_deg_pca/20260410_182124/2/checkpoints/best.ckpt
[2026-04-10 18:27:47,008][HYDRA] Launching 1 jobs locally
[2026-04-10 18:27:47,008][HYDRA] 	#3 : task.lr=0.00011811314964349524 task.weight_decay=0.00010723167901200724 task.batch_size=1024 task.steps_per_epoch=100 task.use_ot_coupling=False task.flow_noise=0.006611821386169635 model.hidden_dim=512 model.hidden_layers=6 model.dropout=0.036695317677236765 model.condition_dim=256 model.embedding_dim=64 model.projection_dim=64 experiment=sciplex/fm_pca_deg hpo=fm trainer.accelerator=gpu trainer.devices=1 trainer.precision=bf16-mixed trainer.num_workers=4 trainer.pin_memory=True space.projections.0.n_components=16
/nfs/roberts/scratch/pi_sk2433/dac227/FlatCFM/artifacts/runs/sweeps/sciplex_fm_deg_pca/20260410_182124/3
/nfs/roberts/scratch/pi_sk2433/dac227/FlatCFM/artifacts/runs/sweeps/sciplex_fm_deg_pca/20260410_182124/3/checkpoints/best.ckpt
[2026-04-10 18:29:34,025][HYDRA] Launching 1 jobs locally
[2026-04-10 18:29:34,025][HYDRA] 	#4 : task.lr=0.00011753592401048432 task.weight_decay=0.005725935249683453 task.batch_size=1024 task.steps_per_epoch=200 task.use_ot_coupling=False task.flow_noise=0.048481341154440014 model.hidden_dim=512 model.hidden_layers=4 model.dropout=0.004094135001257521 model.condition_dim=128 model.embedding_dim=128 model.projection_dim=32 experiment=sciplex/fm_pca_deg hpo=fm trainer.accelerator=gpu trainer.devices=1 trainer.precision=bf16-mixed trainer.num_workers=4 trainer.pin_memory=True space.projections.0.n_components=16
/nfs/roberts/scratch/pi_sk2433/dac227/FlatCFM/artifacts/runs/sweeps/sciplex_fm_deg_pca/20260410_182124/4
/nfs/roberts/scratch/pi_sk2433/dac227/FlatCFM/artifacts/runs/sweeps/sciplex_fm_deg_pca/20260410_182124/4/checkpoints/best.ckpt
[2026-04-10 18:31:58,633][HYDRA] Launching 1 jobs locally
[2026-04-10 18:31:58,633][HYDRA] 	#5 : task.lr=7.859976617184253e-05 task.weight_decay=0.005815414922663535 task.batch_size=512 task.steps_per_epoch=200 task.use_ot_coupling=False task.flow_noise=0.0525507284769758 model.hidden_dim=128 model.hidden_layers=4 model.dropout=0.05404982440925115 model.condition_dim=128 model.embedding_dim=128 model.projection_dim=32 experiment=sciplex/fm_pca_deg hpo=fm trainer.accelerator=gpu trainer.devices=1 trainer.precision=bf16-mixed trainer.num_workers=4 trainer.pin_memory=True space.projections.0.n_components=16
/nfs/roberts/scratch/pi_sk2433/dac227/FlatCFM/artifacts/runs/sweeps/sciplex_fm_deg_pca/20260410_182124/5
/nfs/roberts/scratch/pi_sk2433/dac227/FlatCFM/artifacts/runs/sweeps/sciplex_fm_deg_pca/20260410_182124/5/checkpoints/best.ckpt
[2026-04-10 18:34:19,253][HYDRA] Launching 1 jobs locally
[2026-04-10 18:34:19,253][HYDRA] 	#6 : task.lr=4.510168988240393e-05 task.weight_decay=0.00014005329605742392 task.batch_size=1024 task.steps_per_epoch=100 task.use_ot_coupling=False task.flow_noise=0.008998754055679698 model.hidden_dim=512 model.hidden_layers=6 model.dropout=0.025327089010201108 model.condition_dim=256 model.embedding_dim=32 model.projection_dim=128 experiment=sciplex/fm_pca_deg hpo=fm trainer.accelerator=gpu trainer.devices=1 trainer.precision=bf16-mixed trainer.num_workers=4 trainer.pin_memory=True space.projections.0.n_components=16
/nfs/roberts/scratch/pi_sk2433/dac227/FlatCFM/artifacts/runs/sweeps/sciplex_fm_deg_pca/20260410_182124/6
/nfs/roberts/scratch/pi_sk2433/dac227/FlatCFM/artifacts/runs/sweeps/sciplex_fm_deg_pca/20260410_182124/6/checkpoints/best.ckpt
[2026-04-10 18:36:08,696][HYDRA] Launching 1 jobs locally
[2026-04-10 18:36:08,696][HYDRA] 	#7 : task.lr=0.0002768304517161157 task.weight_decay=6.19949144051762e-05 task.batch_size=1024 task.steps_per_epoch=200 task.use_ot_coupling=True task.ot_reg=0.0134899190150821 task.flow_noise=0.001111751598962133 model.hidden_dim=512 model.hidden_layers=5 model.dropout=0.08246821721644651 model.condition_dim=128 model.embedding_dim=32 model.projection_dim=64 experiment=sciplex/fm_pca_deg hpo=fm trainer.accelerator=gpu trainer.devices=1 trainer.precision=bf16-mixed trainer.num_workers=4 trainer.pin_memory=True space.projections.0.n_components=16
/nfs/roberts/scratch/pi_sk2433/dac227/FlatCFM/artifacts/runs/sweeps/sciplex_fm_deg_pca/20260410_182124/7
/nfs/roberts/scratch/pi_sk2433/dac227/FlatCFM/artifacts/runs/sweeps/sciplex_fm_deg_pca/20260410_182124/7/checkpoints/best.ckpt
[2026-04-10 18:41:34,207][HYDRA] Launching 1 jobs locally
[2026-04-10 18:41:34,208][HYDRA] 	#8 : task.lr=0.00014104523396766497 task.weight_decay=0.00017050165662218857 task.batch_size=512 task.steps_per_epoch=200 task.use_ot_coupling=False task.flow_noise=0.00222826032172665 model.hidden_dim=256 model.hidden_layers=4 model.dropout=0.03246554475998212 model.condition_dim=128 model.embedding_dim=32 model.projection_dim=128 experiment=sciplex/fm_pca_deg hpo=fm trainer.accelerator=gpu trainer.devices=1 trainer.precision=bf16-mixed trainer.num_workers=4 trainer.pin_memory=True space.projections.0.n_components=16
/nfs/roberts/scratch/pi_sk2433/dac227/FlatCFM/artifacts/runs/sweeps/sciplex_fm_deg_pca/20260410_182124/8
/nfs/roberts/scratch/pi_sk2433/dac227/FlatCFM/artifacts/runs/sweeps/sciplex_fm_deg_pca/20260410_182124/8/checkpoints/best.ckpt
[2026-04-10 18:43:57,199][HYDRA] Launching 1 jobs locally
[2026-04-10 18:43:57,199][HYDRA] 	#9 : task.lr=0.00023183711177803925 task.weight_decay=0.021136207780062054 task.batch_size=1024 task.steps_per_epoch=200 task.use_ot_coupling=True task.ot_reg=0.03285793239504949 task.flow_noise=0.010405005398241709 model.hidden_dim=512 model.hidden_layers=2 model.dropout=0.053733334014674325 model.condition_dim=128 model.embedding_dim=128 model.projection_dim=128 experiment=sciplex/fm_pca_deg hpo=fm trainer.accelerator=gpu trainer.devices=1 trainer.precision=bf16-mixed trainer.num_workers=4 trainer.pin_memory=True space.projections.0.n_components=16
/nfs/roberts/scratch/pi_sk2433/dac227/FlatCFM/artifacts/runs/sweeps/sciplex_fm_deg_pca/20260410_182124/9
/nfs/roberts/scratch/pi_sk2433/dac227/FlatCFM/artifacts/runs/sweeps/sciplex_fm_deg_pca/20260410_182124/9/checkpoints/best.ckpt
[2026-04-10 18:49:42,829][HYDRA] Launching 1 jobs locally
[2026-04-10 18:49:42,829][HYDRA] 	#10 : task.lr=5.536146447963035e-05 task.weight_decay=1.1836590353408513e-06 task.batch_size=1024 task.steps_per_epoch=200 task.use_ot_coupling=False task.flow_noise=0.009591853796629964 model.hidden_dim=256 model.hidden_layers=4 model.dropout=0.12665395781578265 model.condition_dim=64 model.embedding_dim=128 model.projection_dim=64 experiment=sciplex/fm_pca_deg hpo=fm trainer.accelerator=gpu trainer.devices=1 trainer.precision=bf16-mixed trainer.num_workers=4 trainer.pin_memory=True space.projections.0.n_components=16
/nfs/roberts/scratch/pi_sk2433/dac227/FlatCFM/artifacts/runs/sweeps/sciplex_fm_deg_pca/20260410_182124/10
/nfs/roberts/scratch/pi_sk2433/dac227/FlatCFM/artifacts/runs/sweeps/sciplex_fm_deg_pca/20260410_182124/10/checkpoints/best.ckpt
[2026-04-10 18:52:03,539][HYDRA] Launching 1 jobs locally
[2026-04-10 18:52:03,539][HYDRA] 	#11 : task.lr=0.0011284054370649518 task.weight_decay=1.0264131415444204e-06 task.batch_size=1024 task.steps_per_epoch=200 task.use_ot_coupling=False task.flow_noise=0.0710584470124644 model.hidden_dim=256 model.hidden_layers=4 model.dropout=0.21351622555833416 model.condition_dim=64 model.embedding_dim=128 model.projection_dim=64 experiment=sciplex/fm_pca_deg hpo=fm trainer.accelerator=gpu trainer.devices=1 trainer.precision=bf16-mixed trainer.num_workers=4 trainer.pin_memory=True space.projections.0.n_components=16
/nfs/roberts/scratch/pi_sk2433/dac227/FlatCFM/artifacts/runs/sweeps/sciplex_fm_deg_pca/20260410_182124/11
/nfs/roberts/scratch/pi_sk2433/dac227/FlatCFM/artifacts/runs/sweeps/sciplex_fm_deg_pca/20260410_182124/11/checkpoints/best.ckpt
[2026-04-10 18:54:23,439][HYDRA] Launching 1 jobs locally
[2026-04-10 18:54:23,439][HYDRA] 	#12 : task.lr=0.00030803690238668624 task.weight_decay=3.8589012657326245e-06 task.batch_size=1024 task.steps_per_epoch=200 task.use_ot_coupling=False task.flow_noise=0.008305028833082892 model.hidden_dim=256 model.hidden_layers=2 model.dropout=0.13077306027637087 model.condition_dim=64 model.embedding_dim=32 model.projection_dim=32 experiment=sciplex/fm_pca_deg hpo=fm trainer.accelerator=gpu trainer.devices=1 trainer.precision=bf16-mixed trainer.num_workers=4 trainer.pin_memory=True space.projections.0.n_components=16
/nfs/roberts/scratch/pi_sk2433/dac227/FlatCFM/artifacts/runs/sweeps/sciplex_fm_deg_pca/20260410_182124/12
/nfs/roberts/scratch/pi_sk2433/dac227/FlatCFM/artifacts/runs/sweeps/sciplex_fm_deg_pca/20260410_182124/12/checkpoints/best.ckpt
[2026-04-10 18:56:38,474][HYDRA] Launching 1 jobs locally
[2026-04-10 18:56:38,474][HYDRA] 	#13 : task.lr=0.00030265798820448353 task.weight_decay=1.6013235927981448e-06 task.batch_size=1024 task.steps_per_epoch=200 task.use_ot_coupling=False task.flow_noise=0.01994806979112285 model.hidden_dim=256 model.hidden_layers=3 model.dropout=0.14605622195971207 model.condition_dim=64 model.embedding_dim=32 model.projection_dim=32 experiment=sciplex/fm_pca_deg hpo=fm trainer.accelerator=gpu trainer.devices=1 trainer.precision=bf16-mixed trainer.num_workers=4 trainer.pin_memory=True space.projections.0.n_components=16
/nfs/roberts/scratch/pi_sk2433/dac227/FlatCFM/artifacts/runs/sweeps/sciplex_fm_deg_pca/20260410_182124/13
/nfs/roberts/scratch/pi_sk2433/dac227/FlatCFM/artifacts/runs/sweeps/sciplex_fm_deg_pca/20260410_182124/13/checkpoints/best.ckpt
[2026-04-10 18:58:58,630][HYDRA] Launching 1 jobs locally
[2026-04-10 18:58:58,630][HYDRA] 	#14 : task.lr=0.0001254547959551869 task.weight_decay=4.338935029675493e-06 task.batch_size=1024 task.steps_per_epoch=200 task.use_ot_coupling=False task.flow_noise=0.005175877939010283 model.hidden_dim=512 model.hidden_layers=4 model.dropout=0.17529148682825035 model.condition_dim=256 model.embedding_dim=128 model.projection_dim=64 experiment=sciplex/fm_pca_deg hpo=fm trainer.accelerator=gpu trainer.devices=1 trainer.precision=bf16-mixed trainer.num_workers=4 trainer.pin_memory=True space.projections.0.n_components=16
/nfs/roberts/scratch/pi_sk2433/dac227/FlatCFM/artifacts/runs/sweeps/sciplex_fm_deg_pca/20260410_182124/14
/nfs/roberts/scratch/pi_sk2433/dac227/FlatCFM/artifacts/runs/sweeps/sciplex_fm_deg_pca/20260410_182124/14/checkpoints/best.ckpt
[2026-04-10 19:01:28,920][HYDRA] Launching 1 jobs locally
[2026-04-10 19:01:28,920][HYDRA] 	#15 : task.lr=9.551534076246543e-05 task.weight_decay=3.849771014332209e-05 task.batch_size=1024 task.steps_per_epoch=200 task.use_ot_coupling=False task.flow_noise=0.06145246665965644 model.hidden_dim=256 model.hidden_layers=3 model.dropout=0.024401166017507483 model.condition_dim=64 model.embedding_dim=32 model.projection_dim=64 experiment=sciplex/fm_pca_deg hpo=fm trainer.accelerator=gpu trainer.devices=1 trainer.precision=bf16-mixed trainer.num_workers=4 trainer.pin_memory=True space.projections.0.n_components=16
/nfs/roberts/scratch/pi_sk2433/dac227/FlatCFM/artifacts/runs/sweeps/sciplex_fm_deg_pca/20260410_182124/15
/nfs/roberts/scratch/pi_sk2433/dac227/FlatCFM/artifacts/runs/sweeps/sciplex_fm_deg_pca/20260410_182124/15/checkpoints/best.ckpt
[2026-04-10 19:03:54,108][HYDRA] Launching 1 jobs locally
[2026-04-10 19:03:54,108][HYDRA] 	#16 : task.lr=0.00021664243573546802 task.weight_decay=0.00038223091112053194 task.batch_size=1024 task.steps_per_epoch=200 task.use_ot_coupling=False task.flow_noise=0.009839329653554958 model.hidden_dim=256 model.hidden_layers=2 model.dropout=0.10376510247722573 model.condition_dim=64 model.embedding_dim=128 model.projection_dim=128 experiment=sciplex/fm_pca_deg hpo=fm trainer.accelerator=gpu trainer.devices=1 trainer.precision=bf16-mixed trainer.num_workers=4 trainer.pin_memory=True space.projections.0.n_components=16
/nfs/roberts/scratch/pi_sk2433/dac227/FlatCFM/artifacts/runs/sweeps/sciplex_fm_deg_pca/20260410_182124/16
/nfs/roberts/scratch/pi_sk2433/dac227/FlatCFM/artifacts/runs/sweeps/sciplex_fm_deg_pca/20260410_182124/16/checkpoints/best.ckpt
[2026-04-10 19:06:18,645][HYDRA] Launching 1 jobs locally
[2026-04-10 19:06:18,645][HYDRA] 	#17 : task.lr=0.0002748237680727266 task.weight_decay=2.7822524909750247e-05 task.batch_size=1024 task.steps_per_epoch=200 task.use_ot_coupling=False task.flow_noise=0.020284134792722296 model.hidden_dim=256 model.hidden_layers=3 model.dropout=0.034062731900468664 model.condition_dim=64 model.embedding_dim=64 model.projection_dim=128 experiment=sciplex/fm_pca_deg hpo=fm trainer.accelerator=gpu trainer.devices=1 trainer.precision=bf16-mixed trainer.num_workers=4 trainer.pin_memory=True space.projections.0.n_components=16
/nfs/roberts/scratch/pi_sk2433/dac227/FlatCFM/artifacts/runs/sweeps/sciplex_fm_deg_pca/20260410_182124/17
/nfs/roberts/scratch/pi_sk2433/dac227/FlatCFM/artifacts/runs/sweeps/sciplex_fm_deg_pca/20260410_182124/17/checkpoints/best.ckpt
[2026-04-10 19:08:38,801][HYDRA] Launching 1 jobs locally
[2026-04-10 19:08:38,801][HYDRA] 	#18 : task.lr=0.0004886776196604138 task.weight_decay=9.090058407716226e-06 task.batch_size=1024 task.steps_per_epoch=200 task.use_ot_coupling=False task.flow_noise=0.08308738198734493 model.hidden_dim=256 model.hidden_layers=4 model.dropout=0.02983784584453613 model.condition_dim=64 model.embedding_dim=64 model.projection_dim=128 experiment=sciplex/fm_pca_deg hpo=fm trainer.accelerator=gpu trainer.devices=1 trainer.precision=bf16-mixed trainer.num_workers=4 trainer.pin_memory=True space.projections.0.n_components=16
/nfs/roberts/scratch/pi_sk2433/dac227/FlatCFM/artifacts/runs/sweeps/sciplex_fm_deg_pca/20260410_182124/18
/nfs/roberts/scratch/pi_sk2433/dac227/FlatCFM/artifacts/runs/sweeps/sciplex_fm_deg_pca/20260410_182124/18/checkpoints/best.ckpt
[2026-04-10 19:11:02,651][HYDRA] Launching 1 jobs locally
[2026-04-10 19:11:02,651][HYDRA] 	#19 : task.lr=5.009395868388205e-05 task.weight_decay=4.294902755563931e-05 task.batch_size=512 task.steps_per_epoch=200 task.use_ot_coupling=False task.flow_noise=0.002405129856210101 model.hidden_dim=256 model.hidden_layers=2 model.dropout=0.044687870273878064 model.condition_dim=64 model.embedding_dim=64 model.projection_dim=128 experiment=sciplex/fm_pca_deg hpo=fm trainer.accelerator=gpu trainer.devices=1 trainer.precision=bf16-mixed trainer.num_workers=4 trainer.pin_memory=True space.projections.0.n_components=16
/nfs/roberts/scratch/pi_sk2433/dac227/FlatCFM/artifacts/runs/sweeps/sciplex_fm_deg_pca/20260410_182124/19
/nfs/roberts/scratch/pi_sk2433/dac227/FlatCFM/artifacts/runs/sweeps/sciplex_fm_deg_pca/20260410_182124/19/checkpoints/best.ckpt
[2026-04-10 19:13:27,423][HYDRA] Best parameters: {'task.lr': 0.0002748237680727266, 'task.weight_decay': 2.7822524909750247e-05, 'task.batch_size': 1024, 'task.steps_per_epoch': 200, 'task.use_ot_coupling': False, 'task.flow_noise': 0.020284134792722296, 'model.hidden_dim': 256, 'model.hidden_layers': 3, 'model.dropout': 0.034062731900468664, 'model.condition_dim': 64, 'model.embedding_dim': 64, 'model.projection_dim': 128}
[2026-04-10 19:13:27,423][HYDRA] Best value: 9.913028717041016
