worker 6 starting
experiment=sciplex/ode_pca
hpo=ode
study=hpo_ode_pca_d16
storage=sqlite:////nfs/roberts/scratch/pi_sk2433/dac227/FlatCFM/artifacts/runs/sweeps/hpo_ode_pca_d16.db
trials_per_worker=20
[2026-04-10 19:11:43,665][HYDRA] Study name: hpo_ode_pca_d16
[2026-04-10 19:11:43,665][HYDRA] Storage: sqlite:////nfs/roberts/scratch/pi_sk2433/dac227/FlatCFM/artifacts/runs/sweeps/hpo_ode_pca_d16.db
[2026-04-10 19:11:43,665][HYDRA] Sampler: TPESampler
[2026-04-10 19:11:43,666][HYDRA] Directions: ['minimize']
[2026-04-10 19:11:46,443][HYDRA] Launching 1 jobs locally
[2026-04-10 19:11:46,443][HYDRA] 	#0 : task.lr=0.00028648198747949487 task.weight_decay=5.371069257053463e-06 task.batch_size=256 task.steps_per_epoch=25 task.ode_method=rk4 task.adjoint=True task.n_energy_steps=10 loss.weights.ot=0.1665905799888668 loss.weights.density=2.9686766837572507 loss.weights.energy=0.05756196965117468 loss.sinkhorn_reg=0.15669370919838546 loss.sinkhorn_max_iter=20 model.hidden_dim=128 model.hidden_layers=4 model.dropout=0.02219238051350636 model.condition_dim=128 model.embedding_dim=128 model.projection_dim=128 experiment=sciplex/ode_pca hpo=ode trainer.accelerator=gpu trainer.devices=1 trainer.precision=bf16-mixed trainer.num_workers=4 trainer.pin_memory=True space.projections.0.n_components=16
/nfs/roberts/scratch/pi_sk2433/dac227/FlatCFM/artifacts/runs/sweeps/sciplex_ode_deg_pca/20260410_191143/0
/nfs/roberts/scratch/pi_sk2433/dac227/FlatCFM/artifacts/runs/sweeps/sciplex_ode_deg_pca/20260410_191143/0/checkpoints/best.ckpt
[2026-04-10 19:18:42,747][HYDRA] Launching 1 jobs locally
[2026-04-10 19:18:42,747][HYDRA] 	#1 : task.lr=5.485132128996467e-05 task.weight_decay=0.013046143713663782 task.batch_size=512 task.steps_per_epoch=25 task.ode_method=rk4 task.adjoint=False task.n_energy_steps=5 loss.weights.ot=0.5303399385933223 loss.weights.density=0.14260961923649468 loss.weights.energy=0.011735920428818424 loss.sinkhorn_reg=0.046179795420743144 loss.sinkhorn_max_iter=50 model.hidden_dim=512 model.hidden_layers=6 model.dropout=0.04079737344175946 model.condition_dim=128 model.embedding_dim=128 model.projection_dim=32 experiment=sciplex/ode_pca hpo=ode trainer.accelerator=gpu trainer.devices=1 trainer.precision=bf16-mixed trainer.num_workers=4 trainer.pin_memory=True space.projections.0.n_components=16
/nfs/roberts/scratch/pi_sk2433/dac227/FlatCFM/artifacts/runs/sweeps/sciplex_ode_deg_pca/20260410_191143/1
/nfs/roberts/scratch/pi_sk2433/dac227/FlatCFM/artifacts/runs/sweeps/sciplex_ode_deg_pca/20260410_191143/1/checkpoints/best-v1.ckpt
[2026-04-10 19:22:53,306][HYDRA] Launching 1 jobs locally
[2026-04-10 19:22:53,306][HYDRA] 	#2 : task.lr=0.00012567707600093133 task.weight_decay=0.025412956244591722 task.batch_size=512 task.steps_per_epoch=25 task.ode_method=rk4 task.adjoint=False task.n_energy_steps=10 loss.weights.ot=1.5407136332698241 loss.weights.density=0.16023628755965086 loss.weights.energy=0.007093570157402974 loss.sinkhorn_reg=0.20827961787879887 loss.sinkhorn_max_iter=20 model.hidden_dim=512 model.hidden_layers=6 model.dropout=0.10784714940918017 model.condition_dim=128 model.embedding_dim=128 model.projection_dim=32 experiment=sciplex/ode_pca hpo=ode trainer.accelerator=gpu trainer.devices=1 trainer.precision=bf16-mixed trainer.num_workers=4 trainer.pin_memory=True space.projections.0.n_components=16
/nfs/roberts/scratch/pi_sk2433/dac227/FlatCFM/artifacts/runs/sweeps/sciplex_ode_deg_pca/20260410_191143/2
/nfs/roberts/scratch/pi_sk2433/dac227/FlatCFM/artifacts/runs/sweeps/sciplex_ode_deg_pca/20260410_191143/2/checkpoints/best.ckpt
[2026-04-10 19:28:24,371][HYDRA] Launching 1 jobs locally
[2026-04-10 19:28:24,371][HYDRA] 	#3 : task.lr=3.1637351941262946e-05 task.weight_decay=0.006935187036929675 task.batch_size=256 task.steps_per_epoch=25 task.ode_method=rk4 task.adjoint=False task.n_energy_steps=5 loss.weights.ot=0.18551109320770007 loss.weights.density=0.16306603902189545 loss.weights.energy=0.002178932926429911 loss.sinkhorn_reg=0.08990362846828659 loss.sinkhorn_max_iter=50 model.hidden_dim=512 model.hidden_layers=5 model.dropout=0.011342920360945266 model.condition_dim=128 model.embedding_dim=128 model.projection_dim=32 experiment=sciplex/ode_pca hpo=ode trainer.accelerator=gpu trainer.devices=1 trainer.precision=bf16-mixed trainer.num_workers=4 trainer.pin_memory=True space.projections.0.n_components=16
/nfs/roberts/scratch/pi_sk2433/dac227/FlatCFM/artifacts/runs/sweeps/sciplex_ode_deg_pca/20260410_191143/3
/nfs/roberts/scratch/pi_sk2433/dac227/FlatCFM/artifacts/runs/sweeps/sciplex_ode_deg_pca/20260410_191143/3/checkpoints/best.ckpt
[2026-04-10 19:33:13,867][HYDRA] Launching 1 jobs locally
[2026-04-10 19:33:13,867][HYDRA] 	#4 : task.lr=0.00019658910817117693 task.weight_decay=0.00018144404606857732 task.batch_size=512 task.steps_per_epoch=25 task.ode_method=rk4 task.adjoint=False task.n_energy_steps=5 loss.weights.ot=0.140246149162798 loss.weights.density=0.15355669559661772 loss.weights.energy=0.07092180086401574 loss.sinkhorn_reg=0.08754589505617974 loss.sinkhorn_max_iter=20 model.hidden_dim=128 model.hidden_layers=3 model.dropout=0.0670459194104358 model.condition_dim=128 model.embedding_dim=128 model.projection_dim=64 experiment=sciplex/ode_pca hpo=ode trainer.accelerator=gpu trainer.devices=1 trainer.precision=bf16-mixed trainer.num_workers=4 trainer.pin_memory=True space.projections.0.n_components=16
/nfs/roberts/scratch/pi_sk2433/dac227/FlatCFM/artifacts/runs/sweeps/sciplex_ode_deg_pca/20260410_191143/4
/nfs/roberts/scratch/pi_sk2433/dac227/FlatCFM/artifacts/runs/sweeps/sciplex_ode_deg_pca/20260410_191143/4/checkpoints/best.ckpt
[2026-04-10 19:36:31,315][HYDRA] Launching 1 jobs locally
[2026-04-10 19:36:31,315][HYDRA] 	#5 : task.lr=0.00010826405669645273 task.weight_decay=0.013052712972171832 task.batch_size=256 task.steps_per_epoch=25 task.ode_method=midpoint task.adjoint=True task.n_energy_steps=5 loss.weights.ot=0.2874643753352383 loss.weights.density=0.10764248318663495 loss.weights.energy=0.016314068204700775 loss.sinkhorn_reg=0.05751499065756868 loss.sinkhorn_max_iter=50 model.hidden_dim=256 model.hidden_layers=5 model.dropout=0.10905335466619331 model.condition_dim=128 model.embedding_dim=128 model.projection_dim=128 experiment=sciplex/ode_pca hpo=ode trainer.accelerator=gpu trainer.devices=1 trainer.precision=bf16-mixed trainer.num_workers=4 trainer.pin_memory=True space.projections.0.n_components=16
/nfs/roberts/scratch/pi_sk2433/dac227/FlatCFM/artifacts/runs/sweeps/sciplex_ode_deg_pca/20260410_191143/5
/nfs/roberts/scratch/pi_sk2433/dac227/FlatCFM/artifacts/runs/sweeps/sciplex_ode_deg_pca/20260410_191143/5/checkpoints/best.ckpt
[2026-04-10 19:40:33,732][HYDRA] Launching 1 jobs locally
[2026-04-10 19:40:33,732][HYDRA] 	#6 : task.lr=7.687429547917075e-05 task.weight_decay=0.0002910670689475316 task.batch_size=256 task.steps_per_epoch=25 task.ode_method=midpoint task.adjoint=True task.n_energy_steps=5 loss.weights.ot=0.912082427930405 loss.weights.density=0.11645059546059228 loss.weights.energy=0.03536073044905091 loss.sinkhorn_reg=0.06665404841381903 loss.sinkhorn_max_iter=50 model.hidden_dim=512 model.hidden_layers=6 model.dropout=0.05329045404578957 model.condition_dim=128 model.embedding_dim=128 model.projection_dim=128 experiment=sciplex/ode_pca hpo=ode trainer.accelerator=gpu trainer.devices=1 trainer.precision=bf16-mixed trainer.num_workers=4 trainer.pin_memory=True space.projections.0.n_components=16
/nfs/roberts/scratch/pi_sk2433/dac227/FlatCFM/artifacts/runs/sweeps/sciplex_ode_deg_pca/20260410_191143/6
/nfs/roberts/scratch/pi_sk2433/dac227/FlatCFM/artifacts/runs/sweeps/sciplex_ode_deg_pca/20260410_191143/6/checkpoints/best.ckpt
[2026-04-10 19:44:43,369][HYDRA] Launching 1 jobs locally
[2026-04-10 19:44:43,369][HYDRA] 	#7 : task.lr=0.00020423527412507484 task.weight_decay=0.013677981384656267 task.batch_size=256 task.steps_per_epoch=50 task.ode_method=midpoint task.adjoint=True task.n_energy_steps=5 loss.weights.ot=0.17157388321315545 loss.weights.density=0.10169956125530105 loss.weights.energy=0.017266435266065357 loss.sinkhorn_reg=0.17979792563958644 loss.sinkhorn_max_iter=50 model.hidden_dim=256 model.hidden_layers=4 model.dropout=0.07354101580865505 model.condition_dim=128 model.embedding_dim=128 model.projection_dim=128 experiment=sciplex/ode_pca hpo=ode trainer.accelerator=gpu trainer.devices=1 trainer.precision=bf16-mixed trainer.num_workers=4 trainer.pin_memory=True space.projections.0.n_components=16
/nfs/roberts/scratch/pi_sk2433/dac227/FlatCFM/artifacts/runs/sweeps/sciplex_ode_deg_pca/20260410_191143/7
/nfs/roberts/scratch/pi_sk2433/dac227/FlatCFM/artifacts/runs/sweeps/sciplex_ode_deg_pca/20260410_191143/7/checkpoints/best.ckpt
[2026-04-10 19:50:35,069][HYDRA] Launching 1 jobs locally
[2026-04-10 19:50:35,069][HYDRA] 	#8 : task.lr=3.67127577184234e-05 task.weight_decay=0.002563313451873156 task.batch_size=512 task.steps_per_epoch=25 task.ode_method=rk4 task.adjoint=False task.n_energy_steps=5 loss.weights.ot=0.14490236290889333 loss.weights.density=0.10717190354710851 loss.weights.energy=0.016365126325661967 loss.sinkhorn_reg=0.10216097059662894 loss.sinkhorn_max_iter=20 model.hidden_dim=512 model.hidden_layers=5 model.dropout=0.08398437932701798 model.condition_dim=256 model.embedding_dim=128 model.projection_dim=32 experiment=sciplex/ode_pca hpo=ode trainer.accelerator=gpu trainer.devices=1 trainer.precision=bf16-mixed trainer.num_workers=4 trainer.pin_memory=True space.projections.0.n_components=16
/nfs/roberts/scratch/pi_sk2433/dac227/FlatCFM/artifacts/runs/sweeps/sciplex_ode_deg_pca/20260410_191143/8
/nfs/roberts/scratch/pi_sk2433/dac227/FlatCFM/artifacts/runs/sweeps/sciplex_ode_deg_pca/20260410_191143/8/checkpoints/best.ckpt
[2026-04-10 19:54:07,232][HYDRA] Launching 1 jobs locally
[2026-04-10 19:54:07,232][HYDRA] 	#9 : task.lr=2.5288678672195136e-05 task.weight_decay=0.013589278843390994 task.batch_size=512 task.steps_per_epoch=25 task.ode_method=midpoint task.adjoint=False task.n_energy_steps=5 loss.weights.ot=0.2736755325515581 loss.weights.density=0.5928510069658609 loss.weights.energy=0.016977203694066967 loss.sinkhorn_reg=0.09050331772601722 loss.sinkhorn_max_iter=20 model.hidden_dim=512 model.hidden_layers=5 model.dropout=0.034713185643632044 model.condition_dim=256 model.embedding_dim=128 model.projection_dim=32 experiment=sciplex/ode_pca hpo=ode trainer.accelerator=gpu trainer.devices=1 trainer.precision=bf16-mixed trainer.num_workers=4 trainer.pin_memory=True space.projections.0.n_components=16
/nfs/roberts/scratch/pi_sk2433/dac227/FlatCFM/artifacts/runs/sweeps/sciplex_ode_deg_pca/20260410_191143/9
/nfs/roberts/scratch/pi_sk2433/dac227/FlatCFM/artifacts/runs/sweeps/sciplex_ode_deg_pca/20260410_191143/9/checkpoints/best.ckpt
[2026-04-10 19:56:46,363][HYDRA] Launching 1 jobs locally
[2026-04-10 19:56:46,363][HYDRA] 	#10 : task.lr=4.821334394309889e-05 task.weight_decay=0.008390719704673947 task.batch_size=512 task.steps_per_epoch=25 task.ode_method=rk4 task.adjoint=False task.n_energy_steps=20 loss.weights.ot=0.19386551954978418 loss.weights.density=0.14777707596707965 loss.weights.energy=0.050074085641330375 loss.sinkhorn_reg=0.011265808758853964 loss.sinkhorn_max_iter=20 model.hidden_dim=512 model.hidden_layers=6 model.dropout=0.06694339258913996 model.condition_dim=256 model.embedding_dim=128 model.projection_dim=128 experiment=sciplex/ode_pca hpo=ode trainer.accelerator=gpu trainer.devices=1 trainer.precision=bf16-mixed trainer.num_workers=4 trainer.pin_memory=True space.projections.0.n_components=16
[2026-04-10 20:05:44,010][__main__][ERROR] - trial failed: cannot resolve hpo objective for metric 'val_loss' from history
[2026-04-10 20:05:44,946][HYDRA] Launching 1 jobs locally
[2026-04-10 20:05:44,946][HYDRA] 	#11 : task.lr=7.732327027535288e-05 task.weight_decay=1.8658939403344105e-05 task.batch_size=256 task.steps_per_epoch=25 task.ode_method=rk4 task.adjoint=False task.n_energy_steps=5 loss.weights.ot=0.1336140968045342 loss.weights.density=0.16727824418074796 loss.weights.energy=0.007450952710541716 loss.sinkhorn_reg=0.26817211228557736 loss.sinkhorn_max_iter=20 model.hidden_dim=512 model.hidden_layers=6 model.dropout=0.08801013448556422 model.condition_dim=256 model.embedding_dim=128 model.projection_dim=32 experiment=sciplex/ode_pca hpo=ode trainer.accelerator=gpu trainer.devices=1 trainer.precision=bf16-mixed trainer.num_workers=4 trainer.pin_memory=True space.projections.0.n_components=16
/nfs/roberts/scratch/pi_sk2433/dac227/FlatCFM/artifacts/runs/sweeps/sciplex_ode_deg_pca/20260410_191143/11
/nfs/roberts/scratch/pi_sk2433/dac227/FlatCFM/artifacts/runs/sweeps/sciplex_ode_deg_pca/20260410_191143/11/checkpoints/best.ckpt
[2026-04-10 20:09:56,853][HYDRA] Launching 1 jobs locally
[2026-04-10 20:09:56,853][HYDRA] 	#12 : task.lr=0.00011081183752863433 task.weight_decay=0.00044480840776960057 task.batch_size=128 task.steps_per_epoch=100 task.ode_method=rk4 task.adjoint=False task.n_energy_steps=5 loss.weights.ot=0.13401160362848466 loss.weights.density=0.14126062227344044 loss.weights.energy=0.005126987477696373 loss.sinkhorn_reg=0.1348609036576474 loss.sinkhorn_max_iter=50 model.hidden_dim=256 model.hidden_layers=3 model.dropout=0.02214100417443536 model.condition_dim=128 model.embedding_dim=128 model.projection_dim=128 experiment=sciplex/ode_pca hpo=ode trainer.accelerator=gpu trainer.devices=1 trainer.precision=bf16-mixed trainer.num_workers=4 trainer.pin_memory=True space.projections.0.n_components=16
/nfs/roberts/scratch/pi_sk2433/dac227/FlatCFM/artifacts/runs/sweeps/sciplex_ode_deg_pca/20260410_191143/12
/nfs/roberts/scratch/pi_sk2433/dac227/FlatCFM/artifacts/runs/sweeps/sciplex_ode_deg_pca/20260410_191143/12/checkpoints/best.ckpt
[2026-04-10 20:22:08,075][HYDRA] Launching 1 jobs locally
[2026-04-10 20:22:08,075][HYDRA] 	#13 : task.lr=0.0005167247899232777 task.weight_decay=0.007458669319047614 task.batch_size=512 task.steps_per_epoch=100 task.ode_method=midpoint task.adjoint=True task.n_energy_steps=5 loss.weights.ot=0.2417775212129691 loss.weights.density=0.19033141906686532 loss.weights.energy=0.01282295337181216 loss.sinkhorn_reg=0.23329807978232994 loss.sinkhorn_max_iter=100 model.hidden_dim=256 model.hidden_layers=2 model.dropout=0.08358689672008762 model.condition_dim=64 model.embedding_dim=128 model.projection_dim=64 experiment=sciplex/ode_pca hpo=ode trainer.accelerator=gpu trainer.devices=1 trainer.precision=bf16-mixed trainer.num_workers=4 trainer.pin_memory=True space.projections.0.n_components=16
/nfs/roberts/scratch/pi_sk2433/dac227/FlatCFM/artifacts/runs/sweeps/sciplex_ode_deg_pca/20260410_191143/13
/nfs/roberts/scratch/pi_sk2433/dac227/FlatCFM/artifacts/runs/sweeps/sciplex_ode_deg_pca/20260410_191143/13/checkpoints/best.ckpt
[2026-04-10 20:33:52,435][HYDRA] Launching 1 jobs locally
[2026-04-10 20:33:52,435][HYDRA] 	#14 : task.lr=6.879436558971438e-05 task.weight_decay=6.605903644347496e-05 task.batch_size=256 task.steps_per_epoch=100 task.ode_method=midpoint task.adjoint=False task.n_energy_steps=5 loss.weights.ot=0.22673373861615687 loss.weights.density=0.3029872452522744 loss.weights.energy=0.0031065039863724863 loss.sinkhorn_reg=0.09834022521981975 loss.sinkhorn_max_iter=20 model.hidden_dim=512 model.hidden_layers=4 model.dropout=0.03755655217553046 model.condition_dim=128 model.embedding_dim=128 model.projection_dim=128 experiment=sciplex/ode_pca hpo=ode trainer.accelerator=gpu trainer.devices=1 trainer.precision=bf16-mixed trainer.num_workers=4 trainer.pin_memory=True space.projections.0.n_components=16
/nfs/roberts/scratch/pi_sk2433/dac227/FlatCFM/artifacts/runs/sweeps/sciplex_ode_deg_pca/20260410_191143/14
/nfs/roberts/scratch/pi_sk2433/dac227/FlatCFM/artifacts/runs/sweeps/sciplex_ode_deg_pca/20260410_191143/14/checkpoints/best.ckpt
[2026-04-10 20:40:13,471][HYDRA] Launching 1 jobs locally
[2026-04-10 20:40:13,471][HYDRA] 	#15 : task.lr=2.1888399023927576e-05 task.weight_decay=0.0010382990147323567 task.batch_size=512 task.steps_per_epoch=25 task.ode_method=midpoint task.adjoint=True task.n_energy_steps=5 loss.weights.ot=0.1205273061249773 loss.weights.density=0.11730076063394465 loss.weights.energy=0.0002672201092179272 loss.sinkhorn_reg=0.3262104185297072 loss.sinkhorn_max_iter=50 model.hidden_dim=256 model.hidden_layers=6 model.dropout=0.1492271307557369 model.condition_dim=64 model.embedding_dim=128 model.projection_dim=64 experiment=sciplex/ode_pca hpo=ode trainer.accelerator=gpu trainer.devices=1 trainer.precision=bf16-mixed trainer.num_workers=4 trainer.pin_memory=True space.projections.0.n_components=16
/nfs/roberts/scratch/pi_sk2433/dac227/FlatCFM/artifacts/runs/sweeps/sciplex_ode_deg_pca/20260410_191143/15
/nfs/roberts/scratch/pi_sk2433/dac227/FlatCFM/artifacts/runs/sweeps/sciplex_ode_deg_pca/20260410_191143/15/checkpoints/best.ckpt
[2026-04-10 20:43:50,555][HYDRA] Launching 1 jobs locally
[2026-04-10 20:43:50,555][HYDRA] 	#16 : task.lr=5.3979788009212244e-05 task.weight_decay=0.0003394275346435974 task.batch_size=512 task.steps_per_epoch=25 task.ode_method=midpoint task.adjoint=False task.n_energy_steps=5 loss.weights.ot=0.13790020937203945 loss.weights.density=0.3322622673915416 loss.weights.energy=0.00034186185867804853 loss.sinkhorn_reg=0.3333853431386873 loss.sinkhorn_max_iter=50 model.hidden_dim=256 model.hidden_layers=6 model.dropout=0.16635862878640853 model.condition_dim=64 model.embedding_dim=128 model.projection_dim=64 experiment=sciplex/ode_pca hpo=ode trainer.accelerator=gpu trainer.devices=1 trainer.precision=bf16-mixed trainer.num_workers=4 trainer.pin_memory=True space.projections.0.n_components=16
/nfs/roberts/scratch/pi_sk2433/dac227/FlatCFM/artifacts/runs/sweeps/sciplex_ode_deg_pca/20260410_191143/16
/nfs/roberts/scratch/pi_sk2433/dac227/FlatCFM/artifacts/runs/sweeps/sciplex_ode_deg_pca/20260410_191143/16/checkpoints/best.ckpt
[2026-04-10 20:47:06,730][HYDRA] Launching 1 jobs locally
[2026-04-10 20:47:06,731][HYDRA] 	#17 : task.lr=1.438279313689201e-05 task.weight_decay=0.0006933775624377027 task.batch_size=256 task.steps_per_epoch=25 task.ode_method=midpoint task.adjoint=True task.n_energy_steps=20 loss.weights.ot=0.295963159454305 loss.weights.density=0.29422209826096124 loss.weights.energy=0.00014625426524055168 loss.sinkhorn_reg=0.10888201417613638 loss.sinkhorn_max_iter=20 model.hidden_dim=256 model.hidden_layers=5 model.dropout=0.13868977460521512 model.condition_dim=128 model.embedding_dim=128 model.projection_dim=64 experiment=sciplex/ode_pca hpo=ode trainer.accelerator=gpu trainer.devices=1 trainer.precision=bf16-mixed trainer.num_workers=4 trainer.pin_memory=True space.projections.0.n_components=16
/nfs/roberts/scratch/pi_sk2433/dac227/FlatCFM/artifacts/runs/sweeps/sciplex_ode_deg_pca/20260410_191143/17
/nfs/roberts/scratch/pi_sk2433/dac227/FlatCFM/artifacts/runs/sweeps/sciplex_ode_deg_pca/20260410_191143/17/checkpoints/best.ckpt
[2026-04-10 20:54:27,960][HYDRA] Launching 1 jobs locally
[2026-04-10 20:54:27,960][HYDRA] 	#18 : task.lr=1.2843109440952473e-05 task.weight_decay=0.012836358632071417 task.batch_size=512 task.steps_per_epoch=25 task.ode_method=rk4 task.adjoint=True task.n_energy_steps=5 loss.weights.ot=0.12987325071896205 loss.weights.density=0.15367391808612854 loss.weights.energy=0.00023778750166207814 loss.sinkhorn_reg=0.39432384014287336 loss.sinkhorn_max_iter=50 model.hidden_dim=256 model.hidden_layers=6 model.dropout=0.11688505707245864 model.condition_dim=64 model.embedding_dim=128 model.projection_dim=32 experiment=sciplex/ode_pca hpo=ode trainer.accelerator=gpu trainer.devices=1 trainer.precision=bf16-mixed trainer.num_workers=4 trainer.pin_memory=True space.projections.0.n_components=16
/nfs/roberts/scratch/pi_sk2433/dac227/FlatCFM/artifacts/runs/sweeps/sciplex_ode_deg_pca/20260410_191143/18
/nfs/roberts/scratch/pi_sk2433/dac227/FlatCFM/artifacts/runs/sweeps/sciplex_ode_deg_pca/20260410_191143/18/checkpoints/best.ckpt
[2026-04-10 20:59:18,192][HYDRA] Launching 1 jobs locally
[2026-04-10 20:59:18,192][HYDRA] 	#19 : task.lr=1.1496482574597627e-05 task.weight_decay=0.0005011707528872649 task.batch_size=512 task.steps_per_epoch=50 task.ode_method=midpoint task.adjoint=True task.n_energy_steps=10 loss.weights.ot=0.19801871497391835 loss.weights.density=0.12332479878931227 loss.weights.energy=0.002924699139356822 loss.sinkhorn_reg=0.03524364515491869 loss.sinkhorn_max_iter=50 model.hidden_dim=256 model.hidden_layers=6 model.dropout=0.1700458960101086 model.condition_dim=64 model.embedding_dim=128 model.projection_dim=64 experiment=sciplex/ode_pca hpo=ode trainer.accelerator=gpu trainer.devices=1 trainer.precision=bf16-mixed trainer.num_workers=4 trainer.pin_memory=True space.projections.0.n_components=16
/nfs/roberts/scratch/pi_sk2433/dac227/FlatCFM/artifacts/runs/sweeps/sciplex_ode_deg_pca/20260410_191143/19
/nfs/roberts/scratch/pi_sk2433/dac227/FlatCFM/artifacts/runs/sweeps/sciplex_ode_deg_pca/20260410_191143/19/checkpoints/best.ckpt
[2026-04-10 21:07:09,499][HYDRA] Best parameters: {'task.lr': 7.560022847129252e-05, 'task.weight_decay': 0.009794171272763807, 'task.batch_size': 512, 'task.steps_per_epoch': 25, 'task.ode_method': 'midpoint', 'task.adjoint': True, 'task.n_energy_steps': 5, 'loss.weights.ot': 0.10661357943363009, 'loss.weights.density': 0.10003228546059455, 'loss.weights.energy': 0.00028966040789692166, 'loss.sinkhorn_reg': 0.14975228732164877, 'loss.sinkhorn_max_iter': 100, 'model.hidden_dim': 256, 'model.hidden_layers': 5, 'model.dropout': 0.13393731063329115, 'model.condition_dim': 64, 'model.embedding_dim': 128, 'model.projection_dim': 64}
[2026-04-10 21:07:09,499][HYDRA] Best value: 0.4795631170272827
