[rank: 0] Seed set to 245
/nfs/roberts/scratch/pi_sk2433/dac227/perturbench/src/perturbench/data/datasplitter.py:345: FutureWarning: The default of observed=False is deprecated and will be changed to True in a future version of pandas. Pass observed=False to retain current behavior or observed=True to adopt the future default and silence this warning.
  for cov_keys, df in self.obs_dataframe.groupby(self.covariate_keys):
/nfs/roberts/scratch/pi_sk2433/dac227/perturbench/src/perturbench/data/datasplitter.py:353: FutureWarning: The default of observed=False is deprecated and will be changed to True in a future version of pandas. Pass observed=False to retain current behavior or observed=True to adopt the future default and silence this warning.
  for pert_key, df in self.obs_dataframe.groupby([self.perturbation_key]):
/nfs/roberts/scratch/pi_sk2433/dac227/perturbench/src/perturbench/data/utils.py:139: FutureWarning: The default of observed=False is deprecated and will be changed to True in a future version of pandas. Pass observed=False to retain current behavior or observed=True to adopt the future default and silence this warning.
  grouped = control_covariate_df.groupby(
/nfs/roberts/scratch/pi_sk2433/dac227/perturbench/src/perturbench/data/utils.py:139: FutureWarning: The default of observed=False is deprecated and will be changed to True in a future version of pandas. Pass observed=False to retain current behavior or observed=True to adopt the future default and silence this warning.
  grouped = control_covariate_df.groupby(
/nfs/roberts/scratch/pi_sk2433/dac227/perturbench/src/perturbench/data/utils.py:139: FutureWarning: The default of observed=False is deprecated and will be changed to True in a future version of pandas. Pass observed=False to retain current behavior or observed=True to adopt the future default and silence this warning.
  grouped = control_covariate_df.groupby(
/nfs/roberts/scratch/pi_sk2433/dac227/perturbench/src/perturbench/data/utils.py:139: FutureWarning: The default of observed=False is deprecated and will be changed to True in a future version of pandas. Pass observed=False to retain current behavior or observed=True to adopt the future default and silence this warning.
  grouped = control_covariate_df.groupby(
/nfs/roberts/scratch/pi_sk2433/dac227/perturbench/src/perturbench/data/modules.py:184: UserWarning: val dataset is missing perturbations from train dataset.
  warnings.warn(
/nfs/roberts/scratch/pi_sk2433/dac227/perturbench/src/perturbench/data/modules.py:184: UserWarning: test dataset is missing perturbations from train dataset.
  warnings.warn(
Trainer already configured with model summary callbacks: [<class 'lightning.pytorch.callbacks.rich_model_summary.RichModelSummary'>]. Skipping setting a default `ModelSummary` callback.
GPU available: True (cuda), used: True
TPU available: False, using: 0 TPU cores
💡 Tip: For seamless cloud logging and experiment tracking, try installing [litlogger](https://pypi.org/project/litlogger/) to enable LitLogger, which logs metrics and artifacts automatically to the Lightning Experiments platform.
You are using a CUDA device ('NVIDIA RTX PRO 6000 Blackwell Server Edition') that has Tensor Cores. To properly utilize them, you should set `torch.set_float32_matmul_precision('medium' | 'high')` which will trade-off precision for performance. For more details, read https://pytorch.org/docs/stable/generated/torch.set_float32_matmul_precision.html#torch.set_float32_matmul_precision
LOCAL_RANK: 0 - CUDA_VISIBLE_DEVICES: [0]
SLURM auto-requeueing enabled. Setting signal handlers.
/nfs/roberts/scratch/pi_sk2433/dac227/FlatCFM/.venv/lib/python3.12/site-packages/lightning/pytorch/utilities/_pytree.py:21: `isinstance(treespec, LeafSpec)` is deprecated, use `isinstance(treespec, TreeSpec) and treespec.is_leaf()` instead.
Error executing job with overrides: ['experiment=neurips2025/sciplex3/decoder_cov_best_params_sciplex3', 'train=true', 'trainer.precision=32']
Traceback (most recent call last):
  File "/home/dac227/.local/share/uv/python/cpython-3.12.11-linux-x86_64-gnu/lib/python3.12/shutil.py", line 847, in move
    os.rename(src, real_dst)
OSError: [Errno 18] Invalid cross-device link: '/tmp/tmp56phmz15' -> '/nfs/roberts/scratch/pi_sk2433/dac227/perturbench/logs/train/runs/2026-04-11_22-17-00/checkpoints/epoch=0-step=29.ckpt'

During handling of the above exception, another exception occurred:

Traceback (most recent call last):
  File "/nfs/roberts/scratch/pi_sk2433/dac227/perturbench/src/perturbench/modelcore/train.py", line 79, in main
    metric_dict = train(runtime_context)
                  ^^^^^^^^^^^^^^^^^^^^^^
  File "/nfs/roberts/scratch/pi_sk2433/dac227/perturbench/src/perturbench/modelcore/train.py", line 44, in train
    trainer.fit(model=model, datamodule=datamodule, ckpt_path=cfg.get("ckpt_path"))
  File "/nfs/roberts/scratch/pi_sk2433/dac227/FlatCFM/.venv/lib/python3.12/site-packages/lightning/pytorch/trainer/trainer.py", line 584, in fit
    call._call_and_handle_interrupt(
  File "/nfs/roberts/scratch/pi_sk2433/dac227/FlatCFM/.venv/lib/python3.12/site-packages/lightning/pytorch/trainer/call.py", line 49, in _call_and_handle_interrupt
    return trainer_fn(*args, **kwargs)
           ^^^^^^^^^^^^^^^^^^^^^^^^^^^
  File "/nfs/roberts/scratch/pi_sk2433/dac227/FlatCFM/.venv/lib/python3.12/site-packages/lightning/pytorch/trainer/trainer.py", line 630, in _fit_impl
    self._run(model, ckpt_path=ckpt_path, weights_only=weights_only)
  File "/nfs/roberts/scratch/pi_sk2433/dac227/FlatCFM/.venv/lib/python3.12/site-packages/lightning/pytorch/trainer/trainer.py", line 1079, in _run
    results = self._run_stage()
              ^^^^^^^^^^^^^^^^^
  File "/nfs/roberts/scratch/pi_sk2433/dac227/FlatCFM/.venv/lib/python3.12/site-packages/lightning/pytorch/trainer/trainer.py", line 1123, in _run_stage
    self.fit_loop.run()
  File "/nfs/roberts/scratch/pi_sk2433/dac227/FlatCFM/.venv/lib/python3.12/site-packages/lightning/pytorch/loops/fit_loop.py", line 218, in run
    self.on_advance_end()
  File "/nfs/roberts/scratch/pi_sk2433/dac227/FlatCFM/.venv/lib/python3.12/site-packages/lightning/pytorch/loops/fit_loop.py", line 480, in on_advance_end
    call._call_callback_hooks(trainer, "on_train_epoch_end", monitoring_callbacks=True)
  File "/nfs/roberts/scratch/pi_sk2433/dac227/FlatCFM/.venv/lib/python3.12/site-packages/lightning/pytorch/trainer/call.py", line 228, in _call_callback_hooks
    fn(trainer, trainer.lightning_module, *args, **kwargs)
  File "/nfs/roberts/scratch/pi_sk2433/dac227/FlatCFM/.venv/lib/python3.12/site-packages/lightning/pytorch/callbacks/model_checkpoint.py", line 493, in on_train_epoch_end
    self._save_topk_checkpoint(trainer, monitor_candidates)
  File "/nfs/roberts/scratch/pi_sk2433/dac227/FlatCFM/.venv/lib/python3.12/site-packages/lightning/pytorch/callbacks/model_checkpoint.py", line 589, in _save_topk_checkpoint
    self._save_monitor_checkpoint(trainer, monitor_candidates)
  File "/nfs/roberts/scratch/pi_sk2433/dac227/FlatCFM/.venv/lib/python3.12/site-packages/lightning/pytorch/callbacks/model_checkpoint.py", line 932, in _save_monitor_checkpoint
    self._update_best_and_save(current, trainer, monitor_candidates)
  File "/nfs/roberts/scratch/pi_sk2433/dac227/FlatCFM/.venv/lib/python3.12/site-packages/lightning/pytorch/callbacks/model_checkpoint.py", line 984, in _update_best_and_save
    self._save_checkpoint(trainer, filepath)
  File "/nfs/roberts/scratch/pi_sk2433/dac227/FlatCFM/.venv/lib/python3.12/site-packages/lightning/pytorch/callbacks/model_checkpoint.py", line 600, in _save_checkpoint
    trainer.save_checkpoint(filepath, self.save_weights_only)
  File "/nfs/roberts/scratch/pi_sk2433/dac227/FlatCFM/.venv/lib/python3.12/site-packages/lightning/pytorch/trainer/trainer.py", line 1464, in save_checkpoint
    self.strategy.save_checkpoint(checkpoint, filepath, storage_options=storage_options)
  File "/nfs/roberts/scratch/pi_sk2433/dac227/FlatCFM/.venv/lib/python3.12/site-packages/lightning/pytorch/strategies/strategy.py", line 491, in save_checkpoint
    self.checkpoint_io.save_checkpoint(checkpoint, filepath, storage_options=storage_options)
  File "/nfs/roberts/scratch/pi_sk2433/dac227/FlatCFM/.venv/lib/python3.12/site-packages/lightning/fabric/plugins/io/torch_io.py", line 58, in save_checkpoint
    _atomic_save(checkpoint, path)
  File "/nfs/roberts/scratch/pi_sk2433/dac227/FlatCFM/.venv/lib/python3.12/site-packages/lightning/fabric/utilities/cloud_io.py", line 103, in _atomic_save
    with fs.transaction, fs.open(urlpath, "wb") as f:
         ^^^^^^^^^^^^^^
  File "/nfs/roberts/scratch/pi_sk2433/dac227/FlatCFM/.venv/lib/python3.12/site-packages/fsspec/transaction.py", line 28, in __exit__
    self.complete(commit=exc_type is None)
  File "/nfs/roberts/scratch/pi_sk2433/dac227/FlatCFM/.venv/lib/python3.12/site-packages/fsspec/transaction.py", line 44, in complete
    f.commit()
  File "/nfs/roberts/scratch/pi_sk2433/dac227/FlatCFM/.venv/lib/python3.12/site-packages/fsspec/implementations/local.py", line 442, in commit
    shutil.move(self.temp, self.path)
  File "/home/dac227/.local/share/uv/python/cpython-3.12.11-linux-x86_64-gnu/lib/python3.12/shutil.py", line 867, in move
    copy_function(src, real_dst)
  File "/home/dac227/.local/share/uv/python/cpython-3.12.11-linux-x86_64-gnu/lib/python3.12/shutil.py", line 475, in copy2
    copyfile(src, dst, follow_symlinks=follow_symlinks)
  File "/home/dac227/.local/share/uv/python/cpython-3.12.11-linux-x86_64-gnu/lib/python3.12/shutil.py", line 262, in copyfile
    with open(dst, 'wb') as fdst:
         ^^^^^^^^^^^^^^^
OSError: [Errno 116] Stale file handle

Set the environment variable HYDRA_FULL_ERROR=1 for a complete stack trace.
srun: error: a1112u09n01: task 0: Exited with exit code 1
