[rank: 0] Seed set to 245
/nfs/roberts/scratch/pi_sk2433/dac227/perturbench/src/perturbench/data/datasplitter.py:345: FutureWarning: The default of observed=False is deprecated and will be changed to True in a future version of pandas. Pass observed=False to retain current behavior or observed=True to adopt the future default and silence this warning.
  for cov_keys, df in self.obs_dataframe.groupby(self.covariate_keys):
/nfs/roberts/scratch/pi_sk2433/dac227/perturbench/src/perturbench/data/datasplitter.py:353: FutureWarning: The default of observed=False is deprecated and will be changed to True in a future version of pandas. Pass observed=False to retain current behavior or observed=True to adopt the future default and silence this warning.
  for pert_key, df in self.obs_dataframe.groupby([self.perturbation_key]):
/nfs/roberts/scratch/pi_sk2433/dac227/perturbench/src/perturbench/data/utils.py:139: FutureWarning: The default of observed=False is deprecated and will be changed to True in a future version of pandas. Pass observed=False to retain current behavior or observed=True to adopt the future default and silence this warning.
  grouped = control_covariate_df.groupby(
/nfs/roberts/scratch/pi_sk2433/dac227/perturbench/src/perturbench/data/utils.py:139: FutureWarning: The default of observed=False is deprecated and will be changed to True in a future version of pandas. Pass observed=False to retain current behavior or observed=True to adopt the future default and silence this warning.
  grouped = control_covariate_df.groupby(
/nfs/roberts/scratch/pi_sk2433/dac227/perturbench/src/perturbench/data/utils.py:139: FutureWarning: The default of observed=False is deprecated and will be changed to True in a future version of pandas. Pass observed=False to retain current behavior or observed=True to adopt the future default and silence this warning.
  grouped = control_covariate_df.groupby(
/nfs/roberts/scratch/pi_sk2433/dac227/perturbench/src/perturbench/data/utils.py:139: FutureWarning: The default of observed=False is deprecated and will be changed to True in a future version of pandas. Pass observed=False to retain current behavior or observed=True to adopt the future default and silence this warning.
  grouped = control_covariate_df.groupby(
/nfs/roberts/scratch/pi_sk2433/dac227/perturbench/src/perturbench/data/modules.py:184: UserWarning: val dataset is missing perturbations from train dataset.
  warnings.warn(
/nfs/roberts/scratch/pi_sk2433/dac227/perturbench/src/perturbench/data/modules.py:184: UserWarning: test dataset is missing perturbations from train dataset.
  warnings.warn(
Trainer already configured with model summary callbacks: [<class 'lightning.pytorch.callbacks.rich_model_summary.RichModelSummary'>]. Skipping setting a default `ModelSummary` callback.
GPU available: True (cuda), used: True
TPU available: False, using: 0 TPU cores
💡 Tip: For seamless cloud logging and experiment tracking, try installing [litlogger](https://pypi.org/project/litlogger/) to enable LitLogger, which logs metrics and artifacts automatically to the Lightning Experiments platform.
You are using a CUDA device ('NVIDIA RTX 5000 Ada Generation') that has Tensor Cores. To properly utilize them, you should set `torch.set_float32_matmul_precision('medium' | 'high')` which will trade-off precision for performance. For more details, read https://pytorch.org/docs/stable/generated/torch.set_float32_matmul_precision.html#torch.set_float32_matmul_precision
Restoring states from the checkpoint path at /home/dac227/scratch_pi_sk2433/dac227/perturbench/logs/train/runs/2026-04-18_11-08-53_8766046/checkpoints/epoch=14-step=435.ckpt
/nfs/roberts/scratch/pi_sk2433/dac227/FlatCFM/.venv/lib/python3.12/site-packages/lightning/pytorch/callbacks/model_checkpoint.py:566: The dirpath has changed from '/nfs/roberts/scratch/pi_sk2433/dac227/perturbench/logs/train/runs/2026-04-18_11-08-53_8766046/checkpoints' to '/nfs/roberts/scratch/pi_sk2433/dac227/perturbench/logs/train/runs/2026-04-18_20-01-20_8877465/checkpoints', therefore `best_model_score`, `kth_best_model_path`, `kth_value`, `last_model_path` and `best_k_models` won't be reloaded. Only `best_model_path` will be reloaded.
LOCAL_RANK: 0 - CUDA_VISIBLE_DEVICES: [0]
Loaded model weights from the checkpoint at /home/dac227/scratch_pi_sk2433/dac227/perturbench/logs/train/runs/2026-04-18_11-08-53_8766046/checkpoints/epoch=14-step=435.ckpt
SLURM auto-requeueing enabled. Setting signal handlers.
/nfs/roberts/scratch/pi_sk2433/dac227/FlatCFM/.venv/lib/python3.12/site-packages/lightning/pytorch/utilities/_pytree.py:21: `isinstance(treespec, LeafSpec)` is deprecated, use `isinstance(treespec, TreeSpec) and treespec.is_leaf()` instead.
... storing 'cell_type' as categorical
/nfs/roberts/scratch/pi_sk2433/dac227/FlatCFM/.venv/lib/python3.12/site-packages/scanpy/tools/_rank_genes_groups.py:483: RuntimeWarning: invalid value encountered in log2
  self.stats[group_name, "logfoldchanges"] = np.log2(
/nfs/roberts/scratch/pi_sk2433/dac227/FlatCFM/.venv/lib/python3.12/site-packages/scanpy/tools/_rank_genes_groups.py:483: RuntimeWarning: invalid value encountered in log2
  self.stats[group_name, "logfoldchanges"] = np.log2(
/nfs/roberts/scratch/pi_sk2433/dac227/FlatCFM/.venv/lib/python3.12/site-packages/scanpy/tools/_rank_genes_groups.py:483: RuntimeWarning: invalid value encountered in log2
  self.stats[group_name, "logfoldchanges"] = np.log2(
/nfs/roberts/scratch/pi_sk2433/dac227/FlatCFM/.venv/lib/python3.12/site-packages/scanpy/tools/_rank_genes_groups.py:483: RuntimeWarning: invalid value encountered in log2
  self.stats[group_name, "logfoldchanges"] = np.log2(
/nfs/roberts/scratch/pi_sk2433/dac227/FlatCFM/.venv/lib/python3.12/site-packages/scanpy/tools/_rank_genes_groups.py:483: RuntimeWarning: invalid value encountered in log2
  self.stats[group_name, "logfoldchanges"] = np.log2(
/nfs/roberts/scratch/pi_sk2433/dac227/FlatCFM/.venv/lib/python3.12/site-packages/scanpy/tools/_rank_genes_groups.py:483: RuntimeWarning: invalid value encountered in log2
  self.stats[group_name, "logfoldchanges"] = np.log2(
/nfs/roberts/scratch/pi_sk2433/dac227/FlatCFM/.venv/lib/python3.12/site-packages/scanpy/tools/_rank_genes_groups.py:483: RuntimeWarning: invalid value encountered in log2
  self.stats[group_name, "logfoldchanges"] = np.log2(
/nfs/roberts/scratch/pi_sk2433/dac227/FlatCFM/.venv/lib/python3.12/site-packages/scanpy/tools/_rank_genes_groups.py:483: RuntimeWarning: invalid value encountered in log2
  self.stats[group_name, "logfoldchanges"] = np.log2(
/nfs/roberts/scratch/pi_sk2433/dac227/FlatCFM/.venv/lib/python3.12/site-packages/scanpy/tools/_rank_genes_groups.py:483: RuntimeWarning: invalid value encountered in log2
  self.stats[group_name, "logfoldchanges"] = np.log2(
/nfs/roberts/scratch/pi_sk2433/dac227/FlatCFM/.venv/lib/python3.12/site-packages/scanpy/tools/_rank_genes_groups.py:483: RuntimeWarning: invalid value encountered in log2
  self.stats[group_name, "logfoldchanges"] = np.log2(
/nfs/roberts/scratch/pi_sk2433/dac227/FlatCFM/.venv/lib/python3.12/site-packages/scanpy/tools/_rank_genes_groups.py:483: RuntimeWarning: invalid value encountered in log2
  self.stats[group_name, "logfoldchanges"] = np.log2(
/nfs/roberts/scratch/pi_sk2433/dac227/FlatCFM/.venv/lib/python3.12/site-packages/scanpy/tools/_rank_genes_groups.py:483: RuntimeWarning: invalid value encountered in log2
  self.stats[group_name, "logfoldchanges"] = np.log2(
/nfs/roberts/scratch/pi_sk2433/dac227/FlatCFM/.venv/lib/python3.12/site-packages/scanpy/tools/_rank_genes_groups.py:483: RuntimeWarning: invalid value encountered in log2
  self.stats[group_name, "logfoldchanges"] = np.log2(
/nfs/roberts/scratch/pi_sk2433/dac227/FlatCFM/.venv/lib/python3.12/site-packages/scanpy/tools/_rank_genes_groups.py:483: RuntimeWarning: invalid value encountered in log2
  self.stats[group_name, "logfoldchanges"] = np.log2(
/nfs/roberts/scratch/pi_sk2433/dac227/FlatCFM/.venv/lib/python3.12/site-packages/scanpy/tools/_rank_genes_groups.py:483: RuntimeWarning: invalid value encountered in log2
  self.stats[group_name, "logfoldchanges"] = np.log2(
/nfs/roberts/scratch/pi_sk2433/dac227/FlatCFM/.venv/lib/python3.12/site-packages/scanpy/tools/_rank_genes_groups.py:483: RuntimeWarning: invalid value encountered in log2
  self.stats[group_name, "logfoldchanges"] = np.log2(
/nfs/roberts/scratch/pi_sk2433/dac227/FlatCFM/.venv/lib/python3.12/site-packages/scanpy/tools/_rank_genes_groups.py:483: RuntimeWarning: invalid value encountered in log2
  self.stats[group_name, "logfoldchanges"] = np.log2(
/nfs/roberts/scratch/pi_sk2433/dac227/FlatCFM/.venv/lib/python3.12/site-packages/scanpy/tools/_rank_genes_groups.py:483: RuntimeWarning: invalid value encountered in log2
  self.stats[group_name, "logfoldchanges"] = np.log2(
/nfs/roberts/scratch/pi_sk2433/dac227/FlatCFM/.venv/lib/python3.12/site-packages/scanpy/tools/_rank_genes_groups.py:483: RuntimeWarning: invalid value encountered in log2
  self.stats[group_name, "logfoldchanges"] = np.log2(
/nfs/roberts/scratch/pi_sk2433/dac227/FlatCFM/.venv/lib/python3.12/site-packages/scanpy/tools/_rank_genes_groups.py:483: RuntimeWarning: invalid value encountered in log2
  self.stats[group_name, "logfoldchanges"] = np.log2(
/nfs/roberts/scratch/pi_sk2433/dac227/FlatCFM/.venv/lib/python3.12/site-packages/scanpy/tools/_rank_genes_groups.py:483: RuntimeWarning: invalid value encountered in log2
  self.stats[group_name, "logfoldchanges"] = np.log2(
/nfs/roberts/scratch/pi_sk2433/dac227/FlatCFM/.venv/lib/python3.12/site-packages/scanpy/tools/_rank_genes_groups.py:483: RuntimeWarning: invalid value encountered in log2
  self.stats[group_name, "logfoldchanges"] = np.log2(
/nfs/roberts/scratch/pi_sk2433/dac227/FlatCFM/.venv/lib/python3.12/site-packages/scanpy/tools/_rank_genes_groups.py:483: RuntimeWarning: invalid value encountered in log2
  self.stats[group_name, "logfoldchanges"] = np.log2(
/nfs/roberts/scratch/pi_sk2433/dac227/FlatCFM/.venv/lib/python3.12/site-packages/scanpy/tools/_rank_genes_groups.py:483: RuntimeWarning: invalid value encountered in log2
  self.stats[group_name, "logfoldchanges"] = np.log2(
/nfs/roberts/scratch/pi_sk2433/dac227/FlatCFM/.venv/lib/python3.12/site-packages/scanpy/tools/_rank_genes_groups.py:483: RuntimeWarning: invalid value encountered in log2
  self.stats[group_name, "logfoldchanges"] = np.log2(
/nfs/roberts/scratch/pi_sk2433/dac227/FlatCFM/.venv/lib/python3.12/site-packages/scanpy/tools/_rank_genes_groups.py:483: RuntimeWarning: invalid value encountered in log2
  self.stats[group_name, "logfoldchanges"] = np.log2(
/nfs/roberts/scratch/pi_sk2433/dac227/FlatCFM/.venv/lib/python3.12/site-packages/scanpy/tools/_rank_genes_groups.py:483: RuntimeWarning: invalid value encountered in log2
  self.stats[group_name, "logfoldchanges"] = np.log2(
/nfs/roberts/scratch/pi_sk2433/dac227/FlatCFM/.venv/lib/python3.12/site-packages/scanpy/tools/_rank_genes_groups.py:483: RuntimeWarning: invalid value encountered in log2
  self.stats[group_name, "logfoldchanges"] = np.log2(
... storing 'cell_type' as categorical
/nfs/roberts/scratch/pi_sk2433/dac227/FlatCFM/.venv/lib/python3.12/site-packages/scanpy/tools/_rank_genes_groups.py:483: RuntimeWarning: invalid value encountered in log2
  self.stats[group_name, "logfoldchanges"] = np.log2(
/nfs/roberts/scratch/pi_sk2433/dac227/FlatCFM/.venv/lib/python3.12/site-packages/scanpy/tools/_rank_genes_groups.py:483: RuntimeWarning: invalid value encountered in log2
  self.stats[group_name, "logfoldchanges"] = np.log2(
/nfs/roberts/scratch/pi_sk2433/dac227/FlatCFM/.venv/lib/python3.12/site-packages/scanpy/tools/_rank_genes_groups.py:483: RuntimeWarning: invalid value encountered in log2
  self.stats[group_name, "logfoldchanges"] = np.log2(
/nfs/roberts/scratch/pi_sk2433/dac227/FlatCFM/.venv/lib/python3.12/site-packages/scanpy/tools/_rank_genes_groups.py:483: RuntimeWarning: invalid value encountered in log2
  self.stats[group_name, "logfoldchanges"] = np.log2(
/nfs/roberts/scratch/pi_sk2433/dac227/FlatCFM/.venv/lib/python3.12/site-packages/scanpy/tools/_rank_genes_groups.py:483: RuntimeWarning: invalid value encountered in log2
  self.stats[group_name, "logfoldchanges"] = np.log2(
/nfs/roberts/scratch/pi_sk2433/dac227/FlatCFM/.venv/lib/python3.12/site-packages/scanpy/tools/_rank_genes_groups.py:483: RuntimeWarning: invalid value encountered in log2
  self.stats[group_name, "logfoldchanges"] = np.log2(
/nfs/roberts/scratch/pi_sk2433/dac227/FlatCFM/.venv/lib/python3.12/site-packages/scanpy/tools/_rank_genes_groups.py:483: RuntimeWarning: invalid value encountered in log2
  self.stats[group_name, "logfoldchanges"] = np.log2(
/nfs/roberts/scratch/pi_sk2433/dac227/FlatCFM/.venv/lib/python3.12/site-packages/scanpy/tools/_rank_genes_groups.py:483: RuntimeWarning: invalid value encountered in log2
  self.stats[group_name, "logfoldchanges"] = np.log2(
/nfs/roberts/scratch/pi_sk2433/dac227/FlatCFM/.venv/lib/python3.12/site-packages/scanpy/tools/_rank_genes_groups.py:483: RuntimeWarning: invalid value encountered in log2
  self.stats[group_name, "logfoldchanges"] = np.log2(
/nfs/roberts/scratch/pi_sk2433/dac227/FlatCFM/.venv/lib/python3.12/site-packages/scanpy/tools/_rank_genes_groups.py:483: RuntimeWarning: invalid value encountered in log2
  self.stats[group_name, "logfoldchanges"] = np.log2(
/nfs/roberts/scratch/pi_sk2433/dac227/FlatCFM/.venv/lib/python3.12/site-packages/scanpy/tools/_rank_genes_groups.py:483: RuntimeWarning: invalid value encountered in log2
  self.stats[group_name, "logfoldchanges"] = np.log2(
/nfs/roberts/scratch/pi_sk2433/dac227/FlatCFM/.venv/lib/python3.12/site-packages/scanpy/tools/_rank_genes_groups.py:483: RuntimeWarning: invalid value encountered in log2
  self.stats[group_name, "logfoldchanges"] = np.log2(
/nfs/roberts/scratch/pi_sk2433/dac227/FlatCFM/.venv/lib/python3.12/site-packages/scanpy/tools/_rank_genes_groups.py:483: RuntimeWarning: invalid value encountered in log2
  self.stats[group_name, "logfoldchanges"] = np.log2(
/nfs/roberts/scratch/pi_sk2433/dac227/FlatCFM/.venv/lib/python3.12/site-packages/scanpy/tools/_rank_genes_groups.py:483: RuntimeWarning: invalid value encountered in log2
  self.stats[group_name, "logfoldchanges"] = np.log2(
/nfs/roberts/scratch/pi_sk2433/dac227/FlatCFM/.venv/lib/python3.12/site-packages/scanpy/tools/_rank_genes_groups.py:483: RuntimeWarning: invalid value encountered in log2
  self.stats[group_name, "logfoldchanges"] = np.log2(
/nfs/roberts/scratch/pi_sk2433/dac227/FlatCFM/.venv/lib/python3.12/site-packages/scanpy/tools/_rank_genes_groups.py:483: RuntimeWarning: invalid value encountered in log2
  self.stats[group_name, "logfoldchanges"] = np.log2(
/nfs/roberts/scratch/pi_sk2433/dac227/FlatCFM/.venv/lib/python3.12/site-packages/scanpy/tools/_rank_genes_groups.py:483: RuntimeWarning: invalid value encountered in log2
  self.stats[group_name, "logfoldchanges"] = np.log2(
/nfs/roberts/scratch/pi_sk2433/dac227/FlatCFM/.venv/lib/python3.12/site-packages/scanpy/tools/_rank_genes_groups.py:483: RuntimeWarning: invalid value encountered in log2
  self.stats[group_name, "logfoldchanges"] = np.log2(
/nfs/roberts/scratch/pi_sk2433/dac227/FlatCFM/.venv/lib/python3.12/site-packages/scanpy/tools/_rank_genes_groups.py:483: RuntimeWarning: invalid value encountered in log2
  self.stats[group_name, "logfoldchanges"] = np.log2(
/nfs/roberts/scratch/pi_sk2433/dac227/FlatCFM/.venv/lib/python3.12/site-packages/scanpy/tools/_rank_genes_groups.py:483: RuntimeWarning: invalid value encountered in log2
  self.stats[group_name, "logfoldchanges"] = np.log2(
/nfs/roberts/scratch/pi_sk2433/dac227/FlatCFM/.venv/lib/python3.12/site-packages/scanpy/tools/_rank_genes_groups.py:483: RuntimeWarning: invalid value encountered in log2
  self.stats[group_name, "logfoldchanges"] = np.log2(
/nfs/roberts/scratch/pi_sk2433/dac227/FlatCFM/.venv/lib/python3.12/site-packages/scanpy/tools/_rank_genes_groups.py:483: RuntimeWarning: invalid value encountered in log2
  self.stats[group_name, "logfoldchanges"] = np.log2(
/nfs/roberts/scratch/pi_sk2433/dac227/FlatCFM/.venv/lib/python3.12/site-packages/scanpy/tools/_rank_genes_groups.py:483: RuntimeWarning: invalid value encountered in log2
  self.stats[group_name, "logfoldchanges"] = np.log2(
/nfs/roberts/scratch/pi_sk2433/dac227/FlatCFM/.venv/lib/python3.12/site-packages/scanpy/tools/_rank_genes_groups.py:483: RuntimeWarning: invalid value encountered in log2
  self.stats[group_name, "logfoldchanges"] = np.log2(
/nfs/roberts/scratch/pi_sk2433/dac227/FlatCFM/.venv/lib/python3.12/site-packages/scanpy/tools/_rank_genes_groups.py:483: RuntimeWarning: invalid value encountered in log2
  self.stats[group_name, "logfoldchanges"] = np.log2(
/nfs/roberts/scratch/pi_sk2433/dac227/FlatCFM/.venv/lib/python3.12/site-packages/scanpy/tools/_rank_genes_groups.py:483: RuntimeWarning: invalid value encountered in log2
  self.stats[group_name, "logfoldchanges"] = np.log2(
/nfs/roberts/scratch/pi_sk2433/dac227/FlatCFM/.venv/lib/python3.12/site-packages/scanpy/tools/_rank_genes_groups.py:483: RuntimeWarning: invalid value encountered in log2
  self.stats[group_name, "logfoldchanges"] = np.log2(
/nfs/roberts/scratch/pi_sk2433/dac227/FlatCFM/.venv/lib/python3.12/site-packages/scanpy/tools/_rank_genes_groups.py:483: RuntimeWarning: invalid value encountered in log2
  self.stats[group_name, "logfoldchanges"] = np.log2(
/nfs/roberts/scratch/pi_sk2433/dac227/FlatCFM/.venv/lib/python3.12/site-packages/scanpy/tools/_rank_genes_groups.py:483: RuntimeWarning: invalid value encountered in log2
  self.stats[group_name, "logfoldchanges"] = np.log2(
... storing 'cell_type' as categorical
/nfs/roberts/scratch/pi_sk2433/dac227/FlatCFM/.venv/lib/python3.12/site-packages/scanpy/tools/_rank_genes_groups.py:483: RuntimeWarning: invalid value encountered in log2
  self.stats[group_name, "logfoldchanges"] = np.log2(
/nfs/roberts/scratch/pi_sk2433/dac227/FlatCFM/.venv/lib/python3.12/site-packages/scanpy/tools/_rank_genes_groups.py:483: RuntimeWarning: invalid value encountered in log2
  self.stats[group_name, "logfoldchanges"] = np.log2(
/nfs/roberts/scratch/pi_sk2433/dac227/FlatCFM/.venv/lib/python3.12/site-packages/scanpy/tools/_rank_genes_groups.py:483: RuntimeWarning: invalid value encountered in log2
  self.stats[group_name, "logfoldchanges"] = np.log2(
/nfs/roberts/scratch/pi_sk2433/dac227/FlatCFM/.venv/lib/python3.12/site-packages/scanpy/tools/_rank_genes_groups.py:483: RuntimeWarning: invalid value encountered in log2
  self.stats[group_name, "logfoldchanges"] = np.log2(
/nfs/roberts/scratch/pi_sk2433/dac227/FlatCFM/.venv/lib/python3.12/site-packages/scanpy/tools/_rank_genes_groups.py:483: RuntimeWarning: invalid value encountered in log2
  self.stats[group_name, "logfoldchanges"] = np.log2(
/nfs/roberts/scratch/pi_sk2433/dac227/FlatCFM/.venv/lib/python3.12/site-packages/scanpy/tools/_rank_genes_groups.py:483: RuntimeWarning: invalid value encountered in log2
  self.stats[group_name, "logfoldchanges"] = np.log2(
/nfs/roberts/scratch/pi_sk2433/dac227/FlatCFM/.venv/lib/python3.12/site-packages/scanpy/tools/_rank_genes_groups.py:483: RuntimeWarning: invalid value encountered in log2
  self.stats[group_name, "logfoldchanges"] = np.log2(
/nfs/roberts/scratch/pi_sk2433/dac227/FlatCFM/.venv/lib/python3.12/site-packages/scanpy/tools/_rank_genes_groups.py:483: RuntimeWarning: invalid value encountered in log2
  self.stats[group_name, "logfoldchanges"] = np.log2(
/nfs/roberts/scratch/pi_sk2433/dac227/FlatCFM/.venv/lib/python3.12/site-packages/scanpy/tools/_rank_genes_groups.py:483: RuntimeWarning: invalid value encountered in log2
  self.stats[group_name, "logfoldchanges"] = np.log2(
/nfs/roberts/scratch/pi_sk2433/dac227/FlatCFM/.venv/lib/python3.12/site-packages/scanpy/tools/_rank_genes_groups.py:483: RuntimeWarning: invalid value encountered in log2
  self.stats[group_name, "logfoldchanges"] = np.log2(
/nfs/roberts/scratch/pi_sk2433/dac227/FlatCFM/.venv/lib/python3.12/site-packages/scanpy/tools/_rank_genes_groups.py:483: RuntimeWarning: invalid value encountered in log2
  self.stats[group_name, "logfoldchanges"] = np.log2(
/nfs/roberts/scratch/pi_sk2433/dac227/FlatCFM/.venv/lib/python3.12/site-packages/scanpy/tools/_rank_genes_groups.py:483: RuntimeWarning: invalid value encountered in log2
  self.stats[group_name, "logfoldchanges"] = np.log2(
/nfs/roberts/scratch/pi_sk2433/dac227/FlatCFM/.venv/lib/python3.12/site-packages/scanpy/tools/_rank_genes_groups.py:483: RuntimeWarning: invalid value encountered in log2
  self.stats[group_name, "logfoldchanges"] = np.log2(
/nfs/roberts/scratch/pi_sk2433/dac227/FlatCFM/.venv/lib/python3.12/site-packages/scanpy/tools/_rank_genes_groups.py:483: RuntimeWarning: invalid value encountered in log2
  self.stats[group_name, "logfoldchanges"] = np.log2(
/nfs/roberts/scratch/pi_sk2433/dac227/FlatCFM/.venv/lib/python3.12/site-packages/scanpy/tools/_rank_genes_groups.py:483: RuntimeWarning: invalid value encountered in log2
  self.stats[group_name, "logfoldchanges"] = np.log2(
/nfs/roberts/scratch/pi_sk2433/dac227/FlatCFM/.venv/lib/python3.12/site-packages/scanpy/tools/_rank_genes_groups.py:483: RuntimeWarning: invalid value encountered in log2
  self.stats[group_name, "logfoldchanges"] = np.log2(
/nfs/roberts/scratch/pi_sk2433/dac227/FlatCFM/.venv/lib/python3.12/site-packages/scanpy/tools/_rank_genes_groups.py:483: RuntimeWarning: invalid value encountered in log2
  self.stats[group_name, "logfoldchanges"] = np.log2(
/nfs/roberts/scratch/pi_sk2433/dac227/FlatCFM/.venv/lib/python3.12/site-packages/scanpy/tools/_rank_genes_groups.py:483: RuntimeWarning: invalid value encountered in log2
  self.stats[group_name, "logfoldchanges"] = np.log2(
/nfs/roberts/scratch/pi_sk2433/dac227/FlatCFM/.venv/lib/python3.12/site-packages/scanpy/tools/_rank_genes_groups.py:483: RuntimeWarning: invalid value encountered in log2
  self.stats[group_name, "logfoldchanges"] = np.log2(
/nfs/roberts/scratch/pi_sk2433/dac227/FlatCFM/.venv/lib/python3.12/site-packages/scanpy/tools/_rank_genes_groups.py:483: RuntimeWarning: invalid value encountered in log2
  self.stats[group_name, "logfoldchanges"] = np.log2(
/nfs/roberts/scratch/pi_sk2433/dac227/FlatCFM/.venv/lib/python3.12/site-packages/scanpy/tools/_rank_genes_groups.py:483: RuntimeWarning: invalid value encountered in log2
  self.stats[group_name, "logfoldchanges"] = np.log2(
/nfs/roberts/scratch/pi_sk2433/dac227/FlatCFM/.venv/lib/python3.12/site-packages/scanpy/tools/_rank_genes_groups.py:483: RuntimeWarning: invalid value encountered in log2
  self.stats[group_name, "logfoldchanges"] = np.log2(
/nfs/roberts/scratch/pi_sk2433/dac227/FlatCFM/.venv/lib/python3.12/site-packages/scanpy/tools/_rank_genes_groups.py:483: RuntimeWarning: invalid value encountered in log2
  self.stats[group_name, "logfoldchanges"] = np.log2(
/nfs/roberts/scratch/pi_sk2433/dac227/FlatCFM/.venv/lib/python3.12/site-packages/scanpy/tools/_rank_genes_groups.py:483: RuntimeWarning: invalid value encountered in log2
  self.stats[group_name, "logfoldchanges"] = np.log2(
/nfs/roberts/scratch/pi_sk2433/dac227/FlatCFM/.venv/lib/python3.12/site-packages/scanpy/tools/_rank_genes_groups.py:483: RuntimeWarning: invalid value encountered in log2
  self.stats[group_name, "logfoldchanges"] = np.log2(
/nfs/roberts/scratch/pi_sk2433/dac227/FlatCFM/.venv/lib/python3.12/site-packages/scanpy/tools/_rank_genes_groups.py:483: RuntimeWarning: invalid value encountered in log2
  self.stats[group_name, "logfoldchanges"] = np.log2(
/nfs/roberts/scratch/pi_sk2433/dac227/FlatCFM/.venv/lib/python3.12/site-packages/scanpy/tools/_rank_genes_groups.py:483: RuntimeWarning: invalid value encountered in log2
  self.stats[group_name, "logfoldchanges"] = np.log2(
/nfs/roberts/scratch/pi_sk2433/dac227/FlatCFM/.venv/lib/python3.12/site-packages/scanpy/tools/_rank_genes_groups.py:483: RuntimeWarning: invalid value encountered in log2
  self.stats[group_name, "logfoldchanges"] = np.log2(
/nfs/roberts/scratch/pi_sk2433/dac227/FlatCFM/.venv/lib/python3.12/site-packages/scanpy/tools/_rank_genes_groups.py:483: RuntimeWarning: invalid value encountered in log2
  self.stats[group_name, "logfoldchanges"] = np.log2(
... storing 'transfer_split_seed42' as categorical
... storing 'transfer_split_seed42' as categorical
... storing 'transfer_split_seed42' as categorical
/nfs/roberts/scratch/pi_sk2433/dac227/FlatCFM/.venv/lib/python3.12/site-packages/pandas/core/arraylike.py:399: RuntimeWarning: invalid value encountered in log2
  result = getattr(ufunc, method)(*inputs, **kwargs)
/nfs/roberts/scratch/pi_sk2433/dac227/FlatCFM/.venv/lib/python3.12/site-packages/pandas/core/arraylike.py:399: RuntimeWarning: invalid value encountered in log2
  result = getattr(ufunc, method)(*inputs, **kwargs)
/nfs/roberts/scratch/pi_sk2433/dac227/FlatCFM/.venv/lib/python3.12/site-packages/pandas/core/arraylike.py:399: RuntimeWarning: invalid value encountered in log2
  result = getattr(ufunc, method)(*inputs, **kwargs)
... storing 'cell_type' as categorical
/nfs/roberts/scratch/pi_sk2433/dac227/FlatCFM/.venv/lib/python3.12/site-packages/scanpy/tools/_rank_genes_groups.py:483: RuntimeWarning: invalid value encountered in log2
  self.stats[group_name, "logfoldchanges"] = np.log2(
/nfs/roberts/scratch/pi_sk2433/dac227/FlatCFM/.venv/lib/python3.12/site-packages/scanpy/tools/_rank_genes_groups.py:483: RuntimeWarning: invalid value encountered in log2
  self.stats[group_name, "logfoldchanges"] = np.log2(
/nfs/roberts/scratch/pi_sk2433/dac227/FlatCFM/.venv/lib/python3.12/site-packages/scanpy/tools/_rank_genes_groups.py:483: RuntimeWarning: invalid value encountered in log2
  self.stats[group_name, "logfoldchanges"] = np.log2(
/nfs/roberts/scratch/pi_sk2433/dac227/FlatCFM/.venv/lib/python3.12/site-packages/scanpy/tools/_rank_genes_groups.py:483: RuntimeWarning: invalid value encountered in log2
  self.stats[group_name, "logfoldchanges"] = np.log2(
/nfs/roberts/scratch/pi_sk2433/dac227/FlatCFM/.venv/lib/python3.12/site-packages/scanpy/tools/_rank_genes_groups.py:483: RuntimeWarning: invalid value encountered in log2
  self.stats[group_name, "logfoldchanges"] = np.log2(
/nfs/roberts/scratch/pi_sk2433/dac227/FlatCFM/.venv/lib/python3.12/site-packages/scanpy/tools/_rank_genes_groups.py:483: RuntimeWarning: invalid value encountered in log2
  self.stats[group_name, "logfoldchanges"] = np.log2(
/nfs/roberts/scratch/pi_sk2433/dac227/FlatCFM/.venv/lib/python3.12/site-packages/scanpy/tools/_rank_genes_groups.py:483: RuntimeWarning: invalid value encountered in log2
  self.stats[group_name, "logfoldchanges"] = np.log2(
/nfs/roberts/scratch/pi_sk2433/dac227/FlatCFM/.venv/lib/python3.12/site-packages/scanpy/tools/_rank_genes_groups.py:483: RuntimeWarning: invalid value encountered in log2
  self.stats[group_name, "logfoldchanges"] = np.log2(
/nfs/roberts/scratch/pi_sk2433/dac227/FlatCFM/.venv/lib/python3.12/site-packages/scanpy/tools/_rank_genes_groups.py:483: RuntimeWarning: invalid value encountered in log2
  self.stats[group_name, "logfoldchanges"] = np.log2(
/nfs/roberts/scratch/pi_sk2433/dac227/FlatCFM/.venv/lib/python3.12/site-packages/scanpy/tools/_rank_genes_groups.py:483: RuntimeWarning: invalid value encountered in log2
  self.stats[group_name, "logfoldchanges"] = np.log2(
/nfs/roberts/scratch/pi_sk2433/dac227/FlatCFM/.venv/lib/python3.12/site-packages/scanpy/tools/_rank_genes_groups.py:483: RuntimeWarning: invalid value encountered in log2
  self.stats[group_name, "logfoldchanges"] = np.log2(
/nfs/roberts/scratch/pi_sk2433/dac227/FlatCFM/.venv/lib/python3.12/site-packages/scanpy/tools/_rank_genes_groups.py:483: RuntimeWarning: invalid value encountered in log2
  self.stats[group_name, "logfoldchanges"] = np.log2(
/nfs/roberts/scratch/pi_sk2433/dac227/FlatCFM/.venv/lib/python3.12/site-packages/scanpy/tools/_rank_genes_groups.py:483: RuntimeWarning: invalid value encountered in log2
  self.stats[group_name, "logfoldchanges"] = np.log2(
/nfs/roberts/scratch/pi_sk2433/dac227/FlatCFM/.venv/lib/python3.12/site-packages/scanpy/tools/_rank_genes_groups.py:483: RuntimeWarning: invalid value encountered in log2
  self.stats[group_name, "logfoldchanges"] = np.log2(
/nfs/roberts/scratch/pi_sk2433/dac227/FlatCFM/.venv/lib/python3.12/site-packages/scanpy/tools/_rank_genes_groups.py:483: RuntimeWarning: invalid value encountered in log2
  self.stats[group_name, "logfoldchanges"] = np.log2(
/nfs/roberts/scratch/pi_sk2433/dac227/FlatCFM/.venv/lib/python3.12/site-packages/scanpy/tools/_rank_genes_groups.py:483: RuntimeWarning: invalid value encountered in log2
  self.stats[group_name, "logfoldchanges"] = np.log2(
/nfs/roberts/scratch/pi_sk2433/dac227/FlatCFM/.venv/lib/python3.12/site-packages/scanpy/tools/_rank_genes_groups.py:483: RuntimeWarning: invalid value encountered in log2
  self.stats[group_name, "logfoldchanges"] = np.log2(
/nfs/roberts/scratch/pi_sk2433/dac227/FlatCFM/.venv/lib/python3.12/site-packages/scanpy/tools/_rank_genes_groups.py:483: RuntimeWarning: invalid value encountered in log2
  self.stats[group_name, "logfoldchanges"] = np.log2(
/nfs/roberts/scratch/pi_sk2433/dac227/FlatCFM/.venv/lib/python3.12/site-packages/scanpy/tools/_rank_genes_groups.py:483: RuntimeWarning: invalid value encountered in log2
  self.stats[group_name, "logfoldchanges"] = np.log2(
/nfs/roberts/scratch/pi_sk2433/dac227/FlatCFM/.venv/lib/python3.12/site-packages/scanpy/tools/_rank_genes_groups.py:483: RuntimeWarning: invalid value encountered in log2
  self.stats[group_name, "logfoldchanges"] = np.log2(
/nfs/roberts/scratch/pi_sk2433/dac227/FlatCFM/.venv/lib/python3.12/site-packages/scanpy/tools/_rank_genes_groups.py:483: RuntimeWarning: invalid value encountered in log2
  self.stats[group_name, "logfoldchanges"] = np.log2(
/nfs/roberts/scratch/pi_sk2433/dac227/FlatCFM/.venv/lib/python3.12/site-packages/scanpy/tools/_rank_genes_groups.py:483: RuntimeWarning: invalid value encountered in log2
  self.stats[group_name, "logfoldchanges"] = np.log2(
/nfs/roberts/scratch/pi_sk2433/dac227/FlatCFM/.venv/lib/python3.12/site-packages/scanpy/tools/_rank_genes_groups.py:483: RuntimeWarning: invalid value encountered in log2
  self.stats[group_name, "logfoldchanges"] = np.log2(
/nfs/roberts/scratch/pi_sk2433/dac227/FlatCFM/.venv/lib/python3.12/site-packages/scanpy/tools/_rank_genes_groups.py:483: RuntimeWarning: invalid value encountered in log2
  self.stats[group_name, "logfoldchanges"] = np.log2(
/nfs/roberts/scratch/pi_sk2433/dac227/FlatCFM/.venv/lib/python3.12/site-packages/scanpy/tools/_rank_genes_groups.py:483: RuntimeWarning: invalid value encountered in log2
  self.stats[group_name, "logfoldchanges"] = np.log2(
/nfs/roberts/scratch/pi_sk2433/dac227/FlatCFM/.venv/lib/python3.12/site-packages/scanpy/tools/_rank_genes_groups.py:483: RuntimeWarning: invalid value encountered in log2
  self.stats[group_name, "logfoldchanges"] = np.log2(
/nfs/roberts/scratch/pi_sk2433/dac227/FlatCFM/.venv/lib/python3.12/site-packages/scanpy/tools/_rank_genes_groups.py:483: RuntimeWarning: invalid value encountered in log2
  self.stats[group_name, "logfoldchanges"] = np.log2(
/nfs/roberts/scratch/pi_sk2433/dac227/FlatCFM/.venv/lib/python3.12/site-packages/scanpy/tools/_rank_genes_groups.py:483: RuntimeWarning: invalid value encountered in log2
  self.stats[group_name, "logfoldchanges"] = np.log2(
... storing 'cell_type' as categorical
/nfs/roberts/scratch/pi_sk2433/dac227/FlatCFM/.venv/lib/python3.12/site-packages/scanpy/tools/_rank_genes_groups.py:483: RuntimeWarning: invalid value encountered in log2
  self.stats[group_name, "logfoldchanges"] = np.log2(
/nfs/roberts/scratch/pi_sk2433/dac227/FlatCFM/.venv/lib/python3.12/site-packages/scanpy/tools/_rank_genes_groups.py:483: RuntimeWarning: invalid value encountered in log2
  self.stats[group_name, "logfoldchanges"] = np.log2(
/nfs/roberts/scratch/pi_sk2433/dac227/FlatCFM/.venv/lib/python3.12/site-packages/scanpy/tools/_rank_genes_groups.py:483: RuntimeWarning: invalid value encountered in log2
  self.stats[group_name, "logfoldchanges"] = np.log2(
/nfs/roberts/scratch/pi_sk2433/dac227/FlatCFM/.venv/lib/python3.12/site-packages/scanpy/tools/_rank_genes_groups.py:483: RuntimeWarning: invalid value encountered in log2
  self.stats[group_name, "logfoldchanges"] = np.log2(
/nfs/roberts/scratch/pi_sk2433/dac227/FlatCFM/.venv/lib/python3.12/site-packages/scanpy/tools/_rank_genes_groups.py:483: RuntimeWarning: invalid value encountered in log2
  self.stats[group_name, "logfoldchanges"] = np.log2(
/nfs/roberts/scratch/pi_sk2433/dac227/FlatCFM/.venv/lib/python3.12/site-packages/scanpy/tools/_rank_genes_groups.py:483: RuntimeWarning: invalid value encountered in log2
  self.stats[group_name, "logfoldchanges"] = np.log2(
/nfs/roberts/scratch/pi_sk2433/dac227/FlatCFM/.venv/lib/python3.12/site-packages/scanpy/tools/_rank_genes_groups.py:483: RuntimeWarning: invalid value encountered in log2
  self.stats[group_name, "logfoldchanges"] = np.log2(
/nfs/roberts/scratch/pi_sk2433/dac227/FlatCFM/.venv/lib/python3.12/site-packages/scanpy/tools/_rank_genes_groups.py:483: RuntimeWarning: invalid value encountered in log2
  self.stats[group_name, "logfoldchanges"] = np.log2(
/nfs/roberts/scratch/pi_sk2433/dac227/FlatCFM/.venv/lib/python3.12/site-packages/scanpy/tools/_rank_genes_groups.py:483: RuntimeWarning: invalid value encountered in log2
  self.stats[group_name, "logfoldchanges"] = np.log2(
/nfs/roberts/scratch/pi_sk2433/dac227/FlatCFM/.venv/lib/python3.12/site-packages/scanpy/tools/_rank_genes_groups.py:483: RuntimeWarning: invalid value encountered in log2
  self.stats[group_name, "logfoldchanges"] = np.log2(
/nfs/roberts/scratch/pi_sk2433/dac227/FlatCFM/.venv/lib/python3.12/site-packages/scanpy/tools/_rank_genes_groups.py:483: RuntimeWarning: invalid value encountered in log2
  self.stats[group_name, "logfoldchanges"] = np.log2(
/nfs/roberts/scratch/pi_sk2433/dac227/FlatCFM/.venv/lib/python3.12/site-packages/scanpy/tools/_rank_genes_groups.py:483: RuntimeWarning: invalid value encountered in log2
  self.stats[group_name, "logfoldchanges"] = np.log2(
/nfs/roberts/scratch/pi_sk2433/dac227/FlatCFM/.venv/lib/python3.12/site-packages/scanpy/tools/_rank_genes_groups.py:483: RuntimeWarning: invalid value encountered in log2
  self.stats[group_name, "logfoldchanges"] = np.log2(
/nfs/roberts/scratch/pi_sk2433/dac227/FlatCFM/.venv/lib/python3.12/site-packages/scanpy/tools/_rank_genes_groups.py:483: RuntimeWarning: invalid value encountered in log2
  self.stats[group_name, "logfoldchanges"] = np.log2(
/nfs/roberts/scratch/pi_sk2433/dac227/FlatCFM/.venv/lib/python3.12/site-packages/scanpy/tools/_rank_genes_groups.py:483: RuntimeWarning: invalid value encountered in log2
  self.stats[group_name, "logfoldchanges"] = np.log2(
/nfs/roberts/scratch/pi_sk2433/dac227/FlatCFM/.venv/lib/python3.12/site-packages/scanpy/tools/_rank_genes_groups.py:483: RuntimeWarning: invalid value encountered in log2
  self.stats[group_name, "logfoldchanges"] = np.log2(
/nfs/roberts/scratch/pi_sk2433/dac227/FlatCFM/.venv/lib/python3.12/site-packages/scanpy/tools/_rank_genes_groups.py:483: RuntimeWarning: invalid value encountered in log2
  self.stats[group_name, "logfoldchanges"] = np.log2(
/nfs/roberts/scratch/pi_sk2433/dac227/FlatCFM/.venv/lib/python3.12/site-packages/scanpy/tools/_rank_genes_groups.py:483: RuntimeWarning: invalid value encountered in log2
  self.stats[group_name, "logfoldchanges"] = np.log2(
/nfs/roberts/scratch/pi_sk2433/dac227/FlatCFM/.venv/lib/python3.12/site-packages/scanpy/tools/_rank_genes_groups.py:483: RuntimeWarning: invalid value encountered in log2
  self.stats[group_name, "logfoldchanges"] = np.log2(
/nfs/roberts/scratch/pi_sk2433/dac227/FlatCFM/.venv/lib/python3.12/site-packages/scanpy/tools/_rank_genes_groups.py:483: RuntimeWarning: invalid value encountered in log2
  self.stats[group_name, "logfoldchanges"] = np.log2(
/nfs/roberts/scratch/pi_sk2433/dac227/FlatCFM/.venv/lib/python3.12/site-packages/scanpy/tools/_rank_genes_groups.py:483: RuntimeWarning: invalid value encountered in log2
  self.stats[group_name, "logfoldchanges"] = np.log2(
/nfs/roberts/scratch/pi_sk2433/dac227/FlatCFM/.venv/lib/python3.12/site-packages/scanpy/tools/_rank_genes_groups.py:483: RuntimeWarning: invalid value encountered in log2
  self.stats[group_name, "logfoldchanges"] = np.log2(
/nfs/roberts/scratch/pi_sk2433/dac227/FlatCFM/.venv/lib/python3.12/site-packages/scanpy/tools/_rank_genes_groups.py:483: RuntimeWarning: invalid value encountered in log2
  self.stats[group_name, "logfoldchanges"] = np.log2(
/nfs/roberts/scratch/pi_sk2433/dac227/FlatCFM/.venv/lib/python3.12/site-packages/scanpy/tools/_rank_genes_groups.py:483: RuntimeWarning: invalid value encountered in log2
  self.stats[group_name, "logfoldchanges"] = np.log2(
/nfs/roberts/scratch/pi_sk2433/dac227/FlatCFM/.venv/lib/python3.12/site-packages/scanpy/tools/_rank_genes_groups.py:483: RuntimeWarning: invalid value encountered in log2
  self.stats[group_name, "logfoldchanges"] = np.log2(
/nfs/roberts/scratch/pi_sk2433/dac227/FlatCFM/.venv/lib/python3.12/site-packages/scanpy/tools/_rank_genes_groups.py:483: RuntimeWarning: invalid value encountered in log2
  self.stats[group_name, "logfoldchanges"] = np.log2(
/nfs/roberts/scratch/pi_sk2433/dac227/FlatCFM/.venv/lib/python3.12/site-packages/scanpy/tools/_rank_genes_groups.py:483: RuntimeWarning: invalid value encountered in log2
  self.stats[group_name, "logfoldchanges"] = np.log2(
/nfs/roberts/scratch/pi_sk2433/dac227/FlatCFM/.venv/lib/python3.12/site-packages/scanpy/tools/_rank_genes_groups.py:483: RuntimeWarning: invalid value encountered in log2
  self.stats[group_name, "logfoldchanges"] = np.log2(
/nfs/roberts/scratch/pi_sk2433/dac227/FlatCFM/.venv/lib/python3.12/site-packages/scanpy/tools/_rank_genes_groups.py:483: RuntimeWarning: invalid value encountered in log2
  self.stats[group_name, "logfoldchanges"] = np.log2(
... storing 'cell_type' as categorical
/nfs/roberts/scratch/pi_sk2433/dac227/FlatCFM/.venv/lib/python3.12/site-packages/scanpy/tools/_rank_genes_groups.py:483: RuntimeWarning: invalid value encountered in log2
  self.stats[group_name, "logfoldchanges"] = np.log2(
/nfs/roberts/scratch/pi_sk2433/dac227/FlatCFM/.venv/lib/python3.12/site-packages/scanpy/tools/_rank_genes_groups.py:483: RuntimeWarning: invalid value encountered in log2
  self.stats[group_name, "logfoldchanges"] = np.log2(
/nfs/roberts/scratch/pi_sk2433/dac227/FlatCFM/.venv/lib/python3.12/site-packages/scanpy/tools/_rank_genes_groups.py:483: RuntimeWarning: invalid value encountered in log2
  self.stats[group_name, "logfoldchanges"] = np.log2(
/nfs/roberts/scratch/pi_sk2433/dac227/FlatCFM/.venv/lib/python3.12/site-packages/scanpy/tools/_rank_genes_groups.py:483: RuntimeWarning: invalid value encountered in log2
  self.stats[group_name, "logfoldchanges"] = np.log2(
/nfs/roberts/scratch/pi_sk2433/dac227/FlatCFM/.venv/lib/python3.12/site-packages/scanpy/tools/_rank_genes_groups.py:483: RuntimeWarning: invalid value encountered in log2
  self.stats[group_name, "logfoldchanges"] = np.log2(
/nfs/roberts/scratch/pi_sk2433/dac227/FlatCFM/.venv/lib/python3.12/site-packages/scanpy/tools/_rank_genes_groups.py:483: RuntimeWarning: invalid value encountered in log2
  self.stats[group_name, "logfoldchanges"] = np.log2(
/nfs/roberts/scratch/pi_sk2433/dac227/FlatCFM/.venv/lib/python3.12/site-packages/scanpy/tools/_rank_genes_groups.py:483: RuntimeWarning: invalid value encountered in log2
  self.stats[group_name, "logfoldchanges"] = np.log2(
/nfs/roberts/scratch/pi_sk2433/dac227/FlatCFM/.venv/lib/python3.12/site-packages/scanpy/tools/_rank_genes_groups.py:483: RuntimeWarning: invalid value encountered in log2
  self.stats[group_name, "logfoldchanges"] = np.log2(
/nfs/roberts/scratch/pi_sk2433/dac227/FlatCFM/.venv/lib/python3.12/site-packages/scanpy/tools/_rank_genes_groups.py:483: RuntimeWarning: invalid value encountered in log2
  self.stats[group_name, "logfoldchanges"] = np.log2(
/nfs/roberts/scratch/pi_sk2433/dac227/FlatCFM/.venv/lib/python3.12/site-packages/scanpy/tools/_rank_genes_groups.py:483: RuntimeWarning: invalid value encountered in log2
  self.stats[group_name, "logfoldchanges"] = np.log2(
/nfs/roberts/scratch/pi_sk2433/dac227/FlatCFM/.venv/lib/python3.12/site-packages/scanpy/tools/_rank_genes_groups.py:483: RuntimeWarning: invalid value encountered in log2
  self.stats[group_name, "logfoldchanges"] = np.log2(
/nfs/roberts/scratch/pi_sk2433/dac227/FlatCFM/.venv/lib/python3.12/site-packages/scanpy/tools/_rank_genes_groups.py:483: RuntimeWarning: invalid value encountered in log2
  self.stats[group_name, "logfoldchanges"] = np.log2(
/nfs/roberts/scratch/pi_sk2433/dac227/FlatCFM/.venv/lib/python3.12/site-packages/scanpy/tools/_rank_genes_groups.py:483: RuntimeWarning: invalid value encountered in log2
  self.stats[group_name, "logfoldchanges"] = np.log2(
/nfs/roberts/scratch/pi_sk2433/dac227/FlatCFM/.venv/lib/python3.12/site-packages/scanpy/tools/_rank_genes_groups.py:483: RuntimeWarning: invalid value encountered in log2
  self.stats[group_name, "logfoldchanges"] = np.log2(
/nfs/roberts/scratch/pi_sk2433/dac227/FlatCFM/.venv/lib/python3.12/site-packages/scanpy/tools/_rank_genes_groups.py:483: RuntimeWarning: invalid value encountered in log2
  self.stats[group_name, "logfoldchanges"] = np.log2(
/nfs/roberts/scratch/pi_sk2433/dac227/FlatCFM/.venv/lib/python3.12/site-packages/scanpy/tools/_rank_genes_groups.py:483: RuntimeWarning: invalid value encountered in log2
  self.stats[group_name, "logfoldchanges"] = np.log2(
/nfs/roberts/scratch/pi_sk2433/dac227/FlatCFM/.venv/lib/python3.12/site-packages/scanpy/tools/_rank_genes_groups.py:483: RuntimeWarning: invalid value encountered in log2
  self.stats[group_name, "logfoldchanges"] = np.log2(
/nfs/roberts/scratch/pi_sk2433/dac227/FlatCFM/.venv/lib/python3.12/site-packages/scanpy/tools/_rank_genes_groups.py:483: RuntimeWarning: invalid value encountered in log2
  self.stats[group_name, "logfoldchanges"] = np.log2(
/nfs/roberts/scratch/pi_sk2433/dac227/FlatCFM/.venv/lib/python3.12/site-packages/scanpy/tools/_rank_genes_groups.py:483: RuntimeWarning: invalid value encountered in log2
  self.stats[group_name, "logfoldchanges"] = np.log2(
/nfs/roberts/scratch/pi_sk2433/dac227/FlatCFM/.venv/lib/python3.12/site-packages/scanpy/tools/_rank_genes_groups.py:483: RuntimeWarning: invalid value encountered in log2
  self.stats[group_name, "logfoldchanges"] = np.log2(
/nfs/roberts/scratch/pi_sk2433/dac227/FlatCFM/.venv/lib/python3.12/site-packages/scanpy/tools/_rank_genes_groups.py:483: RuntimeWarning: invalid value encountered in log2
  self.stats[group_name, "logfoldchanges"] = np.log2(
/nfs/roberts/scratch/pi_sk2433/dac227/FlatCFM/.venv/lib/python3.12/site-packages/scanpy/tools/_rank_genes_groups.py:483: RuntimeWarning: invalid value encountered in log2
  self.stats[group_name, "logfoldchanges"] = np.log2(
/nfs/roberts/scratch/pi_sk2433/dac227/FlatCFM/.venv/lib/python3.12/site-packages/scanpy/tools/_rank_genes_groups.py:483: RuntimeWarning: invalid value encountered in log2
  self.stats[group_name, "logfoldchanges"] = np.log2(
/nfs/roberts/scratch/pi_sk2433/dac227/FlatCFM/.venv/lib/python3.12/site-packages/scanpy/tools/_rank_genes_groups.py:483: RuntimeWarning: invalid value encountered in log2
  self.stats[group_name, "logfoldchanges"] = np.log2(
/nfs/roberts/scratch/pi_sk2433/dac227/FlatCFM/.venv/lib/python3.12/site-packages/scanpy/tools/_rank_genes_groups.py:483: RuntimeWarning: invalid value encountered in log2
  self.stats[group_name, "logfoldchanges"] = np.log2(
/nfs/roberts/scratch/pi_sk2433/dac227/FlatCFM/.venv/lib/python3.12/site-packages/scanpy/tools/_rank_genes_groups.py:483: RuntimeWarning: invalid value encountered in log2
  self.stats[group_name, "logfoldchanges"] = np.log2(
/nfs/roberts/scratch/pi_sk2433/dac227/FlatCFM/.venv/lib/python3.12/site-packages/scanpy/tools/_rank_genes_groups.py:483: RuntimeWarning: invalid value encountered in log2
  self.stats[group_name, "logfoldchanges"] = np.log2(
/nfs/roberts/scratch/pi_sk2433/dac227/FlatCFM/.venv/lib/python3.12/site-packages/scanpy/tools/_rank_genes_groups.py:483: RuntimeWarning: invalid value encountered in log2
  self.stats[group_name, "logfoldchanges"] = np.log2(
/nfs/roberts/scratch/pi_sk2433/dac227/FlatCFM/.venv/lib/python3.12/site-packages/scanpy/tools/_rank_genes_groups.py:483: RuntimeWarning: invalid value encountered in log2
  self.stats[group_name, "logfoldchanges"] = np.log2(
... storing 'transfer_split_seed42' as categorical
... storing 'transfer_split_seed42' as categorical
... storing 'transfer_split_seed42' as categorical
Traceback (most recent call last):
  File "/home/dac227/.local/share/uv/python/cpython-3.12.11-linux-x86_64-gnu/lib/python3.12/multiprocessing/util.py", line 303, in _run_finalizers
    finalizer()
  File "/home/dac227/.local/share/uv/python/cpython-3.12.11-linux-x86_64-gnu/lib/python3.12/multiprocessing/util.py", line 227, in __call__
    res = self._callback(*self._args, **self._kwargs)
          ^^^^^^^^^^^^^^^^^^^^^^^^^^^^^^^^^^^^^^^^^^^
  File "/home/dac227/.local/share/uv/python/cpython-3.12.11-linux-x86_64-gnu/lib/python3.12/multiprocessing/util.py", line 136, in _remove_temp_dir
    rmtree(tempdir, onerror=onerror)
  File "/home/dac227/.local/share/uv/python/cpython-3.12.11-linux-x86_64-gnu/lib/python3.12/shutil.py", line 759, in rmtree
    _rmtree_safe_fd(stack, onexc)
  File "/home/dac227/.local/share/uv/python/cpython-3.12.11-linux-x86_64-gnu/lib/python3.12/shutil.py", line 703, in _rmtree_safe_fd
    onexc(func, path, err)
  File "/home/dac227/.local/share/uv/python/cpython-3.12.11-linux-x86_64-gnu/lib/python3.12/shutil.py", line 750, in onexc
    return onerror(func, path, exc_info)
           ^^^^^^^^^^^^^^^^^^^^^^^^^^^^^
  File "/home/dac227/.local/share/uv/python/cpython-3.12.11-linux-x86_64-gnu/lib/python3.12/shutil.py", line 700, in _rmtree_safe_fd
    onexc(os.unlink, fullname, err)
  File "/home/dac227/.local/share/uv/python/cpython-3.12.11-linux-x86_64-gnu/lib/python3.12/shutil.py", line 750, in onexc
    return onerror(func, path, exc_info)
           ^^^^^^^^^^^^^^^^^^^^^^^^^^^^^
  File "/home/dac227/.local/share/uv/python/cpython-3.12.11-linux-x86_64-gnu/lib/python3.12/shutil.py", line 698, in _rmtree_safe_fd
    os.unlink(entry.name, dir_fd=topfd)
OSError: [Errno 16] Device or resource busy: '/home/dac227/scratch_pi_sk2433/dac227/perturbench/tmp/pymp-vefe0eg6'
