worker 7 starting
experiment=sciplex/ode_pca
hpo=ode
study=hpo_ode_pca_d16
storage=sqlite:////nfs/roberts/scratch/pi_sk2433/dac227/FlatCFM/artifacts/runs/sweeps/hpo_ode_pca_d16.db
trials_per_worker=20
[2026-04-10 19:11:43,699][HYDRA] Study name: hpo_ode_pca_d16
[2026-04-10 19:11:43,699][HYDRA] Storage: sqlite:////nfs/roberts/scratch/pi_sk2433/dac227/FlatCFM/artifacts/runs/sweeps/hpo_ode_pca_d16.db
[2026-04-10 19:11:43,699][HYDRA] Sampler: TPESampler
[2026-04-10 19:11:43,699][HYDRA] Directions: ['minimize']
[2026-04-10 19:11:46,706][HYDRA] Launching 1 jobs locally
[2026-04-10 19:11:46,706][HYDRA] 	#0 : task.lr=0.00010955017099513424 task.weight_decay=1.2764787563372864e-06 task.batch_size=256 task.steps_per_epoch=25 task.ode_method=rk4 task.adjoint=False task.n_energy_steps=5 loss.weights.ot=0.4999587782315137 loss.weights.density=3.2512598884519033 loss.weights.energy=0.000766265582396752 loss.sinkhorn_reg=0.04121834920460598 loss.sinkhorn_max_iter=20 model.hidden_dim=512 model.hidden_layers=6 model.dropout=0.054832142415361634 model.condition_dim=128 model.embedding_dim=128 model.projection_dim=128 experiment=sciplex/ode_pca hpo=ode trainer.accelerator=gpu trainer.devices=1 trainer.precision=bf16-mixed trainer.num_workers=4 trainer.pin_memory=True space.projections.0.n_components=16
/nfs/roberts/scratch/pi_sk2433/dac227/FlatCFM/artifacts/runs/sweeps/sciplex_ode_deg_pca/20260410_191143/0
/nfs/roberts/scratch/pi_sk2433/dac227/FlatCFM/artifacts/runs/sweeps/sciplex_ode_deg_pca/20260410_191143/0/checkpoints/best.ckpt
[2026-04-10 19:15:35,973][HYDRA] Launching 1 jobs locally
[2026-04-10 19:15:35,973][HYDRA] 	#1 : task.lr=3.254627724979395e-05 task.weight_decay=0.02821658586558391 task.batch_size=256 task.steps_per_epoch=100 task.ode_method=rk4 task.adjoint=False task.n_energy_steps=10 loss.weights.ot=0.10118482131165923 loss.weights.density=1.3142881067646042 loss.weights.energy=0.0022669802918938546 loss.sinkhorn_reg=0.0023118949151585953 loss.sinkhorn_max_iter=20 model.hidden_dim=256 model.hidden_layers=5 model.dropout=0.16139841659291954 model.condition_dim=128 model.embedding_dim=128 model.projection_dim=32 experiment=sciplex/ode_pca hpo=ode trainer.accelerator=gpu trainer.devices=1 trainer.precision=bf16-mixed trainer.num_workers=4 trainer.pin_memory=True space.projections.0.n_components=16
/nfs/roberts/scratch/pi_sk2433/dac227/FlatCFM/artifacts/runs/sweeps/sciplex_ode_deg_pca/20260410_191143/1
/nfs/roberts/scratch/pi_sk2433/dac227/FlatCFM/artifacts/runs/sweeps/sciplex_ode_deg_pca/20260410_191143/1/checkpoints/best.ckpt
[2026-04-10 19:31:07,554][HYDRA] Launching 1 jobs locally
[2026-04-10 19:31:07,554][HYDRA] 	#2 : task.lr=0.0002563472431239197 task.weight_decay=0.00809630825716589 task.batch_size=256 task.steps_per_epoch=25 task.ode_method=rk4 task.adjoint=False task.n_energy_steps=5 loss.weights.ot=0.19495453146696648 loss.weights.density=0.18214810658843034 loss.weights.energy=0.08210808602120555 loss.sinkhorn_reg=0.11026425814242126 loss.sinkhorn_max_iter=100 model.hidden_dim=512 model.hidden_layers=4 model.dropout=0.10557096773863484 model.condition_dim=64 model.embedding_dim=128 model.projection_dim=128 experiment=sciplex/ode_pca hpo=ode trainer.accelerator=gpu trainer.devices=1 trainer.precision=bf16-mixed trainer.num_workers=4 trainer.pin_memory=True space.projections.0.n_components=16
/nfs/roberts/scratch/pi_sk2433/dac227/FlatCFM/artifacts/runs/sweeps/sciplex_ode_deg_pca/20260410_191143/2
/nfs/roberts/scratch/pi_sk2433/dac227/FlatCFM/artifacts/runs/sweeps/sciplex_ode_deg_pca/20260410_191143/2/checkpoints/best-v3.ckpt
[2026-04-10 19:37:16,806][HYDRA] Launching 1 jobs locally
[2026-04-10 19:37:16,806][HYDRA] 	#3 : task.lr=3.983087496209369e-05 task.weight_decay=0.0007662553830387388 task.batch_size=256 task.steps_per_epoch=25 task.ode_method=midpoint task.adjoint=True task.n_energy_steps=5 loss.weights.ot=0.4597454580816839 loss.weights.density=0.10770735118404644 loss.weights.energy=0.0838930315758329 loss.sinkhorn_reg=0.4837859681250262 loss.sinkhorn_max_iter=50 model.hidden_dim=512 model.hidden_layers=6 model.dropout=0.07233122923050557 model.condition_dim=128 model.embedding_dim=128 model.projection_dim=128 experiment=sciplex/ode_pca hpo=ode trainer.accelerator=gpu trainer.devices=1 trainer.precision=bf16-mixed trainer.num_workers=4 trainer.pin_memory=True space.projections.0.n_components=16
/nfs/roberts/scratch/pi_sk2433/dac227/FlatCFM/artifacts/runs/sweeps/sciplex_ode_deg_pca/20260410_191143/3
/nfs/roberts/scratch/pi_sk2433/dac227/FlatCFM/artifacts/runs/sweeps/sciplex_ode_deg_pca/20260410_191143/3/checkpoints/best-v3.ckpt
[2026-04-10 19:41:34,986][HYDRA] Launching 1 jobs locally
[2026-04-10 19:41:34,986][HYDRA] 	#4 : task.lr=0.00012666215115402272 task.weight_decay=0.0059753943893792886 task.batch_size=512 task.steps_per_epoch=25 task.ode_method=midpoint task.adjoint=True task.n_energy_steps=5 loss.weights.ot=0.8831233092505328 loss.weights.density=0.23055364827492725 loss.weights.energy=0.006016299048990083 loss.sinkhorn_reg=0.027653764279358138 loss.sinkhorn_max_iter=20 model.hidden_dim=256 model.hidden_layers=4 model.dropout=0.1047230495030478 model.condition_dim=128 model.embedding_dim=128 model.projection_dim=128 experiment=sciplex/ode_pca hpo=ode trainer.accelerator=gpu trainer.devices=1 trainer.precision=bf16-mixed trainer.num_workers=4 trainer.pin_memory=True space.projections.0.n_components=16
[2026-04-10 19:44:10,153][__main__][ERROR] - trial failed: cannot resolve hpo objective for metric 'val_loss' from history
[2026-04-10 19:44:11,143][HYDRA] Launching 1 jobs locally
[2026-04-10 19:44:11,143][HYDRA] 	#5 : task.lr=0.00022797098365838633 task.weight_decay=0.028034840673903855 task.batch_size=512 task.steps_per_epoch=25 task.ode_method=rk4 task.adjoint=False task.n_energy_steps=5 loss.weights.ot=0.6305579600548081 loss.weights.density=0.15256783303921684 loss.weights.energy=0.015853814482539332 loss.sinkhorn_reg=0.041868806431598724 loss.sinkhorn_max_iter=50 model.hidden_dim=256 model.hidden_layers=6 model.dropout=0.03666686691680629 model.condition_dim=128 model.embedding_dim=128 model.projection_dim=32 experiment=sciplex/ode_pca hpo=ode trainer.accelerator=gpu trainer.devices=1 trainer.precision=bf16-mixed trainer.num_workers=4 trainer.pin_memory=True space.projections.0.n_components=16
/nfs/roberts/scratch/pi_sk2433/dac227/FlatCFM/artifacts/runs/sweeps/sciplex_ode_deg_pca/20260410_191143/5
/nfs/roberts/scratch/pi_sk2433/dac227/FlatCFM/artifacts/runs/sweeps/sciplex_ode_deg_pca/20260410_191143/5/checkpoints/best-v2.ckpt
[2026-04-10 19:48:35,441][HYDRA] Launching 1 jobs locally
[2026-04-10 19:48:35,441][HYDRA] 	#6 : task.lr=1.4543160604013091e-05 task.weight_decay=0.00892640550398519 task.batch_size=512 task.steps_per_epoch=100 task.ode_method=rk4 task.adjoint=False task.n_energy_steps=5 loss.weights.ot=0.32249779353507046 loss.weights.density=0.1913011435108098 loss.weights.energy=0.018004647197962475 loss.sinkhorn_reg=0.3198475755956104 loss.sinkhorn_max_iter=20 model.hidden_dim=128 model.hidden_layers=5 model.dropout=0.020929950222740218 model.condition_dim=256 model.embedding_dim=128 model.projection_dim=32 experiment=sciplex/ode_pca hpo=ode trainer.accelerator=gpu trainer.devices=1 trainer.precision=bf16-mixed trainer.num_workers=4 trainer.pin_memory=True space.projections.0.n_components=16
/nfs/roberts/scratch/pi_sk2433/dac227/FlatCFM/artifacts/runs/sweeps/sciplex_ode_deg_pca/20260410_191143/6
/nfs/roberts/scratch/pi_sk2433/dac227/FlatCFM/artifacts/runs/sweeps/sciplex_ode_deg_pca/20260410_191143/6/checkpoints/best-v3.ckpt
[2026-04-10 19:58:17,009][HYDRA] Launching 1 jobs locally
[2026-04-10 19:58:17,009][HYDRA] 	#7 : task.lr=0.00021844349719347584 task.weight_decay=0.010138666127589903 task.batch_size=512 task.steps_per_epoch=100 task.ode_method=midpoint task.adjoint=True task.n_energy_steps=5 loss.weights.ot=0.10229731987836282 loss.weights.density=0.10462602505672731 loss.weights.energy=0.030262764613932208 loss.sinkhorn_reg=0.14849410508434455 loss.sinkhorn_max_iter=100 model.hidden_dim=256 model.hidden_layers=3 model.dropout=0.08803168477733665 model.condition_dim=128 model.embedding_dim=128 model.projection_dim=64 experiment=sciplex/ode_pca hpo=ode trainer.accelerator=gpu trainer.devices=1 trainer.precision=bf16-mixed trainer.num_workers=4 trainer.pin_memory=True space.projections.0.n_components=16
/nfs/roberts/scratch/pi_sk2433/dac227/FlatCFM/artifacts/runs/sweeps/sciplex_ode_deg_pca/20260410_191143/7
/nfs/roberts/scratch/pi_sk2433/dac227/FlatCFM/artifacts/runs/sweeps/sciplex_ode_deg_pca/20260410_191143/7/checkpoints/best-v2.ckpt
[2026-04-10 20:10:51,493][HYDRA] Launching 1 jobs locally
[2026-04-10 20:10:51,493][HYDRA] 	#8 : task.lr=0.00010990754151554253 task.weight_decay=0.017925786012006367 task.batch_size=512 task.steps_per_epoch=100 task.ode_method=rk4 task.adjoint=True task.n_energy_steps=5 loss.weights.ot=0.20177658357972456 loss.weights.density=0.15502208296764494 loss.weights.energy=0.008707244989814072 loss.sinkhorn_reg=0.06843843251872363 loss.sinkhorn_max_iter=100 model.hidden_dim=256 model.hidden_layers=3 model.dropout=0.07253444639656528 model.condition_dim=128 model.embedding_dim=128 model.projection_dim=64 experiment=sciplex/ode_pca hpo=ode trainer.accelerator=gpu trainer.devices=1 trainer.precision=bf16-mixed trainer.num_workers=4 trainer.pin_memory=True space.projections.0.n_components=16
/nfs/roberts/scratch/pi_sk2433/dac227/FlatCFM/artifacts/runs/sweeps/sciplex_ode_deg_pca/20260410_191143/8
/nfs/roberts/scratch/pi_sk2433/dac227/FlatCFM/artifacts/runs/sweeps/sciplex_ode_deg_pca/20260410_191143/8/checkpoints/best-v2.ckpt
[2026-04-10 20:27:21,285][HYDRA] Launching 1 jobs locally
[2026-04-10 20:27:21,285][HYDRA] 	#9 : task.lr=0.00010357701173192941 task.weight_decay=0.0006165803740591958 task.batch_size=256 task.steps_per_epoch=100 task.ode_method=midpoint task.adjoint=False task.n_energy_steps=5 loss.weights.ot=0.12052880230968734 loss.weights.density=0.12278638026477147 loss.weights.energy=0.0030357559992490427 loss.sinkhorn_reg=0.19921208229856835 loss.sinkhorn_max_iter=20 model.hidden_dim=256 model.hidden_layers=3 model.dropout=0.06204016208147592 model.condition_dim=128 model.embedding_dim=128 model.projection_dim=128 experiment=sciplex/ode_pca hpo=ode trainer.accelerator=gpu trainer.devices=1 trainer.precision=bf16-mixed trainer.num_workers=4 trainer.pin_memory=True space.projections.0.n_components=16
/nfs/roberts/scratch/pi_sk2433/dac227/FlatCFM/artifacts/runs/sweeps/sciplex_ode_deg_pca/20260410_191143/9
/nfs/roberts/scratch/pi_sk2433/dac227/FlatCFM/artifacts/runs/sweeps/sciplex_ode_deg_pca/20260410_191143/9/checkpoints/best-v3.ckpt
[2026-04-10 20:33:48,825][HYDRA] Launching 1 jobs locally
[2026-04-10 20:33:48,825][HYDRA] 	#10 : task.lr=7.560022847129252e-05 task.weight_decay=0.009794171272763807 task.batch_size=512 task.steps_per_epoch=25 task.ode_method=midpoint task.adjoint=True task.n_energy_steps=5 loss.weights.ot=0.10661357943363009 loss.weights.density=0.10003228546059455 loss.weights.energy=0.00028966040789692166 loss.sinkhorn_reg=0.14975228732164877 loss.sinkhorn_max_iter=100 model.hidden_dim=256 model.hidden_layers=5 model.dropout=0.13393731063329115 model.condition_dim=64 model.embedding_dim=128 model.projection_dim=64 experiment=sciplex/ode_pca hpo=ode trainer.accelerator=gpu trainer.devices=1 trainer.precision=bf16-mixed trainer.num_workers=4 trainer.pin_memory=True space.projections.0.n_components=16
/nfs/roberts/scratch/pi_sk2433/dac227/FlatCFM/artifacts/runs/sweeps/sciplex_ode_deg_pca/20260410_191143/10
/nfs/roberts/scratch/pi_sk2433/dac227/FlatCFM/artifacts/runs/sweeps/sciplex_ode_deg_pca/20260410_191143/10/checkpoints/best-v2.ckpt
[2026-04-10 20:38:35,516][HYDRA] Launching 1 jobs locally
[2026-04-10 20:38:35,516][HYDRA] 	#11 : task.lr=5.034472852646224e-05 task.weight_decay=0.025566439676312457 task.batch_size=256 task.steps_per_epoch=100 task.ode_method=midpoint task.adjoint=False task.n_energy_steps=10 loss.weights.ot=0.20473007889698525 loss.weights.density=0.10097634214164493 loss.weights.energy=0.006666749564584214 loss.sinkhorn_reg=0.3780124931567702 loss.sinkhorn_max_iter=50 model.hidden_dim=128 model.hidden_layers=4 model.dropout=0.05305948466485908 model.condition_dim=128 model.embedding_dim=64 model.projection_dim=128 experiment=sciplex/ode_pca hpo=ode trainer.accelerator=gpu trainer.devices=1 trainer.precision=bf16-mixed trainer.num_workers=4 trainer.pin_memory=True space.projections.0.n_components=16
/nfs/roberts/scratch/pi_sk2433/dac227/FlatCFM/artifacts/runs/sweeps/sciplex_ode_deg_pca/20260410_191143/11
/nfs/roberts/scratch/pi_sk2433/dac227/FlatCFM/artifacts/runs/sweeps/sciplex_ode_deg_pca/20260410_191143/11/checkpoints/best-v2.ckpt
[2026-04-10 20:50:31,561][HYDRA] Launching 1 jobs locally
[2026-04-10 20:50:31,561][HYDRA] 	#12 : task.lr=1.0889437915233056e-05 task.weight_decay=0.019876409564204202 task.batch_size=512 task.steps_per_epoch=25 task.ode_method=midpoint task.adjoint=True task.n_energy_steps=5 loss.weights.ot=0.14616664425050782 loss.weights.density=0.12102746525909955 loss.weights.energy=0.0001028879151309615 loss.sinkhorn_reg=0.12678945368769626 loss.sinkhorn_max_iter=50 model.hidden_dim=256 model.hidden_layers=6 model.dropout=0.1354243500724506 model.condition_dim=64 model.embedding_dim=128 model.projection_dim=32 experiment=sciplex/ode_pca hpo=ode trainer.accelerator=gpu trainer.devices=1 trainer.precision=bf16-mixed trainer.num_workers=4 trainer.pin_memory=True space.projections.0.n_components=16
/nfs/roberts/scratch/pi_sk2433/dac227/FlatCFM/artifacts/runs/sweeps/sciplex_ode_deg_pca/20260410_191143/12
/nfs/roberts/scratch/pi_sk2433/dac227/FlatCFM/artifacts/runs/sweeps/sciplex_ode_deg_pca/20260410_191143/12/checkpoints/best-v3.ckpt
[2026-04-10 20:54:22,922][HYDRA] Launching 1 jobs locally
[2026-04-10 20:54:22,922][HYDRA] 	#13 : task.lr=0.00025191508140802633 task.weight_decay=0.005229378739980795 task.batch_size=512 task.steps_per_epoch=100 task.ode_method=midpoint task.adjoint=True task.n_energy_steps=5 loss.weights.ot=0.22698996578414332 loss.weights.density=0.28606347463481574 loss.weights.energy=0.00018228561127267345 loss.sinkhorn_reg=0.13948318905678997 loss.sinkhorn_max_iter=50 model.hidden_dim=512 model.hidden_layers=4 model.dropout=0.09608328039787015 model.condition_dim=128 model.embedding_dim=128 model.projection_dim=64 experiment=sciplex/ode_pca hpo=ode trainer.accelerator=gpu trainer.devices=1 trainer.precision=bf16-mixed trainer.num_workers=4 trainer.pin_memory=True space.projections.0.n_components=16
/nfs/roberts/scratch/pi_sk2433/dac227/FlatCFM/artifacts/runs/sweeps/sciplex_ode_deg_pca/20260410_191143/13
/nfs/roberts/scratch/pi_sk2433/dac227/FlatCFM/artifacts/runs/sweeps/sciplex_ode_deg_pca/20260410_191143/13/checkpoints/best-v2.ckpt
[2026-04-10 21:01:23,336][HYDRA] Launching 1 jobs locally
[2026-04-10 21:01:23,336][HYDRA] 	#14 : task.lr=1.5472311644827976e-05 task.weight_decay=0.00029981060458301475 task.batch_size=512 task.steps_per_epoch=50 task.ode_method=midpoint task.adjoint=True task.n_energy_steps=10 loss.weights.ot=0.17934744106014908 loss.weights.density=0.48890807725541097 loss.weights.energy=0.0038751862121709957 loss.sinkhorn_reg=0.06775405119746274 loss.sinkhorn_max_iter=50 model.hidden_dim=256 model.hidden_layers=6 model.dropout=0.11307850312040613 model.condition_dim=64 model.embedding_dim=128 model.projection_dim=64 experiment=sciplex/ode_pca hpo=ode trainer.accelerator=gpu trainer.devices=1 trainer.precision=bf16-mixed trainer.num_workers=4 trainer.pin_memory=True space.projections.0.n_components=16
/nfs/roberts/scratch/pi_sk2433/dac227/FlatCFM/artifacts/runs/sweeps/sciplex_ode_deg_pca/20260410_191143/14
/nfs/roberts/scratch/pi_sk2433/dac227/FlatCFM/artifacts/runs/sweeps/sciplex_ode_deg_pca/20260410_191143/14/checkpoints/best-v2.ckpt
[2026-04-10 21:09:41,119][HYDRA] Launching 1 jobs locally
[2026-04-10 21:09:41,119][HYDRA] 	#15 : task.lr=6.468406667425934e-05 task.weight_decay=1.856260916092736e-05 task.batch_size=512 task.steps_per_epoch=25 task.ode_method=midpoint task.adjoint=True task.n_energy_steps=20 loss.weights.ot=0.2138065814979468 loss.weights.density=0.2015030511233781 loss.weights.energy=0.00012518474610004785 loss.sinkhorn_reg=0.23756516151529622 loss.sinkhorn_max_iter=20 model.hidden_dim=256 model.hidden_layers=5 model.dropout=0.15465197011863346 model.condition_dim=128 model.embedding_dim=128 model.projection_dim=32 experiment=sciplex/ode_pca hpo=ode trainer.accelerator=gpu trainer.devices=1 trainer.precision=bf16-mixed trainer.num_workers=4 trainer.pin_memory=True space.projections.0.n_components=16
/nfs/roberts/scratch/pi_sk2433/dac227/FlatCFM/artifacts/runs/sweeps/sciplex_ode_deg_pca/20260410_191143/15
/nfs/roberts/scratch/pi_sk2433/dac227/FlatCFM/artifacts/runs/sweeps/sciplex_ode_deg_pca/20260410_191143/15/checkpoints/best-v2.ckpt
[2026-04-10 21:16:20,955][HYDRA] Launching 1 jobs locally
[2026-04-10 21:16:20,955][HYDRA] 	#16 : task.lr=0.00039841520093201934 task.weight_decay=6.304818783481485e-06 task.batch_size=512 task.steps_per_epoch=25 task.ode_method=midpoint task.adjoint=True task.n_energy_steps=20 loss.weights.ot=0.10575871696732556 loss.weights.density=0.18386178667018968 loss.weights.energy=0.00019548209651730863 loss.sinkhorn_reg=0.0328195229375079 loss.sinkhorn_max_iter=20 model.hidden_dim=128 model.hidden_layers=6 model.dropout=0.09648545095349938 model.condition_dim=128 model.embedding_dim=128 model.projection_dim=32 experiment=sciplex/ode_pca hpo=ode trainer.accelerator=gpu trainer.devices=1 trainer.precision=bf16-mixed trainer.num_workers=4 trainer.pin_memory=True space.projections.0.n_components=16
/nfs/roberts/scratch/pi_sk2433/dac227/FlatCFM/artifacts/runs/sweeps/sciplex_ode_deg_pca/20260410_191143/16
/nfs/roberts/scratch/pi_sk2433/dac227/FlatCFM/artifacts/runs/sweeps/sciplex_ode_deg_pca/20260410_191143/16/checkpoints/best-v2.ckpt
[2026-04-10 21:22:58,832][HYDRA] Launching 1 jobs locally
[2026-04-10 21:22:58,832][HYDRA] 	#17 : task.lr=0.0005394537826715932 task.weight_decay=0.0018884224863255808 task.batch_size=512 task.steps_per_epoch=25 task.ode_method=midpoint task.adjoint=True task.n_energy_steps=10 loss.weights.ot=0.5820360184634992 loss.weights.density=0.12178007696037126 loss.weights.energy=0.0001466726762569957 loss.sinkhorn_reg=0.33672785400603633 loss.sinkhorn_max_iter=20 model.hidden_dim=128 model.hidden_layers=4 model.dropout=0.0912396902707013 model.condition_dim=128 model.embedding_dim=128 model.projection_dim=128 experiment=sciplex/ode_pca hpo=ode trainer.accelerator=gpu trainer.devices=1 trainer.precision=bf16-mixed trainer.num_workers=4 trainer.pin_memory=True space.projections.0.n_components=16
/nfs/roberts/scratch/pi_sk2433/dac227/FlatCFM/artifacts/runs/sweeps/sciplex_ode_deg_pca/20260410_191143/17
/nfs/roberts/scratch/pi_sk2433/dac227/FlatCFM/artifacts/runs/sweeps/sciplex_ode_deg_pca/20260410_191143/17/checkpoints/best-v2.ckpt
[2026-04-10 21:27:21,924][HYDRA] Launching 1 jobs locally
[2026-04-10 21:27:21,924][HYDRA] 	#18 : task.lr=2.8260818272391743e-05 task.weight_decay=0.0012536069790175506 task.batch_size=512 task.steps_per_epoch=50 task.ode_method=midpoint task.adjoint=True task.n_energy_steps=20 loss.weights.ot=0.11425473240756628 loss.weights.density=0.10741304179080734 loss.weights.energy=0.00042812714671025624 loss.sinkhorn_reg=0.1911858690793337 loss.sinkhorn_max_iter=20 model.hidden_dim=256 model.hidden_layers=4 model.dropout=0.14579500383685878 model.condition_dim=128 model.embedding_dim=128 model.projection_dim=64 experiment=sciplex/ode_pca hpo=ode trainer.accelerator=gpu trainer.devices=1 trainer.precision=bf16-mixed trainer.num_workers=4 trainer.pin_memory=True space.projections.0.n_components=16
/nfs/roberts/scratch/pi_sk2433/dac227/FlatCFM/artifacts/runs/sweeps/sciplex_ode_deg_pca/20260410_191143/18
/nfs/roberts/scratch/pi_sk2433/dac227/FlatCFM/artifacts/runs/sweeps/sciplex_ode_deg_pca/20260410_191143/18/checkpoints/best-v2.ckpt
[2026-04-10 21:38:31,217][HYDRA] Launching 1 jobs locally
[2026-04-10 21:38:31,218][HYDRA] 	#19 : task.lr=2.0296103270984703e-05 task.weight_decay=0.004002090494403775 task.batch_size=256 task.steps_per_epoch=50 task.ode_method=rk4 task.adjoint=True task.n_energy_steps=10 loss.weights.ot=0.1519836470340165 loss.weights.density=0.11631925032407851 loss.weights.energy=0.001035815660779401 loss.sinkhorn_reg=0.07169206547804917 loss.sinkhorn_max_iter=100 model.hidden_dim=512 model.hidden_layers=6 model.dropout=0.17882479994082776 model.condition_dim=64 model.embedding_dim=64 model.projection_dim=64 experiment=sciplex/ode_pca hpo=ode trainer.accelerator=gpu trainer.devices=1 trainer.precision=bf16-mixed trainer.num_workers=4 trainer.pin_memory=True space.projections.0.n_components=16
/nfs/roberts/scratch/pi_sk2433/dac227/FlatCFM/artifacts/runs/sweeps/sciplex_ode_deg_pca/20260410_191143/19
/nfs/roberts/scratch/pi_sk2433/dac227/FlatCFM/artifacts/runs/sweeps/sciplex_ode_deg_pca/20260410_191143/19/checkpoints/best-v2.ckpt
[2026-04-10 21:55:12,165][HYDRA] Best parameters: {'task.lr': 7.560022847129252e-05, 'task.weight_decay': 0.009794171272763807, 'task.batch_size': 512, 'task.steps_per_epoch': 25, 'task.ode_method': 'midpoint', 'task.adjoint': True, 'task.n_energy_steps': 5, 'loss.weights.ot': 0.10661357943363009, 'loss.weights.density': 0.10003228546059455, 'loss.weights.energy': 0.00028966040789692166, 'loss.sinkhorn_reg': 0.14975228732164877, 'loss.sinkhorn_max_iter': 100, 'model.hidden_dim': 256, 'model.hidden_layers': 5, 'model.dropout': 0.13393731063329115, 'model.condition_dim': 64, 'model.embedding_dim': 128, 'model.projection_dim': 64}
[2026-04-10 21:55:12,165][HYDRA] Best value: 0.4795631170272827
