worker 6 starting
experiment=sciplex/fm_pca_deg
hpo=fm
study=hpo_fm_pca_d16
storage=sqlite:////nfs/roberts/scratch/pi_sk2433/dac227/FlatCFM/artifacts/runs/sweeps/hpo_fm_pca_d16.db
trials_per_worker=20
[2026-04-10 18:18:38,319][HYDRA] Study name: hpo_fm_pca_d16
[2026-04-10 18:18:38,320][HYDRA] Storage: sqlite:////nfs/roberts/scratch/pi_sk2433/dac227/FlatCFM/artifacts/runs/sweeps/hpo_fm_pca_d16.db
[2026-04-10 18:18:38,320][HYDRA] Sampler: TPESampler
[2026-04-10 18:18:38,320][HYDRA] Directions: ['minimize']
[2026-04-10 18:18:38,948][HYDRA] Launching 1 jobs locally
[2026-04-10 18:18:38,948][HYDRA] 	#0 : task.lr=8.865839045697398e-05 task.weight_decay=0.00679162115318002 task.batch_size=512 task.steps_per_epoch=100 task.use_ot_coupling=True task.ot_reg=0.053717286584351855 task.flow_noise=0.004499872624666482 model.hidden_dim=256 model.hidden_layers=6 model.dropout=0.20796882986840168 model.condition_dim=64 model.embedding_dim=32 model.projection_dim=128 experiment=sciplex/fm_pca_deg hpo=fm trainer.accelerator=gpu trainer.devices=1 trainer.precision=bf16-mixed trainer.num_workers=4 trainer.pin_memory=True space.projections.0.n_components=16
/nfs/roberts/scratch/pi_sk2433/dac227/FlatCFM/artifacts/runs/sweeps/sciplex_fm_deg_pca/20260410_181837/0
/nfs/roberts/scratch/pi_sk2433/dac227/FlatCFM/artifacts/runs/sweeps/sciplex_fm_deg_pca/20260410_181837/0/checkpoints/best.ckpt
[2026-04-10 18:21:47,826][HYDRA] Launching 1 jobs locally
[2026-04-10 18:21:47,826][HYDRA] 	#1 : task.lr=0.0007059441763540198 task.weight_decay=2.236728007272542e-06 task.batch_size=1024 task.steps_per_epoch=50 task.use_ot_coupling=True task.ot_reg=0.015292292863419252 task.flow_noise=0.00024761071417667705 model.hidden_dim=128 model.hidden_layers=6 model.dropout=0.28423012912078655 model.condition_dim=256 model.embedding_dim=64 model.projection_dim=64 experiment=sciplex/fm_pca_deg hpo=fm trainer.accelerator=gpu trainer.devices=1 trainer.precision=bf16-mixed trainer.num_workers=4 trainer.pin_memory=True space.projections.0.n_components=16
/nfs/roberts/scratch/pi_sk2433/dac227/FlatCFM/artifacts/runs/sweeps/sciplex_fm_deg_pca/20260410_181837/1
/nfs/roberts/scratch/pi_sk2433/dac227/FlatCFM/artifacts/runs/sweeps/sciplex_fm_deg_pca/20260410_181837/1/checkpoints/best.ckpt
[2026-04-10 18:23:57,656][HYDRA] Launching 1 jobs locally
[2026-04-10 18:23:57,657][HYDRA] 	#2 : task.lr=0.00010886145851988084 task.weight_decay=0.005575947817269439 task.batch_size=1024 task.steps_per_epoch=100 task.use_ot_coupling=False task.flow_noise=0.016741458126182204 model.hidden_dim=512 model.hidden_layers=5 model.dropout=0.07994577036275555 model.condition_dim=128 model.embedding_dim=64 model.projection_dim=64 experiment=sciplex/fm_pca_deg hpo=fm trainer.accelerator=gpu trainer.devices=1 trainer.precision=bf16-mixed trainer.num_workers=4 trainer.pin_memory=True space.projections.0.n_components=16
/nfs/roberts/scratch/pi_sk2433/dac227/FlatCFM/artifacts/runs/sweeps/sciplex_fm_deg_pca/20260410_181837/2
/nfs/roberts/scratch/pi_sk2433/dac227/FlatCFM/artifacts/runs/sweeps/sciplex_fm_deg_pca/20260410_181837/2/checkpoints/best.ckpt
[2026-04-10 18:25:44,944][HYDRA] Launching 1 jobs locally
[2026-04-10 18:25:44,944][HYDRA] 	#3 : task.lr=0.00012516961722995287 task.weight_decay=0.00027223380869653555 task.batch_size=1024 task.steps_per_epoch=200 task.use_ot_coupling=False task.flow_noise=0.010389732353505252 model.hidden_dim=512 model.hidden_layers=5 model.dropout=0.028904227726619443 model.condition_dim=128 model.embedding_dim=128 model.projection_dim=64 experiment=sciplex/fm_pca_deg hpo=fm trainer.accelerator=gpu trainer.devices=1 trainer.precision=bf16-mixed trainer.num_workers=4 trainer.pin_memory=True space.projections.0.n_components=16
/nfs/roberts/scratch/pi_sk2433/dac227/FlatCFM/artifacts/runs/sweeps/sciplex_fm_deg_pca/20260410_181837/3
/nfs/roberts/scratch/pi_sk2433/dac227/FlatCFM/artifacts/runs/sweeps/sciplex_fm_deg_pca/20260410_181837/3/checkpoints/best.ckpt
[2026-04-10 18:28:13,032][HYDRA] Launching 1 jobs locally
[2026-04-10 18:28:13,032][HYDRA] 	#4 : task.lr=5.9662072786639196e-05 task.weight_decay=0.02239585535718267 task.batch_size=1024 task.steps_per_epoch=200 task.use_ot_coupling=False task.flow_noise=0.00405219597512156 model.hidden_dim=512 model.hidden_layers=5 model.dropout=0.037875254410231984 model.condition_dim=128 model.embedding_dim=128 model.projection_dim=32 experiment=sciplex/fm_pca_deg hpo=fm trainer.accelerator=gpu trainer.devices=1 trainer.precision=bf16-mixed trainer.num_workers=4 trainer.pin_memory=True space.projections.0.n_components=16
/nfs/roberts/scratch/pi_sk2433/dac227/FlatCFM/artifacts/runs/sweeps/sciplex_fm_deg_pca/20260410_181837/4
/nfs/roberts/scratch/pi_sk2433/dac227/FlatCFM/artifacts/runs/sweeps/sciplex_fm_deg_pca/20260410_181837/4/checkpoints/best.ckpt
[2026-04-10 18:30:43,792][HYDRA] Launching 1 jobs locally
[2026-04-10 18:30:43,792][HYDRA] 	#5 : task.lr=0.00010822214439471065 task.weight_decay=0.00011198241459978259 task.batch_size=1024 task.steps_per_epoch=50 task.use_ot_coupling=False task.flow_noise=0.002949556034449176 model.hidden_dim=512 model.hidden_layers=5 model.dropout=0.027544534006447196 model.condition_dim=256 model.embedding_dim=64 model.projection_dim=64 experiment=sciplex/fm_pca_deg hpo=fm trainer.accelerator=gpu trainer.devices=1 trainer.precision=bf16-mixed trainer.num_workers=4 trainer.pin_memory=True space.projections.0.n_components=16
/nfs/roberts/scratch/pi_sk2433/dac227/FlatCFM/artifacts/runs/sweeps/sciplex_fm_deg_pca/20260410_181837/5
/nfs/roberts/scratch/pi_sk2433/dac227/FlatCFM/artifacts/runs/sweeps/sciplex_fm_deg_pca/20260410_181837/5/checkpoints/best.ckpt
[2026-04-10 18:32:19,449][HYDRA] Launching 1 jobs locally
[2026-04-10 18:32:19,449][HYDRA] 	#6 : task.lr=6.816649003352942e-05 task.weight_decay=5.7736541794278344e-05 task.batch_size=1024 task.steps_per_epoch=100 task.use_ot_coupling=False task.flow_noise=0.01514188656992764 model.hidden_dim=256 model.hidden_layers=6 model.dropout=0.04653857368333957 model.condition_dim=256 model.embedding_dim=64 model.projection_dim=32 experiment=sciplex/fm_pca_deg hpo=fm trainer.accelerator=gpu trainer.devices=1 trainer.precision=bf16-mixed trainer.num_workers=4 trainer.pin_memory=True space.projections.0.n_components=16
/nfs/roberts/scratch/pi_sk2433/dac227/FlatCFM/artifacts/runs/sweeps/sciplex_fm_deg_pca/20260410_181837/6
/nfs/roberts/scratch/pi_sk2433/dac227/FlatCFM/artifacts/runs/sweeps/sciplex_fm_deg_pca/20260410_181837/6/checkpoints/best.ckpt
[2026-04-10 18:34:15,320][HYDRA] Launching 1 jobs locally
[2026-04-10 18:34:15,320][HYDRA] 	#7 : task.lr=0.00021616864811106453 task.weight_decay=3.20533867113553e-05 task.batch_size=1024 task.steps_per_epoch=50 task.use_ot_coupling=False task.flow_noise=0.0005617416887545231 model.hidden_dim=512 model.hidden_layers=3 model.dropout=0.05393001290396224 model.condition_dim=128 model.embedding_dim=128 model.projection_dim=64 experiment=sciplex/fm_pca_deg hpo=fm trainer.accelerator=gpu trainer.devices=1 trainer.precision=bf16-mixed trainer.num_workers=4 trainer.pin_memory=True space.projections.0.n_components=16
/nfs/roberts/scratch/pi_sk2433/dac227/FlatCFM/artifacts/runs/sweeps/sciplex_fm_deg_pca/20260410_181837/7
/nfs/roberts/scratch/pi_sk2433/dac227/FlatCFM/artifacts/runs/sweeps/sciplex_fm_deg_pca/20260410_181837/7/checkpoints/best.ckpt
[2026-04-10 18:35:51,547][HYDRA] Launching 1 jobs locally
[2026-04-10 18:35:51,547][HYDRA] 	#8 : task.lr=0.00030926936000659125 task.weight_decay=7.820497409590142e-05 task.batch_size=512 task.steps_per_epoch=100 task.use_ot_coupling=False task.flow_noise=0.010521153450745951 model.hidden_dim=512 model.hidden_layers=6 model.dropout=0.04913804784805449 model.condition_dim=256 model.embedding_dim=32 model.projection_dim=128 experiment=sciplex/fm_pca_deg hpo=fm trainer.accelerator=gpu trainer.devices=1 trainer.precision=bf16-mixed trainer.num_workers=4 trainer.pin_memory=True space.projections.0.n_components=16
/nfs/roberts/scratch/pi_sk2433/dac227/FlatCFM/artifacts/runs/sweeps/sciplex_fm_deg_pca/20260410_181837/8
/nfs/roberts/scratch/pi_sk2433/dac227/FlatCFM/artifacts/runs/sweeps/sciplex_fm_deg_pca/20260410_181837/8/checkpoints/best.ckpt
[2026-04-10 18:37:49,867][HYDRA] Launching 1 jobs locally
[2026-04-10 18:37:49,867][HYDRA] 	#9 : task.lr=0.00025987128592232537 task.weight_decay=3.7810620386311753e-06 task.batch_size=512 task.steps_per_epoch=200 task.use_ot_coupling=False task.flow_noise=0.004667252668775519 model.hidden_dim=512 model.hidden_layers=4 model.dropout=0.12836897163492222 model.condition_dim=128 model.embedding_dim=128 model.projection_dim=64 experiment=sciplex/fm_pca_deg hpo=fm trainer.accelerator=gpu trainer.devices=1 trainer.precision=bf16-mixed trainer.num_workers=4 trainer.pin_memory=True space.projections.0.n_components=16
/nfs/roberts/scratch/pi_sk2433/dac227/FlatCFM/artifacts/runs/sweeps/sciplex_fm_deg_pca/20260410_181837/9
/nfs/roberts/scratch/pi_sk2433/dac227/FlatCFM/artifacts/runs/sweeps/sciplex_fm_deg_pca/20260410_181837/9/checkpoints/best.ckpt
[2026-04-10 18:40:23,740][HYDRA] Launching 1 jobs locally
[2026-04-10 18:40:23,740][HYDRA] 	#10 : task.lr=0.0005102506595145112 task.weight_decay=9.93582210302674e-05 task.batch_size=1024 task.steps_per_epoch=200 task.use_ot_coupling=False task.flow_noise=0.00043487639294429164 model.hidden_dim=256 model.hidden_layers=3 model.dropout=0.04859943278187358 model.condition_dim=64 model.embedding_dim=32 model.projection_dim=128 experiment=sciplex/fm_pca_deg hpo=fm trainer.accelerator=gpu trainer.devices=1 trainer.precision=bf16-mixed trainer.num_workers=4 trainer.pin_memory=True space.projections.0.n_components=16
/nfs/roberts/scratch/pi_sk2433/dac227/FlatCFM/artifacts/runs/sweeps/sciplex_fm_deg_pca/20260410_181837/10
/nfs/roberts/scratch/pi_sk2433/dac227/FlatCFM/artifacts/runs/sweeps/sciplex_fm_deg_pca/20260410_181837/10/checkpoints/best.ckpt
[2026-04-10 18:42:48,269][HYDRA] Launching 1 jobs locally
[2026-04-10 18:42:48,269][HYDRA] 	#11 : task.lr=0.0001073110175174681 task.weight_decay=0.0035454985536126425 task.batch_size=1024 task.steps_per_epoch=200 task.use_ot_coupling=False task.flow_noise=0.00683364380282139 model.hidden_dim=512 model.hidden_layers=4 model.dropout=0.021315969877391226 model.condition_dim=256 model.embedding_dim=32 model.projection_dim=32 experiment=sciplex/fm_pca_deg hpo=fm trainer.accelerator=gpu trainer.devices=1 trainer.precision=bf16-mixed trainer.num_workers=4 trainer.pin_memory=True space.projections.0.n_components=16
/nfs/roberts/scratch/pi_sk2433/dac227/FlatCFM/artifacts/runs/sweeps/sciplex_fm_deg_pca/20260410_181837/11
/nfs/roberts/scratch/pi_sk2433/dac227/FlatCFM/artifacts/runs/sweeps/sciplex_fm_deg_pca/20260410_181837/11/checkpoints/best.ckpt
[2026-04-10 18:45:21,989][HYDRA] Launching 1 jobs locally
[2026-04-10 18:45:21,989][HYDRA] 	#12 : task.lr=0.0001605452790067493 task.weight_decay=3.518387503832246e-05 task.batch_size=1024 task.steps_per_epoch=200 task.use_ot_coupling=False task.flow_noise=0.0074880204097035295 model.hidden_dim=256 model.hidden_layers=3 model.dropout=0.10534020898987068 model.condition_dim=256 model.embedding_dim=128 model.projection_dim=64 experiment=sciplex/fm_pca_deg hpo=fm trainer.accelerator=gpu trainer.devices=1 trainer.precision=bf16-mixed trainer.num_workers=4 trainer.pin_memory=True space.projections.0.n_components=16
/nfs/roberts/scratch/pi_sk2433/dac227/FlatCFM/artifacts/runs/sweeps/sciplex_fm_deg_pca/20260410_181837/12
/nfs/roberts/scratch/pi_sk2433/dac227/FlatCFM/artifacts/runs/sweeps/sciplex_fm_deg_pca/20260410_181837/12/checkpoints/best.ckpt
[2026-04-10 18:47:51,341][HYDRA] Launching 1 jobs locally
[2026-04-10 18:47:51,341][HYDRA] 	#13 : task.lr=0.00013068542952803205 task.weight_decay=0.0002129436643687231 task.batch_size=1024 task.steps_per_epoch=200 task.use_ot_coupling=False task.flow_noise=0.002701661263036575 model.hidden_dim=256 model.hidden_layers=2 model.dropout=0.1401466898346855 model.condition_dim=256 model.embedding_dim=128 model.projection_dim=32 experiment=sciplex/fm_pca_deg hpo=fm trainer.accelerator=gpu trainer.devices=1 trainer.precision=bf16-mixed trainer.num_workers=4 trainer.pin_memory=True space.projections.0.n_components=16
/nfs/roberts/scratch/pi_sk2433/dac227/FlatCFM/artifacts/runs/sweeps/sciplex_fm_deg_pca/20260410_181837/13
/nfs/roberts/scratch/pi_sk2433/dac227/FlatCFM/artifacts/runs/sweeps/sciplex_fm_deg_pca/20260410_181837/13/checkpoints/best.ckpt
[2026-04-10 18:50:18,452][HYDRA] Launching 1 jobs locally
[2026-04-10 18:50:18,452][HYDRA] 	#14 : task.lr=0.00019445742746144668 task.weight_decay=1.1572469174761513e-05 task.batch_size=1024 task.steps_per_epoch=200 task.use_ot_coupling=False task.flow_noise=0.011891943720743849 model.hidden_dim=256 model.hidden_layers=2 model.dropout=0.1065281233461894 model.condition_dim=64 model.embedding_dim=128 model.projection_dim=64 experiment=sciplex/fm_pca_deg hpo=fm trainer.accelerator=gpu trainer.devices=1 trainer.precision=bf16-mixed trainer.num_workers=4 trainer.pin_memory=True space.projections.0.n_components=16
/nfs/roberts/scratch/pi_sk2433/dac227/FlatCFM/artifacts/runs/sweeps/sciplex_fm_deg_pca/20260410_181837/14
/nfs/roberts/scratch/pi_sk2433/dac227/FlatCFM/artifacts/runs/sweeps/sciplex_fm_deg_pca/20260410_181837/14/checkpoints/best.ckpt
[2026-04-10 18:52:47,511][HYDRA] Launching 1 jobs locally
[2026-04-10 18:52:47,511][HYDRA] 	#15 : task.lr=0.0001422212135020634 task.weight_decay=1.3051615249837788e-06 task.batch_size=1024 task.steps_per_epoch=200 task.use_ot_coupling=True task.ot_reg=0.1430847809154513 task.flow_noise=0.0197610578416097 model.hidden_dim=256 model.hidden_layers=2 model.dropout=0.1832099988500009 model.condition_dim=128 model.embedding_dim=128 model.projection_dim=64 experiment=sciplex/fm_pca_deg hpo=fm trainer.accelerator=gpu trainer.devices=1 trainer.precision=bf16-mixed trainer.num_workers=4 trainer.pin_memory=True space.projections.0.n_components=16
/nfs/roberts/scratch/pi_sk2433/dac227/FlatCFM/artifacts/runs/sweeps/sciplex_fm_deg_pca/20260410_181837/15
/nfs/roberts/scratch/pi_sk2433/dac227/FlatCFM/artifacts/runs/sweeps/sciplex_fm_deg_pca/20260410_181837/15/checkpoints/best.ckpt
[2026-04-10 18:56:22,336][HYDRA] Launching 1 jobs locally
[2026-04-10 18:56:22,336][HYDRA] 	#16 : task.lr=0.00017536469690621742 task.weight_decay=8.438480663568595e-06 task.batch_size=1024 task.steps_per_epoch=200 task.use_ot_coupling=False task.flow_noise=0.026617098310267383 model.hidden_dim=256 model.hidden_layers=2 model.dropout=0.1358848450769192 model.condition_dim=128 model.embedding_dim=64 model.projection_dim=32 experiment=sciplex/fm_pca_deg hpo=fm trainer.accelerator=gpu trainer.devices=1 trainer.precision=bf16-mixed trainer.num_workers=4 trainer.pin_memory=True space.projections.0.n_components=16
/nfs/roberts/scratch/pi_sk2433/dac227/FlatCFM/artifacts/runs/sweeps/sciplex_fm_deg_pca/20260410_181837/16
/nfs/roberts/scratch/pi_sk2433/dac227/FlatCFM/artifacts/runs/sweeps/sciplex_fm_deg_pca/20260410_181837/16/checkpoints/best.ckpt
[2026-04-10 18:58:43,829][HYDRA] Launching 1 jobs locally
[2026-04-10 18:58:43,829][HYDRA] 	#17 : task.lr=0.0001939549604470056 task.weight_decay=3.3525233850370586e-06 task.batch_size=1024 task.steps_per_epoch=200 task.use_ot_coupling=False task.flow_noise=0.0033527308967435665 model.hidden_dim=128 model.hidden_layers=3 model.dropout=0.1539401631817399 model.condition_dim=64 model.embedding_dim=32 model.projection_dim=32 experiment=sciplex/fm_pca_deg hpo=fm trainer.accelerator=gpu trainer.devices=1 trainer.precision=bf16-mixed trainer.num_workers=4 trainer.pin_memory=True space.projections.0.n_components=16
/nfs/roberts/scratch/pi_sk2433/dac227/FlatCFM/artifacts/runs/sweeps/sciplex_fm_deg_pca/20260410_181837/17
/nfs/roberts/scratch/pi_sk2433/dac227/FlatCFM/artifacts/runs/sweeps/sciplex_fm_deg_pca/20260410_181837/17/checkpoints/best.ckpt
[2026-04-10 19:01:06,817][HYDRA] Launching 1 jobs locally
[2026-04-10 19:01:06,817][HYDRA] 	#18 : task.lr=0.0001269615744273456 task.weight_decay=6.076573725567637e-06 task.batch_size=1024 task.steps_per_epoch=200 task.use_ot_coupling=True task.ot_reg=0.486570515404114 task.flow_noise=0.006793077874218165 model.hidden_dim=256 model.hidden_layers=2 model.dropout=0.15321829065969927 model.condition_dim=64 model.embedding_dim=32 model.projection_dim=128 experiment=sciplex/fm_pca_deg hpo=fm trainer.accelerator=gpu trainer.devices=1 trainer.precision=bf16-mixed trainer.num_workers=4 trainer.pin_memory=True space.projections.0.n_components=16
/nfs/roberts/scratch/pi_sk2433/dac227/FlatCFM/artifacts/runs/sweeps/sciplex_fm_deg_pca/20260410_181837/18
/nfs/roberts/scratch/pi_sk2433/dac227/FlatCFM/artifacts/runs/sweeps/sciplex_fm_deg_pca/20260410_181837/18/checkpoints/best.ckpt
[2026-04-10 19:04:22,132][HYDRA] Launching 1 jobs locally
[2026-04-10 19:04:22,132][HYDRA] 	#19 : task.lr=0.0001033915686838155 task.weight_decay=1.7500737671299791e-06 task.batch_size=1024 task.steps_per_epoch=200 task.use_ot_coupling=False task.flow_noise=0.003805555310423643 model.hidden_dim=128 model.hidden_layers=2 model.dropout=0.07095816516401561 model.condition_dim=256 model.embedding_dim=128 model.projection_dim=64 experiment=sciplex/fm_pca_deg hpo=fm trainer.accelerator=gpu trainer.devices=1 trainer.precision=bf16-mixed trainer.num_workers=4 trainer.pin_memory=True space.projections.0.n_components=16
/nfs/roberts/scratch/pi_sk2433/dac227/FlatCFM/artifacts/runs/sweeps/sciplex_fm_deg_pca/20260410_181837/19
/nfs/roberts/scratch/pi_sk2433/dac227/FlatCFM/artifacts/runs/sweeps/sciplex_fm_deg_pca/20260410_181837/19/checkpoints/best.ckpt
[2026-04-10 19:06:42,462][HYDRA] Best parameters: {'task.lr': 0.00033735677019725626, 'task.weight_decay': 2.2340242987707134e-05, 'task.batch_size': 1024, 'task.steps_per_epoch': 200, 'task.use_ot_coupling': False, 'task.flow_noise': 0.004376701375318151, 'model.hidden_dim': 256, 'model.hidden_layers': 3, 'model.dropout': 0.09534690966098143, 'model.condition_dim': 256, 'model.embedding_dim': 128, 'model.projection_dim': 64}
[2026-04-10 19:06:42,462][HYDRA] Best value: 9.994136810302734
