PERTURBENCH_DIR=/home/dac227/scratch_pi_sk2433/dac227/perturbench
TMPDIR=/home/dac227/scratch_pi_sk2433/dac227/perturbench/tmp
== task 4 ==
experiment=sciplex3/flatcfm_ode_sciplex3
wrapper=/nfs/roberts/scratch/pi_sk2433/dac227/FlatCFM/scripts/run_perturbench.py
extra_args=seed=245 model.debias=true
[[36m2026-04-18 11:45:53,128[0m][[34mperturbench.modelcore.train[0m][[32mINFO[0m] - Instantiating datamodule <perturbench.data.modules.AnnDataLitModule>[0m
Split summary: 
           train  val  test
('mcf7',)    132   29    30
('a549',)    132   30    29
('k562',)    132   29    30
[[36m2026-04-18 11:45:55,979[0m][[34mperturbench.modelcore.train[0m][[32mINFO[0m] - Instantiating model <flatcfm.perturbench.neural_ode.FlatCFMNeuralODE>[0m
[[36m2026-04-18 11:45:56,002[0m][[34mperturbench.modelcore.train[0m][[32mINFO[0m] - Instantiating callbacks...[0m
[[36m2026-04-18 11:45:56,002[0m][[34mperturbench.modelcore.utils[0m][[32mINFO[0m] - Instantiating an object of type <DictConfig>[0m
[[36m2026-04-18 11:45:56,003[0m][[34mperturbench.modelcore.utils[0m][[32mINFO[0m] - Instantiating an object of type <DictConfig>[0m
[[36m2026-04-18 11:45:56,003[0m][[34mperturbench.modelcore.utils[0m][[32mINFO[0m] - Instantiating an object of type <DictConfig>[0m
[[36m2026-04-18 11:45:56,003[0m][[34mperturbench.modelcore.utils[0m][[32mINFO[0m] - Instantiating an object of type <DictConfig>[0m
[[36m2026-04-18 11:45:56,005[0m][[34mperturbench.modelcore.utils[0m][[32mINFO[0m] - Instantiating an object of type <DictConfig>[0m
[[36m2026-04-18 11:45:56,006[0m][[34mperturbench.modelcore.train[0m][[32mINFO[0m] - Instantiating loggers...[0m
[[36m2026-04-18 11:45:56,006[0m][[34mperturbench.modelcore.utils[0m][[32mINFO[0m] - Instantiating an object of type <DictConfig>[0m
[[36m2026-04-18 11:45:56,007[0m][[34mperturbench.modelcore.utils[0m][[32mINFO[0m] - Instantiating an object of type <DictConfig>[0m
[[36m2026-04-18 11:45:56,008[0m][[34mperturbench.modelcore.train[0m][[32mINFO[0m] - Instantiating trainer <lightning.pytorch.trainer.Trainer>[0m
[[36m2026-04-18 11:45:56,062[0m][[34mperturbench.modelcore.train[0m][[32mINFO[0m] - Starting training![0m
┏━━━━┳━━━━━━━━━━━━━━━━━━━━━━━━━━━━━━━━━━━━━━━━━━━━━━━━┳━━━━━┳━━━━━┳━━━━━┳━━━━━━┓
┃    ┃ Name                                           ┃ Ty… ┃ Pa… ┃ Mo… ┃ FLO… ┃
┡━━━━╇━━━━━━━━━━━━━━━━━━━━━━━━━━━━━━━━━━━━━━━━━━━━━━━━╇━━━━━╇━━━━━╇━━━━━╇━━━━━━┩
│ 0  │ model                                          │ Co… │ 4.8 │ tr… │    0 │
│    │                                                │     │   M │     │      │
│ 1  │ model.cond_encoder                             │ Co… │ 53… │ tr… │    0 │
│    │                                                │     │   K │     │      │
│ 2  │ model.cond_encoder.emb_pert                    │ Em… │ 12… │ tr… │    0 │
│    │                                                │     │   K │     │      │
│ 3  │ model.cond_encoder.emb_pert_cov                │ Mo… │   0 │ tr… │    0 │
│ 4  │ model.cond_encoder.emb_sample_cov              │ Mo… │ 192 │ tr… │    0 │
│ 5  │ model.cond_encoder.emb_sample_cov.cell_type    │ Em… │ 192 │ tr… │    0 │
│ 6  │ model.cond_encoder.proj_perturbation           │ Se… │ 4.2 │ tr… │    0 │
│    │                                                │     │   K │     │      │
│ 7  │ model.cond_encoder.proj_perturbation.0         │ Li… │ 4.2 │ tr… │    0 │
│    │                                                │     │   K │     │      │
│ 8  │ model.cond_encoder.proj_perturbation.1         │ Re… │   0 │ tr… │    0 │
│ 9  │ model.cond_encoder.proj_pert_cov               │ Mo… │   0 │ tr… │    0 │
│ 10 │ model.cond_encoder.proj_sample_cov             │ Mo… │ 4.2 │ tr… │    0 │
│    │                                                │     │   K │     │      │
│ 11 │ model.cond_encoder.proj_sample_cov.cell_type   │ Se… │ 4.2 │ tr… │    0 │
│    │                                                │     │   K │     │      │
│ 12 │ model.cond_encoder.proj_sample_cov.cell_type.0 │ Li… │ 4.2 │ tr… │    0 │
│    │                                                │     │   K │     │      │
│ 13 │ model.cond_encoder.proj_sample_cov.cell_type.1 │ Re… │   0 │ tr… │    0 │
│ 14 │ model.cond_encoder.output_mlp                  │ Se… │ 33… │ tr… │    0 │
│    │                                                │     │   K │     │      │
│ 15 │ model.cond_encoder.output_mlp.0                │ Li… │ 16… │ tr… │    0 │
│    │                                                │     │   K │     │      │
│ 16 │ model.cond_encoder.output_mlp.1                │ Re… │   0 │ tr… │    0 │
│ 17 │ model.cond_encoder.output_mlp.2                │ Li… │ 16… │ tr… │    0 │
│    │                                                │     │   K │     │      │
│ 18 │ model.time_embed                               │ Ga… │  32 │ tr… │    0 │
│ 19 │ model.input_layer                              │ Li… │ 2.3 │ tr… │    0 │
│    │                                                │     │   M │     │      │
│ 20 │ model.hidden_layers                            │ Mo… │ 263 │ tr… │    0 │
│    │                                                │     │   K │     │      │
│ 21 │ model.hidden_layers.0                          │ Li… │ 65… │ tr… │    0 │
│    │                                                │     │   K │     │      │
│ 22 │ model.hidden_layers.1                          │ Li… │ 65… │ tr… │    0 │
│    │                                                │     │   K │     │      │
│ 23 │ model.hidden_layers.2                          │ Li… │ 65… │ tr… │    0 │
│    │                                                │     │   K │     │      │
│ 24 │ model.hidden_layers.3                          │ Li… │ 65… │ tr… │    0 │
│    │                                                │     │   K │     │      │
│ 25 │ model.output_layer                             │ Li… │ 2.2 │ tr… │    0 │
│    │                                                │     │   M │     │      │
│ 26 │ model.activation                               │ ELU │   0 │ tr… │    0 │
│ 27 │ model.dropout                                  │ Id… │   0 │ tr… │    0 │
│ 28 │ loss_composer                                  │ Lo… │   0 │ tr… │    0 │
│ 29 │ loss_composer.loss_map                         │ Mo… │   0 │ tr… │    0 │
│ 30 │ loss_composer.loss_map.ot                      │ OT… │   0 │ tr… │    0 │
│ 31 │ loss_composer.loss_map.ot.sinkhorn             │ Sa… │   0 │ tr… │    0 │
│ 32 │ loss_composer.loss_map.density                 │ De… │   0 │ tr… │    0 │
│ 33 │ loss_composer.loss_map.energy                  │ En… │   0 │ tr… │    0 │
└────┴────────────────────────────────────────────────┴─────┴─────┴─────┴──────┘
Trainable params: 4.8 M                                                         
Non-trainable params: 32                                                        
Total params: 4.8 M                                                             
Total estimated model params size (MB): 19                                      
Modules in train mode: 34                                                       
Modules in eval mode: 0                                                         
Total FLOPs: 0                                                                  
Epoch 229/499 ━━━━━━━━━━━━━━━━ 29/29 0:00:07 •        4.22it/s v_num: 0         
                                     0:00:00                   train_loss:      
                                                               166.584          
                                                               val_loss_step:   
                                                               204.964          
                                                               val_loss_epoch:  
                                                               179.111          
[[36m2026-04-18 12:19:31,465[0m][[34mperturbench.modelcore.train[0m][[32mINFO[0m] - Starting testing![0m
model                    FlatCFMNeuralODE
rmse_average                     0.022340
rmse_rank_average                0.521800
cosine_pca_average               0.935100
cosine_rank_pca_average          0.531000
cosine_logfc                     0.134000
cosine_rank_logfc                0.430000
r2_score_scores                 -0.610500
top_k_recall_scores              0.003721
mmd_pca                          0.310700
mmd_rank_pca                     0.530100
Testing ━━━━━━━━━━━━━━━━━━━━━━━━━━━━━━━━━━━━━━━ 1/1 0:00:48 • 0:00:00 0.00it/s 
== task 4 done ==
