PERTURBENCH_DIR=/home/dac227/scratch_pi_sk2433/dac227/perturbench
TMPDIR=/home/dac227/scratch_pi_sk2433/dac227/perturbench/tmp
== task 0 ==
experiment=neurips2025/sciplex3/decoder_best_params_sciplex3
wrapper=/nfs/roberts/scratch/pi_sk2433/dac227/FlatCFM/scripts/run_perturbench.py
extra_args=seed=247
[[36m2026-04-18 11:03:54,394[0m][[34mperturbench.modelcore.train[0m][[32mINFO[0m] - Instantiating datamodule <perturbench.data.modules.AnnDataLitModule>[0m
Split summary: 
           train  val  test
('k562',)    132   29    30
('a549',)    132   30    29
('mcf7',)    132   29    30
[[36m2026-04-18 11:03:57,567[0m][[34mperturbench.modelcore.train[0m][[32mINFO[0m] - Instantiating model <perturbench.modelcore.models.DecoderOnly>[0m
[[36m2026-04-18 11:03:57,795[0m][[34mperturbench.modelcore.train[0m][[32mINFO[0m] - Instantiating callbacks...[0m
[[36m2026-04-18 11:03:57,796[0m][[34mperturbench.modelcore.utils[0m][[32mINFO[0m] - Instantiating an object of type <DictConfig>[0m
[[36m2026-04-18 11:03:57,796[0m][[34mperturbench.modelcore.utils[0m][[32mINFO[0m] - Instantiating an object of type <DictConfig>[0m
[[36m2026-04-18 11:03:57,797[0m][[34mperturbench.modelcore.utils[0m][[32mINFO[0m] - Instantiating an object of type <DictConfig>[0m
[[36m2026-04-18 11:03:57,797[0m][[34mperturbench.modelcore.utils[0m][[32mINFO[0m] - Instantiating an object of type <DictConfig>[0m
[[36m2026-04-18 11:03:57,799[0m][[34mperturbench.modelcore.utils[0m][[32mINFO[0m] - Instantiating an object of type <DictConfig>[0m
[[36m2026-04-18 11:03:57,799[0m][[34mperturbench.modelcore.train[0m][[32mINFO[0m] - Instantiating loggers...[0m
[[36m2026-04-18 11:03:57,799[0m][[34mperturbench.modelcore.utils[0m][[32mINFO[0m] - Instantiating an object of type <DictConfig>[0m
[[36m2026-04-18 11:03:57,801[0m][[34mperturbench.modelcore.utils[0m][[32mINFO[0m] - Instantiating an object of type <DictConfig>[0m
[[36m2026-04-18 11:03:57,801[0m][[34mperturbench.modelcore.train[0m][[32mINFO[0m] - Instantiating trainer <lightning.pytorch.trainer.Trainer>[0m
[[36m2026-04-18 11:03:57,858[0m][[34mperturbench.modelcore.train[0m][[32mINFO[0m] - Starting training![0m
┏━━━━┳━━━━━━━━━━━━━━━━━━━━┳━━━━━━━━━━━━┳━━━━━━━━┳━━━━━━━┳━━━━━━━┓
┃    ┃ Name               ┃ Type       ┃ Params ┃ Mode  ┃ FLOPs ┃
┡━━━━╇━━━━━━━━━━━━━━━━━━━━╇━━━━━━━━━━━━╇━━━━━━━━╇━━━━━━━╇━━━━━━━┩
│ 0  │ decoder            │ MLP        │  133 M │ train │     0 │
│ 1  │ decoder.network    │ Sequential │  133 M │ train │     0 │
│ 2  │ decoder.network.0  │ Linear     │  835 K │ train │     0 │
│ 3  │ decoder.network.1  │ Linear     │ 18.9 M │ train │     0 │
│ 4  │ decoder.network.2  │ LayerNorm  │      0 │ train │     0 │
│ 5  │ decoder.network.3  │ ReLU       │      0 │ train │     0 │
│ 6  │ decoder.network.4  │ Linear     │ 18.9 M │ train │     0 │
│ 7  │ decoder.network.5  │ LayerNorm  │      0 │ train │     0 │
│ 8  │ decoder.network.6  │ ReLU       │      0 │ train │     0 │
│ 9  │ decoder.network.7  │ Linear     │ 18.9 M │ train │     0 │
│ 10 │ decoder.network.8  │ LayerNorm  │      0 │ train │     0 │
│ 11 │ decoder.network.9  │ ReLU       │      0 │ train │     0 │
│ 12 │ decoder.network.10 │ Linear     │ 18.9 M │ train │     0 │
│ 13 │ decoder.network.11 │ LayerNorm  │      0 │ train │     0 │
│ 14 │ decoder.network.12 │ ReLU       │      0 │ train │     0 │
│ 15 │ decoder.network.13 │ Linear     │ 18.9 M │ train │     0 │
│ 16 │ decoder.network.14 │ LayerNorm  │      0 │ train │     0 │
│ 17 │ decoder.network.15 │ ReLU       │      0 │ train │     0 │
│ 18 │ decoder.network.16 │ Linear     │ 37.6 M │ train │     0 │
└────┴────────────────────┴────────────┴────────┴───────┴───────┘
Trainable params: 133 M                                                         
Non-trainable params: 0                                                         
Total params: 133 M                                                             
Total estimated model params size (MB): 532                                     
Modules in train mode: 19                                                       
Modules in eval mode: 0                                                         
Total FLOPs: 0                                                                  
Epoch 128/499 ━━━━━━━━━━━━━━━━ 29/29 0:00:03 •        8.26it/s v_num: 0         
                                     0:00:00                   train_loss: 0.025
                                                               val_loss_step:   
                                                               0.026            
                                                               val_loss_epoch:  
                                                               0.025            
[[36m2026-04-18 11:15:13,959[0m][[34mperturbench.modelcore.train[0m][[32mINFO[0m] - Starting testing![0m
model                    DecoderOnly
rmse_average                 0.01877
rmse_rank_average            0.17540
cosine_pca_average           0.96870
cosine_rank_pca_average      0.18020
cosine_logfc                 0.33320
cosine_rank_logfc            0.18480
r2_score_scores             -0.03254
top_k_recall_scores          0.00000
mmd_pca                      1.87600
mmd_rank_pca                 0.18310
Testing ━━━━━━━━━━━━━━━━━━━━━━━━━━━━━━━━━━━━━━━ 1/1 0:00:47 • 0:00:00 0.00it/s 
== task 0 done ==
