worker 2 starting
experiment=sciplex/ode_pca
hpo=ode
study=hpo_ode_pca_d16
storage=sqlite:////nfs/roberts/scratch/pi_sk2433/dac227/FlatCFM/artifacts/runs/sweeps/hpo_ode_pca_d16.db
trials_per_worker=20
[2026-04-10 19:10:17,242][HYDRA] Study name: hpo_ode_pca_d16
[2026-04-10 19:10:17,243][HYDRA] Storage: sqlite:////nfs/roberts/scratch/pi_sk2433/dac227/FlatCFM/artifacts/runs/sweeps/hpo_ode_pca_d16.db
[2026-04-10 19:10:17,243][HYDRA] Sampler: TPESampler
[2026-04-10 19:10:17,243][HYDRA] Directions: ['minimize']
[2026-04-10 19:10:18,493][HYDRA] Launching 1 jobs locally
[2026-04-10 19:10:18,493][HYDRA] 	#0 : task.lr=0.00015542887137612866 task.weight_decay=0.0001624813245322154 task.batch_size=128 task.steps_per_epoch=50 task.ode_method=midpoint task.adjoint=False task.n_energy_steps=20 loss.weights.ot=0.5541472517769019 loss.weights.density=0.20454264482074241 loss.weights.energy=0.00018623504261181166 loss.sinkhorn_reg=0.0020164590686368826 loss.sinkhorn_max_iter=20 model.hidden_dim=256 model.hidden_layers=4 model.dropout=0.185641019876555 model.condition_dim=64 model.embedding_dim=128 model.projection_dim=128 experiment=sciplex/ode_pca hpo=ode trainer.accelerator=gpu trainer.devices=1 trainer.precision=bf16-mixed trainer.num_workers=4 trainer.pin_memory=True space.projections.0.n_components=16
/nfs/roberts/scratch/pi_sk2433/dac227/FlatCFM/artifacts/runs/sweeps/sciplex_ode_deg_pca/20260410_191016/0
/nfs/roberts/scratch/pi_sk2433/dac227/FlatCFM/artifacts/runs/sweeps/sciplex_ode_deg_pca/20260410_191016/0/checkpoints/best.ckpt
[2026-04-10 19:19:28,521][HYDRA] Launching 1 jobs locally
[2026-04-10 19:19:28,521][HYDRA] 	#1 : task.lr=0.00016280110438341615 task.weight_decay=6.499894508961646e-05 task.batch_size=512 task.steps_per_epoch=25 task.ode_method=rk4 task.adjoint=False task.n_energy_steps=5 loss.weights.ot=0.28828214494994997 loss.weights.density=0.13384271671976547 loss.weights.energy=0.07027533200951701 loss.sinkhorn_reg=0.09835927541558227 loss.sinkhorn_max_iter=50 model.hidden_dim=512 model.hidden_layers=3 model.dropout=0.10211799860379747 model.condition_dim=128 model.embedding_dim=128 model.projection_dim=128 experiment=sciplex/ode_pca hpo=ode trainer.accelerator=gpu trainer.devices=1 trainer.precision=bf16-mixed trainer.num_workers=4 trainer.pin_memory=True space.projections.0.n_components=16
/nfs/roberts/scratch/pi_sk2433/dac227/FlatCFM/artifacts/runs/sweeps/sciplex_ode_deg_pca/20260410_191016/1
/nfs/roberts/scratch/pi_sk2433/dac227/FlatCFM/artifacts/runs/sweeps/sciplex_ode_deg_pca/20260410_191016/1/checkpoints/best-v1.ckpt
[2026-04-10 19:23:09,558][HYDRA] Launching 1 jobs locally
[2026-04-10 19:23:09,558][HYDRA] 	#2 : task.lr=7.129260772421144e-05 task.weight_decay=2.8068431879175103e-06 task.batch_size=256 task.steps_per_epoch=100 task.ode_method=rk4 task.adjoint=False task.n_energy_steps=5 loss.weights.ot=0.3664338133952164 loss.weights.density=0.26222787535785985 loss.weights.energy=0.07652934475493381 loss.sinkhorn_reg=0.0144066625556762 loss.sinkhorn_max_iter=50 model.hidden_dim=512 model.hidden_layers=3 model.dropout=0.09162603099485167 model.condition_dim=128 model.embedding_dim=128 model.projection_dim=128 experiment=sciplex/ode_pca hpo=ode trainer.accelerator=gpu trainer.devices=1 trainer.precision=bf16-mixed trainer.num_workers=4 trainer.pin_memory=True space.projections.0.n_components=16
[2026-04-10 19:30:38,468][__main__][ERROR] - trial failed: cannot resolve hpo objective for metric 'val_loss' from history
[2026-04-10 19:30:39,628][HYDRA] Launching 1 jobs locally
[2026-04-10 19:30:39,628][HYDRA] 	#3 : task.lr=8.47979520248869e-05 task.weight_decay=0.01005912631636279 task.batch_size=256 task.steps_per_epoch=25 task.ode_method=rk4 task.adjoint=False task.n_energy_steps=5 loss.weights.ot=0.32398921359606575 loss.weights.density=0.26457612372191636 loss.weights.energy=0.07274237537528298 loss.sinkhorn_reg=0.1318647581356937 loss.sinkhorn_max_iter=50 model.hidden_dim=128 model.hidden_layers=3 model.dropout=0.04552345948758735 model.condition_dim=64 model.embedding_dim=128 model.projection_dim=128 experiment=sciplex/ode_pca hpo=ode trainer.accelerator=gpu trainer.devices=1 trainer.precision=bf16-mixed trainer.num_workers=4 trainer.pin_memory=True space.projections.0.n_components=16
/nfs/roberts/scratch/pi_sk2433/dac227/FlatCFM/artifacts/runs/sweeps/sciplex_ode_deg_pca/20260410_191016/3
/nfs/roberts/scratch/pi_sk2433/dac227/FlatCFM/artifacts/runs/sweeps/sciplex_ode_deg_pca/20260410_191016/3/checkpoints/best.ckpt
[2026-04-10 19:34:57,709][HYDRA] Launching 1 jobs locally
[2026-04-10 19:34:57,709][HYDRA] 	#4 : task.lr=0.00020562900623458192 task.weight_decay=0.004298129717082924 task.batch_size=512 task.steps_per_epoch=25 task.ode_method=rk4 task.adjoint=True task.n_energy_steps=5 loss.weights.ot=0.22341111959407556 loss.weights.density=0.14303728005062716 loss.weights.energy=0.022571131665632762 loss.sinkhorn_reg=0.01708146791018407 loss.sinkhorn_max_iter=50 model.hidden_dim=512 model.hidden_layers=6 model.dropout=0.10443112878371127 model.condition_dim=128 model.embedding_dim=64 model.projection_dim=32 experiment=sciplex/ode_pca hpo=ode trainer.accelerator=gpu trainer.devices=1 trainer.precision=bf16-mixed trainer.num_workers=4 trainer.pin_memory=True space.projections.0.n_components=16
[2026-04-10 19:38:41,655][__main__][ERROR] - trial failed: cannot resolve hpo objective for metric 'val_loss' from history
[2026-04-10 19:38:43,272][HYDRA] Launching 1 jobs locally
[2026-04-10 19:38:43,272][HYDRA] 	#5 : task.lr=0.0002694802554074617 task.weight_decay=0.004789819208370512 task.batch_size=256 task.steps_per_epoch=25 task.ode_method=midpoint task.adjoint=True task.n_energy_steps=5 loss.weights.ot=1.0235587257569239 loss.weights.density=0.13075412324191035 loss.weights.energy=0.05960016596051909 loss.sinkhorn_reg=0.07544121797941351 loss.sinkhorn_max_iter=20 model.hidden_dim=512 model.hidden_layers=6 model.dropout=0.10718179832532417 model.condition_dim=128 model.embedding_dim=128 model.projection_dim=128 experiment=sciplex/ode_pca hpo=ode trainer.accelerator=gpu trainer.devices=1 trainer.precision=bf16-mixed trainer.num_workers=4 trainer.pin_memory=True space.projections.0.n_components=16
/nfs/roberts/scratch/pi_sk2433/dac227/FlatCFM/artifacts/runs/sweeps/sciplex_ode_deg_pca/20260410_191016/5
/nfs/roberts/scratch/pi_sk2433/dac227/FlatCFM/artifacts/runs/sweeps/sciplex_ode_deg_pca/20260410_191016/5/checkpoints/best.ckpt
[2026-04-10 19:42:00,399][HYDRA] Launching 1 jobs locally
[2026-04-10 19:42:00,399][HYDRA] 	#6 : task.lr=0.00018044938352961638 task.weight_decay=0.012821420930606989 task.batch_size=256 task.steps_per_epoch=25 task.ode_method=midpoint task.adjoint=True task.n_energy_steps=5 loss.weights.ot=0.5430208013942508 loss.weights.density=0.10151322582918607 loss.weights.energy=0.01085781018045368 loss.sinkhorn_reg=0.02266372739871844 loss.sinkhorn_max_iter=50 model.hidden_dim=256 model.hidden_layers=5 model.dropout=0.17675509535236364 model.condition_dim=64 model.embedding_dim=128 model.projection_dim=128 experiment=sciplex/ode_pca hpo=ode trainer.accelerator=gpu trainer.devices=1 trainer.precision=bf16-mixed trainer.num_workers=4 trainer.pin_memory=True space.projections.0.n_components=16
[2026-04-10 19:44:45,742][__main__][ERROR] - trial failed: cannot resolve hpo objective for metric 'val_loss' from history
[2026-04-10 19:44:46,555][HYDRA] Launching 1 jobs locally
[2026-04-10 19:44:46,555][HYDRA] 	#7 : task.lr=2.6013571932261035e-05 task.weight_decay=0.017858014996664374 task.batch_size=512 task.steps_per_epoch=25 task.ode_method=rk4 task.adjoint=False task.n_energy_steps=5 loss.weights.ot=0.289786984225745 loss.weights.density=0.11445639203138597 loss.weights.energy=0.01618169024939724 loss.sinkhorn_reg=0.11628962474943835 loss.sinkhorn_max_iter=20 model.hidden_dim=512 model.hidden_layers=5 model.dropout=0.04176871180820907 model.condition_dim=256 model.embedding_dim=128 model.projection_dim=32 experiment=sciplex/ode_pca hpo=ode trainer.accelerator=gpu trainer.devices=1 trainer.precision=bf16-mixed trainer.num_workers=4 trainer.pin_memory=True space.projections.0.n_components=16
/nfs/roberts/scratch/pi_sk2433/dac227/FlatCFM/artifacts/runs/sweeps/sciplex_ode_deg_pca/20260410_191016/7
/nfs/roberts/scratch/pi_sk2433/dac227/FlatCFM/artifacts/runs/sweeps/sciplex_ode_deg_pca/20260410_191016/7/checkpoints/best.ckpt
[2026-04-10 19:48:12,169][HYDRA] Launching 1 jobs locally
[2026-04-10 19:48:12,169][HYDRA] 	#8 : task.lr=0.00015783192491985692 task.weight_decay=0.005953074261496234 task.batch_size=256 task.steps_per_epoch=25 task.ode_method=midpoint task.adjoint=True task.n_energy_steps=5 loss.weights.ot=0.5977070935867103 loss.weights.density=0.17445044109992305 loss.weights.energy=0.010972329666610442 loss.sinkhorn_reg=0.12485663957687142 loss.sinkhorn_max_iter=50 model.hidden_dim=256 model.hidden_layers=3 model.dropout=0.12328830162812171 model.condition_dim=128 model.embedding_dim=32 model.projection_dim=32 experiment=sciplex/ode_pca hpo=ode trainer.accelerator=gpu trainer.devices=1 trainer.precision=bf16-mixed trainer.num_workers=4 trainer.pin_memory=True space.projections.0.n_components=16
/nfs/roberts/scratch/pi_sk2433/dac227/FlatCFM/artifacts/runs/sweeps/sciplex_ode_deg_pca/20260410_191016/8
/nfs/roberts/scratch/pi_sk2433/dac227/FlatCFM/artifacts/runs/sweeps/sciplex_ode_deg_pca/20260410_191016/8/checkpoints/best.ckpt
[2026-04-10 19:51:57,386][HYDRA] Launching 1 jobs locally
[2026-04-10 19:51:57,386][HYDRA] 	#9 : task.lr=0.00010655046249743109 task.weight_decay=0.00451624731477218 task.batch_size=256 task.steps_per_epoch=50 task.ode_method=midpoint task.adjoint=True task.n_energy_steps=5 loss.weights.ot=0.26897339571844625 loss.weights.density=0.13123118221501193 loss.weights.energy=0.004601685023580943 loss.sinkhorn_reg=0.4858300065590267 loss.sinkhorn_max_iter=50 model.hidden_dim=256 model.hidden_layers=3 model.dropout=0.008251262126422909 model.condition_dim=128 model.embedding_dim=128 model.projection_dim=128 experiment=sciplex/ode_pca hpo=ode trainer.accelerator=gpu trainer.devices=1 trainer.precision=bf16-mixed trainer.num_workers=4 trainer.pin_memory=True space.projections.0.n_components=16
/nfs/roberts/scratch/pi_sk2433/dac227/FlatCFM/artifacts/runs/sweeps/sciplex_ode_deg_pca/20260410_191016/9
/nfs/roberts/scratch/pi_sk2433/dac227/FlatCFM/artifacts/runs/sweeps/sciplex_ode_deg_pca/20260410_191016/9/checkpoints/best.ckpt
[2026-04-10 19:57:29,054][HYDRA] Launching 1 jobs locally
[2026-04-10 19:57:29,054][HYDRA] 	#10 : task.lr=4.100032114141006e-05 task.weight_decay=0.015561474869502469 task.batch_size=128 task.steps_per_epoch=25 task.ode_method=rk4 task.adjoint=False task.n_energy_steps=10 loss.weights.ot=0.14717847693797861 loss.weights.density=0.12353034720184837 loss.weights.energy=0.018864233030292915 loss.sinkhorn_reg=0.04128732734204939 loss.sinkhorn_max_iter=20 model.hidden_dim=512 model.hidden_layers=5 model.dropout=0.07136025351901254 model.condition_dim=256 model.embedding_dim=32 model.projection_dim=32 experiment=sciplex/ode_pca hpo=ode trainer.accelerator=gpu trainer.devices=1 trainer.precision=bf16-mixed trainer.num_workers=4 trainer.pin_memory=True space.projections.0.n_components=16
/nfs/roberts/scratch/pi_sk2433/dac227/FlatCFM/artifacts/runs/sweeps/sciplex_ode_deg_pca/20260410_191016/10
/nfs/roberts/scratch/pi_sk2433/dac227/FlatCFM/artifacts/runs/sweeps/sciplex_ode_deg_pca/20260410_191016/10/checkpoints/best.ckpt
[2026-04-10 20:05:06,539][HYDRA] Launching 1 jobs locally
[2026-04-10 20:05:06,539][HYDRA] 	#11 : task.lr=2.7001779942195112e-05 task.weight_decay=0.001857712651303803 task.batch_size=512 task.steps_per_epoch=25 task.ode_method=rk4 task.adjoint=False task.n_energy_steps=20 loss.weights.ot=0.2641316659607825 loss.weights.density=0.13117272914649192 loss.weights.energy=0.0540991671705409 loss.sinkhorn_reg=0.3149302326251878 loss.sinkhorn_max_iter=20 model.hidden_dim=256 model.hidden_layers=3 model.dropout=0.038299200581144305 model.condition_dim=256 model.embedding_dim=128 model.projection_dim=32 experiment=sciplex/ode_pca hpo=ode trainer.accelerator=gpu trainer.devices=1 trainer.precision=bf16-mixed trainer.num_workers=4 trainer.pin_memory=True space.projections.0.n_components=16
/nfs/roberts/scratch/pi_sk2433/dac227/FlatCFM/artifacts/runs/sweeps/sciplex_ode_deg_pca/20260410_191016/11
/nfs/roberts/scratch/pi_sk2433/dac227/FlatCFM/artifacts/runs/sweeps/sciplex_ode_deg_pca/20260410_191016/11/checkpoints/best.ckpt
[2026-04-10 20:12:44,207][HYDRA] Launching 1 jobs locally
[2026-04-10 20:12:44,207][HYDRA] 	#12 : task.lr=0.00017919531441752874 task.weight_decay=0.00816515712247427 task.batch_size=512 task.steps_per_epoch=100 task.ode_method=midpoint task.adjoint=True task.n_energy_steps=5 loss.weights.ot=0.5094795335552809 loss.weights.density=0.17761904963259184 loss.weights.energy=0.03486195079777385 loss.sinkhorn_reg=0.07604564759447328 loss.sinkhorn_max_iter=100 model.hidden_dim=256 model.hidden_layers=2 model.dropout=0.04034171238474779 model.condition_dim=128 model.embedding_dim=128 model.projection_dim=64 experiment=sciplex/ode_pca hpo=ode trainer.accelerator=gpu trainer.devices=1 trainer.precision=bf16-mixed trainer.num_workers=4 trainer.pin_memory=True space.projections.0.n_components=16
/nfs/roberts/scratch/pi_sk2433/dac227/FlatCFM/artifacts/runs/sweeps/sciplex_ode_deg_pca/20260410_191016/12
/nfs/roberts/scratch/pi_sk2433/dac227/FlatCFM/artifacts/runs/sweeps/sciplex_ode_deg_pca/20260410_191016/12/checkpoints/best.ckpt
[2026-04-10 20:24:04,240][HYDRA] Launching 1 jobs locally
[2026-04-10 20:24:04,240][HYDRA] 	#13 : task.lr=4.023324796580095e-05 task.weight_decay=0.005199934372232861 task.batch_size=512 task.steps_per_epoch=25 task.ode_method=rk4 task.adjoint=True task.n_energy_steps=5 loss.weights.ot=0.23352471697235536 loss.weights.density=0.1528501098822758 loss.weights.energy=0.0033227656759538524 loss.sinkhorn_reg=0.025029252884326572 loss.sinkhorn_max_iter=20 model.hidden_dim=512 model.hidden_layers=4 model.dropout=0.0377950179856832 model.condition_dim=256 model.embedding_dim=128 model.projection_dim=32 experiment=sciplex/ode_pca hpo=ode trainer.accelerator=gpu trainer.devices=1 trainer.precision=bf16-mixed trainer.num_workers=4 trainer.pin_memory=True space.projections.0.n_components=16
[2026-04-10 20:27:32,517][__main__][ERROR] - trial failed: cannot resolve hpo objective for metric 'val_loss' from history
[2026-04-10 20:27:33,433][HYDRA] Launching 1 jobs locally
[2026-04-10 20:27:33,433][HYDRA] 	#14 : task.lr=2.404330816221418e-05 task.weight_decay=0.002152419799942484 task.batch_size=512 task.steps_per_epoch=100 task.ode_method=midpoint task.adjoint=True task.n_energy_steps=5 loss.weights.ot=0.5525258686470121 loss.weights.density=0.2125497163338408 loss.weights.energy=0.008005213509023943 loss.sinkhorn_reg=0.11327079076080511 loss.sinkhorn_max_iter=100 model.hidden_dim=512 model.hidden_layers=6 model.dropout=0.06072224213285325 model.condition_dim=128 model.embedding_dim=128 model.projection_dim=64 experiment=sciplex/ode_pca hpo=ode trainer.accelerator=gpu trainer.devices=1 trainer.precision=bf16-mixed trainer.num_workers=4 trainer.pin_memory=True space.projections.0.n_components=16
/nfs/roberts/scratch/pi_sk2433/dac227/FlatCFM/artifacts/runs/sweeps/sciplex_ode_deg_pca/20260410_191016/14
/nfs/roberts/scratch/pi_sk2433/dac227/FlatCFM/artifacts/runs/sweeps/sciplex_ode_deg_pca/20260410_191016/14/checkpoints/best.ckpt
[2026-04-10 20:39:48,095][HYDRA] Launching 1 jobs locally
[2026-04-10 20:39:48,095][HYDRA] 	#15 : task.lr=1.7980648835102654e-05 task.weight_decay=0.0006508156008468078 task.batch_size=512 task.steps_per_epoch=25 task.ode_method=midpoint task.adjoint=True task.n_energy_steps=20 loss.weights.ot=0.13179870462746818 loss.weights.density=0.1280797692695766 loss.weights.energy=0.00043631069045266317 loss.sinkhorn_reg=0.11738893189759236 loss.sinkhorn_max_iter=20 model.hidden_dim=256 model.hidden_layers=4 model.dropout=0.13217768703167515 model.condition_dim=128 model.embedding_dim=128 model.projection_dim=64 experiment=sciplex/ode_pca hpo=ode trainer.accelerator=gpu trainer.devices=1 trainer.precision=bf16-mixed trainer.num_workers=4 trainer.pin_memory=True space.projections.0.n_components=16
/nfs/roberts/scratch/pi_sk2433/dac227/FlatCFM/artifacts/runs/sweeps/sciplex_ode_deg_pca/20260410_191016/15
/nfs/roberts/scratch/pi_sk2433/dac227/FlatCFM/artifacts/runs/sweeps/sciplex_ode_deg_pca/20260410_191016/15/checkpoints/best.ckpt
[2026-04-10 20:45:48,428][HYDRA] Launching 1 jobs locally
[2026-04-10 20:45:48,429][HYDRA] 	#16 : task.lr=0.00015400325974027507 task.weight_decay=0.01498076012955516 task.batch_size=512 task.steps_per_epoch=25 task.ode_method=midpoint task.adjoint=True task.n_energy_steps=5 loss.weights.ot=0.1606960222841968 loss.weights.density=0.1435582768841144 loss.weights.energy=0.0006179588903627164 loss.sinkhorn_reg=0.24210475585238922 loss.sinkhorn_max_iter=100 model.hidden_dim=256 model.hidden_layers=5 model.dropout=0.15554964007138064 model.condition_dim=256 model.embedding_dim=128 model.projection_dim=128 experiment=sciplex/ode_pca hpo=ode trainer.accelerator=gpu trainer.devices=1 trainer.precision=bf16-mixed trainer.num_workers=4 trainer.pin_memory=True space.projections.0.n_components=16
/nfs/roberts/scratch/pi_sk2433/dac227/FlatCFM/artifacts/runs/sweeps/sciplex_ode_deg_pca/20260410_191016/16
/nfs/roberts/scratch/pi_sk2433/dac227/FlatCFM/artifacts/runs/sweeps/sciplex_ode_deg_pca/20260410_191016/16/checkpoints/best.ckpt
[2026-04-10 20:50:06,012][HYDRA] Launching 1 jobs locally
[2026-04-10 20:50:06,013][HYDRA] 	#17 : task.lr=4.872490519843501e-05 task.weight_decay=1.0042828731333937e-05 task.batch_size=512 task.steps_per_epoch=100 task.ode_method=midpoint task.adjoint=True task.n_energy_steps=5 loss.weights.ot=0.16838257761382971 loss.weights.density=0.12123359156561699 loss.weights.energy=0.0032942652465346566 loss.sinkhorn_reg=0.2575386271326892 loss.sinkhorn_max_iter=100 model.hidden_dim=512 model.hidden_layers=5 model.dropout=0.057953726675186154 model.condition_dim=128 model.embedding_dim=32 model.projection_dim=64 experiment=sciplex/ode_pca hpo=ode trainer.accelerator=gpu trainer.devices=1 trainer.precision=bf16-mixed trainer.num_workers=4 trainer.pin_memory=True space.projections.0.n_components=16
/nfs/roberts/scratch/pi_sk2433/dac227/FlatCFM/artifacts/runs/sweeps/sciplex_ode_deg_pca/20260410_191016/17
/nfs/roberts/scratch/pi_sk2433/dac227/FlatCFM/artifacts/runs/sweeps/sciplex_ode_deg_pca/20260410_191016/17/checkpoints/best.ckpt
[2026-04-10 21:02:09,575][HYDRA] Launching 1 jobs locally
[2026-04-10 21:02:09,575][HYDRA] 	#18 : task.lr=1.5309739058821922e-05 task.weight_decay=0.0006380988650490232 task.batch_size=512 task.steps_per_epoch=50 task.ode_method=midpoint task.adjoint=True task.n_energy_steps=10 loss.weights.ot=0.10459641562200513 loss.weights.density=0.19528854954614205 loss.weights.energy=0.00048371753248443024 loss.sinkhorn_reg=0.012617438525280253 loss.sinkhorn_max_iter=50 model.hidden_dim=256 model.hidden_layers=6 model.dropout=0.09066322872685151 model.condition_dim=64 model.embedding_dim=128 model.projection_dim=64 experiment=sciplex/ode_pca hpo=ode trainer.accelerator=gpu trainer.devices=1 trainer.precision=bf16-mixed trainer.num_workers=4 trainer.pin_memory=True space.projections.0.n_components=16
[2026-04-10 21:08:10,058][__main__][ERROR] - trial failed: cannot resolve hpo objective for metric 'val_loss' from history
[2026-04-10 21:08:11,533][HYDRA] Launching 1 jobs locally
[2026-04-10 21:08:11,533][HYDRA] 	#19 : task.lr=2.7685588404721384e-05 task.weight_decay=1.021467715448267e-05 task.batch_size=512 task.steps_per_epoch=25 task.ode_method=midpoint task.adjoint=True task.n_energy_steps=20 loss.weights.ot=0.5577494671589945 loss.weights.density=0.15101587176991582 loss.weights.energy=0.000843848827204952 loss.sinkhorn_reg=0.30478079568592864 loss.sinkhorn_max_iter=20 model.hidden_dim=256 model.hidden_layers=5 model.dropout=0.1490244912670555 model.condition_dim=128 model.embedding_dim=32 model.projection_dim=64 experiment=sciplex/ode_pca hpo=ode trainer.accelerator=gpu trainer.devices=1 trainer.precision=bf16-mixed trainer.num_workers=4 trainer.pin_memory=True space.projections.0.n_components=16
/nfs/roberts/scratch/pi_sk2433/dac227/FlatCFM/artifacts/runs/sweeps/sciplex_ode_deg_pca/20260410_191016/19
/nfs/roberts/scratch/pi_sk2433/dac227/FlatCFM/artifacts/runs/sweeps/sciplex_ode_deg_pca/20260410_191016/19/checkpoints/best.ckpt
[2026-04-10 21:14:26,322][HYDRA] Best parameters: {'task.lr': 7.560022847129252e-05, 'task.weight_decay': 0.009794171272763807, 'task.batch_size': 512, 'task.steps_per_epoch': 25, 'task.ode_method': 'midpoint', 'task.adjoint': True, 'task.n_energy_steps': 5, 'loss.weights.ot': 0.10661357943363009, 'loss.weights.density': 0.10003228546059455, 'loss.weights.energy': 0.00028966040789692166, 'loss.sinkhorn_reg': 0.14975228732164877, 'loss.sinkhorn_max_iter': 100, 'model.hidden_dim': 256, 'model.hidden_layers': 5, 'model.dropout': 0.13393731063329115, 'model.condition_dim': 64, 'model.embedding_dim': 128, 'model.projection_dim': 64}
[2026-04-10 21:14:26,322][HYDRA] Best value: 0.4795631170272827
