worker 5 starting
experiment=sciplex/ode_pca
hpo=ode
study=hpo_ode_pca_d16
storage=sqlite:////nfs/roberts/scratch/pi_sk2433/dac227/FlatCFM/artifacts/runs/sweeps/hpo_ode_pca_d16.db
trials_per_worker=20
[2026-04-10 19:11:43,670][HYDRA] Study name: hpo_ode_pca_d16
[2026-04-10 19:11:43,670][HYDRA] Storage: sqlite:////nfs/roberts/scratch/pi_sk2433/dac227/FlatCFM/artifacts/runs/sweeps/hpo_ode_pca_d16.db
[2026-04-10 19:11:43,670][HYDRA] Sampler: TPESampler
[2026-04-10 19:11:43,670][HYDRA] Directions: ['minimize']
[2026-04-10 19:11:46,593][HYDRA] Launching 1 jobs locally
[2026-04-10 19:11:46,593][HYDRA] 	#0 : task.lr=1.198474701822164e-05 task.weight_decay=1.603048218864272e-06 task.batch_size=512 task.steps_per_epoch=100 task.ode_method=rk4 task.adjoint=False task.n_energy_steps=10 loss.weights.ot=0.25458558743491616 loss.weights.density=0.10430860664572732 loss.weights.energy=0.003042754339980882 loss.sinkhorn_reg=0.004684018491229818 loss.sinkhorn_max_iter=50 model.hidden_dim=512 model.hidden_layers=4 model.dropout=0.016929955038009804 model.condition_dim=64 model.embedding_dim=64 model.projection_dim=128 experiment=sciplex/ode_pca hpo=ode trainer.accelerator=gpu trainer.devices=1 trainer.precision=bf16-mixed trainer.num_workers=4 trainer.pin_memory=True space.projections.0.n_components=16
[2026-04-10 19:25:24,820][__main__][ERROR] - trial failed: cannot resolve hpo objective for metric 'val_loss' from history
[2026-04-10 19:25:25,691][HYDRA] Launching 1 jobs locally
[2026-04-10 19:25:25,692][HYDRA] 	#1 : task.lr=1.4792697683886827e-05 task.weight_decay=0.001371127115270398 task.batch_size=512 task.steps_per_epoch=25 task.ode_method=rk4 task.adjoint=False task.n_energy_steps=5 loss.weights.ot=1.887826601228444 loss.weights.density=0.12431761442674567 loss.weights.energy=0.021094184733725277 loss.sinkhorn_reg=0.006762921901177734 loss.sinkhorn_max_iter=50 model.hidden_dim=512 model.hidden_layers=5 model.dropout=0.027228335286188794 model.condition_dim=128 model.embedding_dim=128 model.projection_dim=32 experiment=sciplex/ode_pca hpo=ode trainer.accelerator=gpu trainer.devices=1 trainer.precision=bf16-mixed trainer.num_workers=4 trainer.pin_memory=True space.projections.0.n_components=16
[2026-04-10 19:28:34,514][__main__][ERROR] - trial failed: cannot resolve hpo objective for metric 'val_loss' from history
[2026-04-10 19:28:35,406][HYDRA] Launching 1 jobs locally
[2026-04-10 19:28:35,406][HYDRA] 	#2 : task.lr=4.1629772580410634e-05 task.weight_decay=0.004376595671057003 task.batch_size=512 task.steps_per_epoch=25 task.ode_method=rk4 task.adjoint=True task.n_energy_steps=10 loss.weights.ot=0.24722843202942538 loss.weights.density=0.18092920140452873 loss.weights.energy=0.010410042801724315 loss.sinkhorn_reg=0.19266214819445027 loss.sinkhorn_max_iter=50 model.hidden_dim=512 model.hidden_layers=6 model.dropout=0.004094181933376219 model.condition_dim=64 model.embedding_dim=128 model.projection_dim=32 experiment=sciplex/ode_pca hpo=ode trainer.accelerator=gpu trainer.devices=1 trainer.precision=bf16-mixed trainer.num_workers=4 trainer.pin_memory=True space.projections.0.n_components=16
/nfs/roberts/scratch/pi_sk2433/dac227/FlatCFM/artifacts/runs/sweeps/sciplex_ode_deg_pca/20260410_191143/2
/nfs/roberts/scratch/pi_sk2433/dac227/FlatCFM/artifacts/runs/sweeps/sciplex_ode_deg_pca/20260410_191143/2/checkpoints/best-v2.ckpt
[2026-04-10 19:36:02,059][HYDRA] Launching 1 jobs locally
[2026-04-10 19:36:02,059][HYDRA] 	#3 : task.lr=0.0007817731873087724 task.weight_decay=7.133722719704629e-06 task.batch_size=512 task.steps_per_epoch=25 task.ode_method=rk4 task.adjoint=False task.n_energy_steps=5 loss.weights.ot=0.31556030809520785 loss.weights.density=0.21727396338642108 loss.weights.energy=0.0830962197764624 loss.sinkhorn_reg=0.046675404073106684 loss.sinkhorn_max_iter=20 model.hidden_dim=512 model.hidden_layers=4 model.dropout=0.08968110702979012 model.condition_dim=256 model.embedding_dim=128 model.projection_dim=128 experiment=sciplex/ode_pca hpo=ode trainer.accelerator=gpu trainer.devices=1 trainer.precision=bf16-mixed trainer.num_workers=4 trainer.pin_memory=True space.projections.0.n_components=16
/nfs/roberts/scratch/pi_sk2433/dac227/FlatCFM/artifacts/runs/sweeps/sciplex_ode_deg_pca/20260410_191143/3
/nfs/roberts/scratch/pi_sk2433/dac227/FlatCFM/artifacts/runs/sweeps/sciplex_ode_deg_pca/20260410_191143/3/checkpoints/best-v2.ckpt
[2026-04-10 19:39:32,187][HYDRA] Launching 1 jobs locally
[2026-04-10 19:39:32,187][HYDRA] 	#4 : task.lr=0.0001657948886843559 task.weight_decay=0.010561865212149912 task.batch_size=256 task.steps_per_epoch=25 task.ode_method=midpoint task.adjoint=True task.n_energy_steps=5 loss.weights.ot=0.39066176314100465 loss.weights.density=0.10158874383977791 loss.weights.energy=0.03437097732271504 loss.sinkhorn_reg=0.09515633174592132 loss.sinkhorn_max_iter=50 model.hidden_dim=512 model.hidden_layers=6 model.dropout=0.08486560713510477 model.condition_dim=128 model.embedding_dim=128 model.projection_dim=128 experiment=sciplex/ode_pca hpo=ode trainer.accelerator=gpu trainer.devices=1 trainer.precision=bf16-mixed trainer.num_workers=4 trainer.pin_memory=True space.projections.0.n_components=16
/nfs/roberts/scratch/pi_sk2433/dac227/FlatCFM/artifacts/runs/sweeps/sciplex_ode_deg_pca/20260410_191143/4
/nfs/roberts/scratch/pi_sk2433/dac227/FlatCFM/artifacts/runs/sweeps/sciplex_ode_deg_pca/20260410_191143/4/checkpoints/best-v1.ckpt
[2026-04-10 19:43:45,736][HYDRA] Launching 1 jobs locally
[2026-04-10 19:43:45,736][HYDRA] 	#5 : task.lr=7.171011127601361e-05 task.weight_decay=0.0004531474792682761 task.batch_size=256 task.steps_per_epoch=25 task.ode_method=midpoint task.adjoint=True task.n_energy_steps=5 loss.weights.ot=0.2739604625521092 loss.weights.density=0.10781553499355527 loss.weights.energy=0.03574962244687008 loss.sinkhorn_reg=0.05287489391073605 loss.sinkhorn_max_iter=50 model.hidden_dim=256 model.hidden_layers=3 model.dropout=0.1275361932956592 model.condition_dim=128 model.embedding_dim=128 model.projection_dim=32 experiment=sciplex/ode_pca hpo=ode trainer.accelerator=gpu trainer.devices=1 trainer.precision=bf16-mixed trainer.num_workers=4 trainer.pin_memory=True space.projections.0.n_components=16
/nfs/roberts/scratch/pi_sk2433/dac227/FlatCFM/artifacts/runs/sweeps/sciplex_ode_deg_pca/20260410_191143/5
/nfs/roberts/scratch/pi_sk2433/dac227/FlatCFM/artifacts/runs/sweeps/sciplex_ode_deg_pca/20260410_191143/5/checkpoints/best-v1.ckpt
[2026-04-10 19:47:44,783][HYDRA] Launching 1 jobs locally
[2026-04-10 19:47:44,783][HYDRA] 	#6 : task.lr=0.00038528217335458473 task.weight_decay=0.0046349785193047525 task.batch_size=256 task.steps_per_epoch=25 task.ode_method=midpoint task.adjoint=True task.n_energy_steps=5 loss.weights.ot=1.131902343752753 loss.weights.density=0.11962380240897316 loss.weights.energy=0.006047614132914042 loss.sinkhorn_reg=0.19007272890598764 loss.sinkhorn_max_iter=50 model.hidden_dim=256 model.hidden_layers=4 model.dropout=0.1806108238007628 model.condition_dim=128 model.embedding_dim=32 model.projection_dim=32 experiment=sciplex/ode_pca hpo=ode trainer.accelerator=gpu trainer.devices=1 trainer.precision=bf16-mixed trainer.num_workers=4 trainer.pin_memory=True space.projections.0.n_components=16
/nfs/roberts/scratch/pi_sk2433/dac227/FlatCFM/artifacts/runs/sweeps/sciplex_ode_deg_pca/20260410_191143/6
/nfs/roberts/scratch/pi_sk2433/dac227/FlatCFM/artifacts/runs/sweeps/sciplex_ode_deg_pca/20260410_191143/6/checkpoints/best-v1.ckpt
[2026-04-10 19:51:50,560][HYDRA] Launching 1 jobs locally
[2026-04-10 19:51:50,560][HYDRA] 	#7 : task.lr=0.00011912436882350591 task.weight_decay=0.013927456799707512 task.batch_size=512 task.steps_per_epoch=50 task.ode_method=midpoint task.adjoint=True task.n_energy_steps=5 loss.weights.ot=0.11667581523096988 loss.weights.density=0.11492415110080714 loss.weights.energy=0.009880753848763881 loss.sinkhorn_reg=0.10730121944802329 loss.sinkhorn_max_iter=50 model.hidden_dim=256 model.hidden_layers=4 model.dropout=0.08419527037756402 model.condition_dim=128 model.embedding_dim=128 model.projection_dim=128 experiment=sciplex/ode_pca hpo=ode trainer.accelerator=gpu trainer.devices=1 trainer.precision=bf16-mixed trainer.num_workers=4 trainer.pin_memory=True space.projections.0.n_components=16
/nfs/roberts/scratch/pi_sk2433/dac227/FlatCFM/artifacts/runs/sweeps/sciplex_ode_deg_pca/20260410_191143/7
/nfs/roberts/scratch/pi_sk2433/dac227/FlatCFM/artifacts/runs/sweeps/sciplex_ode_deg_pca/20260410_191143/7/checkpoints/best-v1.ckpt
[2026-04-10 19:57:14,210][HYDRA] Launching 1 jobs locally
[2026-04-10 19:57:14,210][HYDRA] 	#8 : task.lr=0.00017196149302473604 task.weight_decay=0.005696162698752323 task.batch_size=256 task.steps_per_epoch=100 task.ode_method=midpoint task.adjoint=False task.n_energy_steps=5 loss.weights.ot=0.1292950235326862 loss.weights.density=0.1096249644757631 loss.weights.energy=0.0036961212011314723 loss.sinkhorn_reg=0.24914707284766024 loss.sinkhorn_max_iter=50 model.hidden_dim=256 model.hidden_layers=3 model.dropout=0.06463113666561585 model.condition_dim=128 model.embedding_dim=128 model.projection_dim=128 experiment=sciplex/ode_pca hpo=ode trainer.accelerator=gpu trainer.devices=1 trainer.precision=bf16-mixed trainer.num_workers=4 trainer.pin_memory=True space.projections.0.n_components=16
/nfs/roberts/scratch/pi_sk2433/dac227/FlatCFM/artifacts/runs/sweeps/sciplex_ode_deg_pca/20260410_191143/8
/nfs/roberts/scratch/pi_sk2433/dac227/FlatCFM/artifacts/runs/sweeps/sciplex_ode_deg_pca/20260410_191143/8/checkpoints/best-v1.ckpt
[2026-04-10 20:05:34,316][HYDRA] Launching 1 jobs locally
[2026-04-10 20:05:34,316][HYDRA] 	#9 : task.lr=5.943410735295401e-05 task.weight_decay=0.00021758432321591074 task.batch_size=256 task.steps_per_epoch=25 task.ode_method=rk4 task.adjoint=False task.n_energy_steps=5 loss.weights.ot=0.20238856902080396 loss.weights.density=0.2618406308809547 loss.weights.energy=0.09246656625920724 loss.sinkhorn_reg=0.03444436568043865 loss.sinkhorn_max_iter=20 model.hidden_dim=512 model.hidden_layers=6 model.dropout=0.11450688865079807 model.condition_dim=256 model.embedding_dim=128 model.projection_dim=32 experiment=sciplex/ode_pca hpo=ode trainer.accelerator=gpu trainer.devices=1 trainer.precision=bf16-mixed trainer.num_workers=4 trainer.pin_memory=True space.projections.0.n_components=16
/nfs/roberts/scratch/pi_sk2433/dac227/FlatCFM/artifacts/runs/sweeps/sciplex_ode_deg_pca/20260410_191143/9
/nfs/roberts/scratch/pi_sk2433/dac227/FlatCFM/artifacts/runs/sweeps/sciplex_ode_deg_pca/20260410_191143/9/checkpoints/best-v1.ckpt
[2026-04-10 20:09:29,953][HYDRA] Launching 1 jobs locally
[2026-04-10 20:09:29,953][HYDRA] 	#10 : task.lr=0.00028859785298305813 task.weight_decay=0.025846649892413615 task.batch_size=512 task.steps_per_epoch=50 task.ode_method=midpoint task.adjoint=True task.n_energy_steps=5 loss.weights.ot=0.12151936938444774 loss.weights.density=0.16313469289493998 loss.weights.energy=0.013996021059058688 loss.sinkhorn_reg=0.023104215832371672 loss.sinkhorn_max_iter=100 model.hidden_dim=256 model.hidden_layers=4 model.dropout=0.12472970196760388 model.condition_dim=128 model.embedding_dim=128 model.projection_dim=128 experiment=sciplex/ode_pca hpo=ode trainer.accelerator=gpu trainer.devices=1 trainer.precision=bf16-mixed trainer.num_workers=4 trainer.pin_memory=True space.projections.0.n_components=16
[2026-04-10 20:13:17,431][__main__][ERROR] - trial failed: cannot resolve hpo objective for metric 'val_loss' from history
[2026-04-10 20:13:18,655][HYDRA] Launching 1 jobs locally
[2026-04-10 20:13:18,655][HYDRA] 	#11 : task.lr=0.00021336111773187519 task.weight_decay=0.0015662226742728675 task.batch_size=512 task.steps_per_epoch=100 task.ode_method=midpoint task.adjoint=True task.n_energy_steps=5 loss.weights.ot=0.10934290579887104 loss.weights.density=0.5205893465045882 loss.weights.energy=0.003954641791331028 loss.sinkhorn_reg=0.16814168583003586 loss.sinkhorn_max_iter=100 model.hidden_dim=256 model.hidden_layers=2 model.dropout=0.07027862491047057 model.condition_dim=128 model.embedding_dim=128 model.projection_dim=64 experiment=sciplex/ode_pca hpo=ode trainer.accelerator=gpu trainer.devices=1 trainer.precision=bf16-mixed trainer.num_workers=4 trainer.pin_memory=True space.projections.0.n_components=16
/nfs/roberts/scratch/pi_sk2433/dac227/FlatCFM/artifacts/runs/sweeps/sciplex_ode_deg_pca/20260410_191143/11
/nfs/roberts/scratch/pi_sk2433/dac227/FlatCFM/artifacts/runs/sweeps/sciplex_ode_deg_pca/20260410_191143/11/checkpoints/best-v1.ckpt
[2026-04-10 20:25:28,048][HYDRA] Launching 1 jobs locally
[2026-04-10 20:25:28,048][HYDRA] 	#12 : task.lr=3.2607915720754434e-05 task.weight_decay=0.010163820691092397 task.batch_size=512 task.steps_per_epoch=100 task.ode_method=midpoint task.adjoint=True task.n_energy_steps=5 loss.weights.ot=0.22517861414569232 loss.weights.density=0.12951823411789598 loss.weights.energy=0.005620643157857095 loss.sinkhorn_reg=0.020653243840906246 loss.sinkhorn_max_iter=100 model.hidden_dim=256 model.hidden_layers=6 model.dropout=0.09808632332597281 model.condition_dim=128 model.embedding_dim=128 model.projection_dim=64 experiment=sciplex/ode_pca hpo=ode trainer.accelerator=gpu trainer.devices=1 trainer.precision=bf16-mixed trainer.num_workers=4 trainer.pin_memory=True space.projections.0.n_components=16
[2026-04-10 20:32:10,658][__main__][ERROR] - trial failed: cannot resolve hpo objective for metric 'val_loss' from history
[2026-04-10 20:32:11,564][HYDRA] Launching 1 jobs locally
[2026-04-10 20:32:11,564][HYDRA] 	#13 : task.lr=9.026626127772578e-05 task.weight_decay=0.0008327026903403616 task.batch_size=512 task.steps_per_epoch=100 task.ode_method=midpoint task.adjoint=True task.n_energy_steps=5 loss.weights.ot=0.1571394078958386 loss.weights.density=0.1003628316536938 loss.weights.energy=0.0004851934108363785 loss.sinkhorn_reg=0.1989388234437106 loss.sinkhorn_max_iter=100 model.hidden_dim=512 model.hidden_layers=5 model.dropout=0.06682838831634065 model.condition_dim=128 model.embedding_dim=128 model.projection_dim=64 experiment=sciplex/ode_pca hpo=ode trainer.accelerator=gpu trainer.devices=1 trainer.precision=bf16-mixed trainer.num_workers=4 trainer.pin_memory=True space.projections.0.n_components=16
/nfs/roberts/scratch/pi_sk2433/dac227/FlatCFM/artifacts/runs/sweeps/sciplex_ode_deg_pca/20260410_191143/13
/nfs/roberts/scratch/pi_sk2433/dac227/FlatCFM/artifacts/runs/sweeps/sciplex_ode_deg_pca/20260410_191143/13/checkpoints/best-v1.ckpt
[2026-04-10 20:45:03,633][HYDRA] Launching 1 jobs locally
[2026-04-10 20:45:03,633][HYDRA] 	#14 : task.lr=0.0002993252477018941 task.weight_decay=0.010996738834823725 task.batch_size=512 task.steps_per_epoch=100 task.ode_method=midpoint task.adjoint=True task.n_energy_steps=5 loss.weights.ot=0.10642436232126694 loss.weights.density=0.14587306794555202 loss.weights.energy=0.00016135863652167172 loss.sinkhorn_reg=0.057276326297304836 loss.sinkhorn_max_iter=50 model.hidden_dim=512 model.hidden_layers=4 model.dropout=0.06718720545744918 model.condition_dim=128 model.embedding_dim=128 model.projection_dim=64 experiment=sciplex/ode_pca hpo=ode trainer.accelerator=gpu trainer.devices=1 trainer.precision=bf16-mixed trainer.num_workers=4 trainer.pin_memory=True space.projections.0.n_components=16
/nfs/roberts/scratch/pi_sk2433/dac227/FlatCFM/artifacts/runs/sweeps/sciplex_ode_deg_pca/20260410_191143/14
/nfs/roberts/scratch/pi_sk2433/dac227/FlatCFM/artifacts/runs/sweeps/sciplex_ode_deg_pca/20260410_191143/14/checkpoints/best-v1.ckpt
[2026-04-10 20:51:42,652][HYDRA] Launching 1 jobs locally
[2026-04-10 20:51:42,652][HYDRA] 	#15 : task.lr=0.0004247170400200102 task.weight_decay=0.0012637647455402557 task.batch_size=512 task.steps_per_epoch=100 task.ode_method=midpoint task.adjoint=True task.n_energy_steps=5 loss.weights.ot=0.39588095754442176 loss.weights.density=0.20291662431327326 loss.weights.energy=0.0002903809615437232 loss.sinkhorn_reg=0.006900566629492524 loss.sinkhorn_max_iter=50 model.hidden_dim=512 model.hidden_layers=4 model.dropout=0.08245279004062636 model.condition_dim=128 model.embedding_dim=128 model.projection_dim=64 experiment=sciplex/ode_pca hpo=ode trainer.accelerator=gpu trainer.devices=1 trainer.precision=bf16-mixed trainer.num_workers=4 trainer.pin_memory=True space.projections.0.n_components=16
[2026-04-10 20:58:00,070][__main__][ERROR] - trial failed: cannot resolve hpo objective for metric 'val_loss' from history
[2026-04-10 20:58:01,130][HYDRA] Launching 1 jobs locally
[2026-04-10 20:58:01,130][HYDRA] 	#16 : task.lr=1.3394406334546914e-05 task.weight_decay=0.001766930844955765 task.batch_size=512 task.steps_per_epoch=25 task.ode_method=midpoint task.adjoint=True task.n_energy_steps=5 loss.weights.ot=0.25452193071321905 loss.weights.density=0.12052208465315976 loss.weights.energy=0.0002512383705581878 loss.sinkhorn_reg=0.07490104147319884 loss.sinkhorn_max_iter=50 model.hidden_dim=256 model.hidden_layers=6 model.dropout=0.19685383727744815 model.condition_dim=64 model.embedding_dim=128 model.projection_dim=32 experiment=sciplex/ode_pca hpo=ode trainer.accelerator=gpu trainer.devices=1 trainer.precision=bf16-mixed trainer.num_workers=4 trainer.pin_memory=True space.projections.0.n_components=16
/nfs/roberts/scratch/pi_sk2433/dac227/FlatCFM/artifacts/runs/sweeps/sciplex_ode_deg_pca/20260410_191143/16
/nfs/roberts/scratch/pi_sk2433/dac227/FlatCFM/artifacts/runs/sweeps/sciplex_ode_deg_pca/20260410_191143/16/checkpoints/best-v1.ckpt
[2026-04-10 21:01:42,121][HYDRA] Launching 1 jobs locally
[2026-04-10 21:01:42,121][HYDRA] 	#17 : task.lr=1.9045977442948044e-05 task.weight_decay=0.0019530395610065 task.batch_size=512 task.steps_per_epoch=50 task.ode_method=midpoint task.adjoint=True task.n_energy_steps=10 loss.weights.ot=0.11134073957745191 loss.weights.density=0.17006456989335567 loss.weights.energy=0.004771642266162752 loss.sinkhorn_reg=0.017615556573683376 loss.sinkhorn_max_iter=50 model.hidden_dim=256 model.hidden_layers=5 model.dropout=0.18266371119473646 model.condition_dim=256 model.embedding_dim=128 model.projection_dim=64 experiment=sciplex/ode_pca hpo=ode trainer.accelerator=gpu trainer.devices=1 trainer.precision=bf16-mixed trainer.num_workers=4 trainer.pin_memory=True space.projections.0.n_components=16
[2026-04-10 21:07:46,897][__main__][ERROR] - trial failed: cannot resolve hpo objective for metric 'val_loss' from history
[2026-04-10 21:07:48,120][HYDRA] Launching 1 jobs locally
[2026-04-10 21:07:48,120][HYDRA] 	#18 : task.lr=0.00014798421797437665 task.weight_decay=5.11515272254449e-05 task.batch_size=512 task.steps_per_epoch=25 task.ode_method=midpoint task.adjoint=True task.n_energy_steps=20 loss.weights.ot=0.10760230272068043 loss.weights.density=0.15020123444338218 loss.weights.energy=0.00021378293546883275 loss.sinkhorn_reg=0.08344401745703808 loss.sinkhorn_max_iter=20 model.hidden_dim=128 model.hidden_layers=4 model.dropout=0.08430049657804445 model.condition_dim=128 model.embedding_dim=128 model.projection_dim=32 experiment=sciplex/ode_pca hpo=ode trainer.accelerator=gpu trainer.devices=1 trainer.precision=bf16-mixed trainer.num_workers=4 trainer.pin_memory=True space.projections.0.n_components=16
/nfs/roberts/scratch/pi_sk2433/dac227/FlatCFM/artifacts/runs/sweeps/sciplex_ode_deg_pca/20260410_191143/18
/nfs/roberts/scratch/pi_sk2433/dac227/FlatCFM/artifacts/runs/sweeps/sciplex_ode_deg_pca/20260410_191143/18/checkpoints/best-v1.ckpt
[2026-04-10 21:14:04,051][HYDRA] Launching 1 jobs locally
[2026-04-10 21:14:04,051][HYDRA] 	#19 : task.lr=6.98530648056e-05 task.weight_decay=0.000254675942435826 task.batch_size=512 task.steps_per_epoch=25 task.ode_method=midpoint task.adjoint=True task.n_energy_steps=20 loss.weights.ot=0.10478906355371762 loss.weights.density=0.269882357305002 loss.weights.energy=0.0001336437168169362 loss.sinkhorn_reg=0.10817834619456801 loss.sinkhorn_max_iter=20 model.hidden_dim=128 model.hidden_layers=4 model.dropout=0.1747735473268181 model.condition_dim=128 model.embedding_dim=64 model.projection_dim=32 experiment=sciplex/ode_pca hpo=ode trainer.accelerator=gpu trainer.devices=1 trainer.precision=bf16-mixed trainer.num_workers=4 trainer.pin_memory=True space.projections.0.n_components=16
/nfs/roberts/scratch/pi_sk2433/dac227/FlatCFM/artifacts/runs/sweeps/sciplex_ode_deg_pca/20260410_191143/19
/nfs/roberts/scratch/pi_sk2433/dac227/FlatCFM/artifacts/runs/sweeps/sciplex_ode_deg_pca/20260410_191143/19/checkpoints/best-v1.ckpt
[2026-04-10 21:20:22,517][HYDRA] Best parameters: {'task.lr': 7.560022847129252e-05, 'task.weight_decay': 0.009794171272763807, 'task.batch_size': 512, 'task.steps_per_epoch': 25, 'task.ode_method': 'midpoint', 'task.adjoint': True, 'task.n_energy_steps': 5, 'loss.weights.ot': 0.10661357943363009, 'loss.weights.density': 0.10003228546059455, 'loss.weights.energy': 0.00028966040789692166, 'loss.sinkhorn_reg': 0.14975228732164877, 'loss.sinkhorn_max_iter': 100, 'model.hidden_dim': 256, 'model.hidden_layers': 5, 'model.dropout': 0.13393731063329115, 'model.condition_dim': 64, 'model.embedding_dim': 128, 'model.projection_dim': 64}
[2026-04-10 21:20:22,517][HYDRA] Best value: 0.4795631170272827
