worker 4 starting
experiment=sciplex/fm_pca_deg
hpo=fm
study=hpo_fm_pca_d16
storage=sqlite:////nfs/roberts/scratch/pi_sk2433/dac227/FlatCFM/artifacts/runs/sweeps/hpo_fm_pca_d16.db
trials_per_worker=20
[2026-04-10 18:17:16,287][HYDRA] Study name: hpo_fm_pca_d16
[2026-04-10 18:17:16,287][HYDRA] Storage: sqlite:////nfs/roberts/scratch/pi_sk2433/dac227/FlatCFM/artifacts/runs/sweeps/hpo_fm_pca_d16.db
[2026-04-10 18:17:16,287][HYDRA] Sampler: TPESampler
[2026-04-10 18:17:16,287][HYDRA] Directions: ['minimize']
[2026-04-10 18:17:16,928][HYDRA] Launching 1 jobs locally
[2026-04-10 18:17:16,928][HYDRA] 	#0 : task.lr=0.00030688795941205636 task.weight_decay=0.0002261763167606777 task.batch_size=1024 task.steps_per_epoch=50 task.use_ot_coupling=False task.flow_noise=0.00022832962646656766 model.hidden_dim=512 model.hidden_layers=6 model.dropout=0.1712459670550583 model.condition_dim=64 model.embedding_dim=32 model.projection_dim=32 experiment=sciplex/fm_pca_deg hpo=fm trainer.accelerator=gpu trainer.devices=1 trainer.precision=bf16-mixed trainer.num_workers=4 trainer.pin_memory=True space.projections.0.n_components=16
/nfs/roberts/scratch/pi_sk2433/dac227/FlatCFM/artifacts/runs/sweeps/sciplex_fm_deg_pca/20260410_181715/0
/nfs/roberts/scratch/pi_sk2433/dac227/FlatCFM/artifacts/runs/sweeps/sciplex_fm_deg_pca/20260410_181715/0/checkpoints/best.ckpt
[2026-04-10 18:18:36,934][HYDRA] Launching 1 jobs locally
[2026-04-10 18:18:36,934][HYDRA] 	#1 : task.lr=0.001580590427035389 task.weight_decay=0.00034814338871155673 task.batch_size=512 task.steps_per_epoch=100 task.use_ot_coupling=False task.flow_noise=0.003229633441972654 model.hidden_dim=256 model.hidden_layers=4 model.dropout=0.29811237137436686 model.condition_dim=64 model.embedding_dim=64 model.projection_dim=64 experiment=sciplex/fm_pca_deg hpo=fm trainer.accelerator=gpu trainer.devices=1 trainer.precision=bf16-mixed trainer.num_workers=4 trainer.pin_memory=True space.projections.0.n_components=16
/nfs/roberts/scratch/pi_sk2433/dac227/FlatCFM/artifacts/runs/sweeps/sciplex_fm_deg_pca/20260410_181715/1
/nfs/roberts/scratch/pi_sk2433/dac227/FlatCFM/artifacts/runs/sweeps/sciplex_fm_deg_pca/20260410_181715/1/checkpoints/best.ckpt
[2026-04-10 18:20:16,153][HYDRA] Launching 1 jobs locally
[2026-04-10 18:20:16,153][HYDRA] 	#2 : task.lr=9.76342678452181e-05 task.weight_decay=9.012537049720364e-05 task.batch_size=512 task.steps_per_epoch=50 task.use_ot_coupling=False task.flow_noise=0.00042813218948810594 model.hidden_dim=128 model.hidden_layers=2 model.dropout=0.24093343560476801 model.condition_dim=64 model.embedding_dim=128 model.projection_dim=32 experiment=sciplex/fm_pca_deg hpo=fm trainer.accelerator=gpu trainer.devices=1 trainer.precision=bf16-mixed trainer.num_workers=4 trainer.pin_memory=True space.projections.0.n_components=16
/nfs/roberts/scratch/pi_sk2433/dac227/FlatCFM/artifacts/runs/sweeps/sciplex_fm_deg_pca/20260410_181715/2
/nfs/roberts/scratch/pi_sk2433/dac227/FlatCFM/artifacts/runs/sweeps/sciplex_fm_deg_pca/20260410_181715/2/checkpoints/best.ckpt
[2026-04-10 18:21:36,854][HYDRA] Launching 1 jobs locally
[2026-04-10 18:21:36,854][HYDRA] 	#3 : task.lr=0.0004456541134305736 task.weight_decay=0.00778864879903303 task.batch_size=512 task.steps_per_epoch=50 task.use_ot_coupling=True task.ot_reg=0.1638091149069665 task.flow_noise=0.0019109758917137288 model.hidden_dim=256 model.hidden_layers=4 model.dropout=0.2550387026363137 model.condition_dim=256 model.embedding_dim=64 model.projection_dim=32 experiment=sciplex/fm_pca_deg hpo=fm trainer.accelerator=gpu trainer.devices=1 trainer.precision=bf16-mixed trainer.num_workers=4 trainer.pin_memory=True space.projections.0.n_components=16
/nfs/roberts/scratch/pi_sk2433/dac227/FlatCFM/artifacts/runs/sweeps/sciplex_fm_deg_pca/20260410_181715/3
/nfs/roberts/scratch/pi_sk2433/dac227/FlatCFM/artifacts/runs/sweeps/sciplex_fm_deg_pca/20260410_181715/3/checkpoints/best.ckpt
[2026-04-10 18:23:13,981][HYDRA] Launching 1 jobs locally
[2026-04-10 18:23:13,981][HYDRA] 	#4 : task.lr=0.0022919408598049058 task.weight_decay=1.7239531577153682e-06 task.batch_size=1024 task.steps_per_epoch=50 task.use_ot_coupling=False task.flow_noise=0.012605446689345597 model.hidden_dim=128 model.hidden_layers=4 model.dropout=0.04705444927836445 model.condition_dim=64 model.embedding_dim=64 model.projection_dim=128 experiment=sciplex/fm_pca_deg hpo=fm trainer.accelerator=gpu trainer.devices=1 trainer.precision=bf16-mixed trainer.num_workers=4 trainer.pin_memory=True space.projections.0.n_components=16
/nfs/roberts/scratch/pi_sk2433/dac227/FlatCFM/artifacts/runs/sweeps/sciplex_fm_deg_pca/20260410_181715/4
/nfs/roberts/scratch/pi_sk2433/dac227/FlatCFM/artifacts/runs/sweeps/sciplex_fm_deg_pca/20260410_181715/4/checkpoints/best.ckpt
[2026-04-10 18:24:34,752][HYDRA] Launching 1 jobs locally
[2026-04-10 18:24:34,752][HYDRA] 	#5 : task.lr=0.00039451253495448 task.weight_decay=0.0006742350994838952 task.batch_size=1024 task.steps_per_epoch=100 task.use_ot_coupling=False task.flow_noise=0.00952335111726835 model.hidden_dim=512 model.hidden_layers=4 model.dropout=0.20028453464928353 model.condition_dim=128 model.embedding_dim=64 model.projection_dim=32 experiment=sciplex/fm_pca_deg hpo=fm trainer.accelerator=gpu trainer.devices=1 trainer.precision=bf16-mixed trainer.num_workers=4 trainer.pin_memory=True space.projections.0.n_components=16
/nfs/roberts/scratch/pi_sk2433/dac227/FlatCFM/artifacts/runs/sweeps/sciplex_fm_deg_pca/20260410_181715/5
/nfs/roberts/scratch/pi_sk2433/dac227/FlatCFM/artifacts/runs/sweeps/sciplex_fm_deg_pca/20260410_181715/5/checkpoints/best.ckpt
[2026-04-10 18:26:18,058][HYDRA] Launching 1 jobs locally
[2026-04-10 18:26:18,058][HYDRA] 	#6 : task.lr=0.00010068212964325428 task.weight_decay=0.007070615458258146 task.batch_size=1024 task.steps_per_epoch=100 task.use_ot_coupling=True task.ot_reg=0.38023461910968137 task.flow_noise=0.00025487317352660576 model.hidden_dim=512 model.hidden_layers=3 model.dropout=0.018340160183957184 model.condition_dim=128 model.embedding_dim=64 model.projection_dim=64 experiment=sciplex/fm_pca_deg hpo=fm trainer.accelerator=gpu trainer.devices=1 trainer.precision=bf16-mixed trainer.num_workers=4 trainer.pin_memory=True space.projections.0.n_components=16
/nfs/roberts/scratch/pi_sk2433/dac227/FlatCFM/artifacts/runs/sweeps/sciplex_fm_deg_pca/20260410_181715/6
/nfs/roberts/scratch/pi_sk2433/dac227/FlatCFM/artifacts/runs/sweeps/sciplex_fm_deg_pca/20260410_181715/6/checkpoints/best.ckpt
[2026-04-10 18:28:29,756][HYDRA] Launching 1 jobs locally
[2026-04-10 18:28:29,756][HYDRA] 	#7 : task.lr=3.8368666016241035e-05 task.weight_decay=0.000344095855028407 task.batch_size=1024 task.steps_per_epoch=200 task.use_ot_coupling=False task.flow_noise=0.01265669943685965 model.hidden_dim=128 model.hidden_layers=5 model.dropout=0.08780349163589868 model.condition_dim=128 model.embedding_dim=128 model.projection_dim=64 experiment=sciplex/fm_pca_deg hpo=fm trainer.accelerator=gpu trainer.devices=1 trainer.precision=bf16-mixed trainer.num_workers=4 trainer.pin_memory=True space.projections.0.n_components=16
/nfs/roberts/scratch/pi_sk2433/dac227/FlatCFM/artifacts/runs/sweeps/sciplex_fm_deg_pca/20260410_181715/7
/nfs/roberts/scratch/pi_sk2433/dac227/FlatCFM/artifacts/runs/sweeps/sciplex_fm_deg_pca/20260410_181715/7/checkpoints/best.ckpt
[2026-04-10 18:30:53,017][HYDRA] Launching 1 jobs locally
[2026-04-10 18:30:53,017][HYDRA] 	#8 : task.lr=9.714111490886019e-05 task.weight_decay=0.00019123992201807913 task.batch_size=1024 task.steps_per_epoch=100 task.use_ot_coupling=False task.flow_noise=0.0004872357985280966 model.hidden_dim=512 model.hidden_layers=5 model.dropout=0.03195859290165841 model.condition_dim=256 model.embedding_dim=64 model.projection_dim=64 experiment=sciplex/fm_pca_deg hpo=fm trainer.accelerator=gpu trainer.devices=1 trainer.precision=bf16-mixed trainer.num_workers=4 trainer.pin_memory=True space.projections.0.n_components=16
/nfs/roberts/scratch/pi_sk2433/dac227/FlatCFM/artifacts/runs/sweeps/sciplex_fm_deg_pca/20260410_181715/8
/nfs/roberts/scratch/pi_sk2433/dac227/FlatCFM/artifacts/runs/sweeps/sciplex_fm_deg_pca/20260410_181715/8/checkpoints/best.ckpt
[2026-04-10 18:32:40,764][HYDRA] Launching 1 jobs locally
[2026-04-10 18:32:40,764][HYDRA] 	#9 : task.lr=0.00019656284801911533 task.weight_decay=0.0008306770945720497 task.batch_size=1024 task.steps_per_epoch=200 task.use_ot_coupling=False task.flow_noise=0.05975194296720823 model.hidden_dim=512 model.hidden_layers=4 model.dropout=0.07941769178859392 model.condition_dim=64 model.embedding_dim=128 model.projection_dim=32 experiment=sciplex/fm_pca_deg hpo=fm trainer.accelerator=gpu trainer.devices=1 trainer.precision=bf16-mixed trainer.num_workers=4 trainer.pin_memory=True space.projections.0.n_components=16
/nfs/roberts/scratch/pi_sk2433/dac227/FlatCFM/artifacts/runs/sweeps/sciplex_fm_deg_pca/20260410_181715/9
/nfs/roberts/scratch/pi_sk2433/dac227/FlatCFM/artifacts/runs/sweeps/sciplex_fm_deg_pca/20260410_181715/9/checkpoints/best.ckpt
[2026-04-10 18:35:03,957][HYDRA] Launching 1 jobs locally
[2026-04-10 18:35:03,957][HYDRA] 	#10 : task.lr=7.170216416159339e-05 task.weight_decay=0.0016175035275111172 task.batch_size=1024 task.steps_per_epoch=50 task.use_ot_coupling=False task.flow_noise=0.03951500124150169 model.hidden_dim=512 model.hidden_layers=4 model.dropout=0.006690035725470368 model.condition_dim=128 model.embedding_dim=128 model.projection_dim=128 experiment=sciplex/fm_pca_deg hpo=fm trainer.accelerator=gpu trainer.devices=1 trainer.precision=bf16-mixed trainer.num_workers=4 trainer.pin_memory=True space.projections.0.n_components=16
/nfs/roberts/scratch/pi_sk2433/dac227/FlatCFM/artifacts/runs/sweeps/sciplex_fm_deg_pca/20260410_181715/10
/nfs/roberts/scratch/pi_sk2433/dac227/FlatCFM/artifacts/runs/sweeps/sciplex_fm_deg_pca/20260410_181715/10/checkpoints/best.ckpt
[2026-04-10 18:36:35,576][HYDRA] Launching 1 jobs locally
[2026-04-10 18:36:35,576][HYDRA] 	#11 : task.lr=6.253118647149005e-05 task.weight_decay=0.0001426355207046866 task.batch_size=512 task.steps_per_epoch=100 task.use_ot_coupling=False task.flow_noise=0.0011597916351489413 model.hidden_dim=512 model.hidden_layers=5 model.dropout=0.052339840566041435 model.condition_dim=128 model.embedding_dim=64 model.projection_dim=64 experiment=sciplex/fm_pca_deg hpo=fm trainer.accelerator=gpu trainer.devices=1 trainer.precision=bf16-mixed trainer.num_workers=4 trainer.pin_memory=True space.projections.0.n_components=16
/nfs/roberts/scratch/pi_sk2433/dac227/FlatCFM/artifacts/runs/sweeps/sciplex_fm_deg_pca/20260410_181715/11
/nfs/roberts/scratch/pi_sk2433/dac227/FlatCFM/artifacts/runs/sweeps/sciplex_fm_deg_pca/20260410_181715/11/checkpoints/best.ckpt
[2026-04-10 18:38:31,873][HYDRA] Launching 1 jobs locally
[2026-04-10 18:38:31,873][HYDRA] 	#12 : task.lr=0.00010617696853300095 task.weight_decay=0.0020894770896403 task.batch_size=1024 task.steps_per_epoch=200 task.use_ot_coupling=True task.ot_reg=0.010166433116785611 task.flow_noise=0.04923636458551282 model.hidden_dim=512 model.hidden_layers=5 model.dropout=0.11125692360984013 model.condition_dim=256 model.embedding_dim=64 model.projection_dim=32 experiment=sciplex/fm_pca_deg hpo=fm trainer.accelerator=gpu trainer.devices=1 trainer.precision=bf16-mixed trainer.num_workers=4 trainer.pin_memory=True space.projections.0.n_components=16
/nfs/roberts/scratch/pi_sk2433/dac227/FlatCFM/artifacts/runs/sweeps/sciplex_fm_deg_pca/20260410_181715/12
/nfs/roberts/scratch/pi_sk2433/dac227/FlatCFM/artifacts/runs/sweeps/sciplex_fm_deg_pca/20260410_181715/12/checkpoints/best.ckpt
[2026-04-10 18:43:40,799][HYDRA] Launching 1 jobs locally
[2026-04-10 18:43:40,799][HYDRA] 	#13 : task.lr=0.00019328354628468964 task.weight_decay=0.009127608690240603 task.batch_size=1024 task.steps_per_epoch=100 task.use_ot_coupling=False task.flow_noise=0.05373124071508928 model.hidden_dim=512 model.hidden_layers=4 model.dropout=0.1545438761828215 model.condition_dim=256 model.embedding_dim=128 model.projection_dim=32 experiment=sciplex/fm_pca_deg hpo=fm trainer.accelerator=gpu trainer.devices=1 trainer.precision=bf16-mixed trainer.num_workers=4 trainer.pin_memory=True space.projections.0.n_components=16
/nfs/roberts/scratch/pi_sk2433/dac227/FlatCFM/artifacts/runs/sweeps/sciplex_fm_deg_pca/20260410_181715/13
/nfs/roberts/scratch/pi_sk2433/dac227/FlatCFM/artifacts/runs/sweeps/sciplex_fm_deg_pca/20260410_181715/13/checkpoints/best.ckpt
[2026-04-10 18:45:27,961][HYDRA] Launching 1 jobs locally
[2026-04-10 18:45:27,961][HYDRA] 	#14 : task.lr=0.0003944937526011313 task.weight_decay=0.0016151592706961954 task.batch_size=1024 task.steps_per_epoch=100 task.use_ot_coupling=True task.ot_reg=0.0318871714567141 task.flow_noise=0.00695195107163727 model.hidden_dim=512 model.hidden_layers=5 model.dropout=0.019824993859910833 model.condition_dim=128 model.embedding_dim=128 model.projection_dim=32 experiment=sciplex/fm_pca_deg hpo=fm trainer.accelerator=gpu trainer.devices=1 trainer.precision=bf16-mixed trainer.num_workers=4 trainer.pin_memory=True space.projections.0.n_components=16
/nfs/roberts/scratch/pi_sk2433/dac227/FlatCFM/artifacts/runs/sweeps/sciplex_fm_deg_pca/20260410_181715/14
/nfs/roberts/scratch/pi_sk2433/dac227/FlatCFM/artifacts/runs/sweeps/sciplex_fm_deg_pca/20260410_181715/14/checkpoints/best.ckpt
[2026-04-10 18:48:52,790][HYDRA] Launching 1 jobs locally
[2026-04-10 18:48:52,790][HYDRA] 	#15 : task.lr=0.00037016177692989426 task.weight_decay=1.7565105878585427e-06 task.batch_size=1024 task.steps_per_epoch=200 task.use_ot_coupling=False task.flow_noise=0.025150827192215043 model.hidden_dim=256 model.hidden_layers=2 model.dropout=0.16373416678752248 model.condition_dim=64 model.embedding_dim=128 model.projection_dim=64 experiment=sciplex/fm_pca_deg hpo=fm trainer.accelerator=gpu trainer.devices=1 trainer.precision=bf16-mixed trainer.num_workers=4 trainer.pin_memory=True space.projections.0.n_components=16
/nfs/roberts/scratch/pi_sk2433/dac227/FlatCFM/artifacts/runs/sweeps/sciplex_fm_deg_pca/20260410_181715/15
/nfs/roberts/scratch/pi_sk2433/dac227/FlatCFM/artifacts/runs/sweeps/sciplex_fm_deg_pca/20260410_181715/15/checkpoints/best.ckpt
[2026-04-10 18:51:09,222][HYDRA] Launching 1 jobs locally
[2026-04-10 18:51:09,222][HYDRA] 	#16 : task.lr=0.00045616164728669523 task.weight_decay=4.838928423596608e-05 task.batch_size=1024 task.steps_per_epoch=200 task.use_ot_coupling=True task.ot_reg=0.17093284882886187 task.flow_noise=0.002612912135051857 model.hidden_dim=128 model.hidden_layers=3 model.dropout=0.11642407067641691 model.condition_dim=64 model.embedding_dim=128 model.projection_dim=64 experiment=sciplex/fm_pca_deg hpo=fm trainer.accelerator=gpu trainer.devices=1 trainer.precision=bf16-mixed trainer.num_workers=4 trainer.pin_memory=True space.projections.0.n_components=16
/nfs/roberts/scratch/pi_sk2433/dac227/FlatCFM/artifacts/runs/sweeps/sciplex_fm_deg_pca/20260410_181715/16
/nfs/roberts/scratch/pi_sk2433/dac227/FlatCFM/artifacts/runs/sweeps/sciplex_fm_deg_pca/20260410_181715/16/checkpoints/best.ckpt
[2026-04-10 18:54:30,356][HYDRA] Launching 1 jobs locally
[2026-04-10 18:54:30,356][HYDRA] 	#17 : task.lr=0.0002440192990195862 task.weight_decay=2.1786538926708213e-05 task.batch_size=1024 task.steps_per_epoch=50 task.use_ot_coupling=False task.flow_noise=0.003966688040318347 model.hidden_dim=128 model.hidden_layers=2 model.dropout=0.10734412664090802 model.condition_dim=64 model.embedding_dim=128 model.projection_dim=128 experiment=sciplex/fm_pca_deg hpo=fm trainer.accelerator=gpu trainer.devices=1 trainer.precision=bf16-mixed trainer.num_workers=4 trainer.pin_memory=True space.projections.0.n_components=16
/nfs/roberts/scratch/pi_sk2433/dac227/FlatCFM/artifacts/runs/sweeps/sciplex_fm_deg_pca/20260410_181715/17
/nfs/roberts/scratch/pi_sk2433/dac227/FlatCFM/artifacts/runs/sweeps/sciplex_fm_deg_pca/20260410_181715/17/checkpoints/best.ckpt
[2026-04-10 18:55:56,199][HYDRA] Launching 1 jobs locally
[2026-04-10 18:55:56,199][HYDRA] 	#18 : task.lr=0.0006937201418471703 task.weight_decay=1.0284642144173906e-05 task.batch_size=1024 task.steps_per_epoch=200 task.use_ot_coupling=False task.flow_noise=0.01652251684052407 model.hidden_dim=256 model.hidden_layers=2 model.dropout=0.1519881491170995 model.condition_dim=256 model.embedding_dim=32 model.projection_dim=64 experiment=sciplex/fm_pca_deg hpo=fm trainer.accelerator=gpu trainer.devices=1 trainer.precision=bf16-mixed trainer.num_workers=4 trainer.pin_memory=True space.projections.0.n_components=16
/nfs/roberts/scratch/pi_sk2433/dac227/FlatCFM/artifacts/runs/sweeps/sciplex_fm_deg_pca/20260410_181715/18
/nfs/roberts/scratch/pi_sk2433/dac227/FlatCFM/artifacts/runs/sweeps/sciplex_fm_deg_pca/20260410_181715/18/checkpoints/best.ckpt
[2026-04-10 18:58:13,611][HYDRA] Launching 1 jobs locally
[2026-04-10 18:58:13,611][HYDRA] 	#19 : task.lr=0.000272907571778266 task.weight_decay=1.0542478769959606e-05 task.batch_size=1024 task.steps_per_epoch=200 task.use_ot_coupling=True task.ot_reg=0.02982678689562914 task.flow_noise=0.0060989112926575564 model.hidden_dim=256 model.hidden_layers=2 model.dropout=0.09902115972130558 model.condition_dim=64 model.embedding_dim=32 model.projection_dim=32 experiment=sciplex/fm_pca_deg hpo=fm trainer.accelerator=gpu trainer.devices=1 trainer.precision=bf16-mixed trainer.num_workers=4 trainer.pin_memory=True space.projections.0.n_components=16
/nfs/roberts/scratch/pi_sk2433/dac227/FlatCFM/artifacts/runs/sweeps/sciplex_fm_deg_pca/20260410_181715/19
/nfs/roberts/scratch/pi_sk2433/dac227/FlatCFM/artifacts/runs/sweeps/sciplex_fm_deg_pca/20260410_181715/19/checkpoints/best.ckpt
[2026-04-10 19:03:52,906][HYDRA] Best parameters: {'task.lr': 0.00033735677019725626, 'task.weight_decay': 2.2340242987707134e-05, 'task.batch_size': 1024, 'task.steps_per_epoch': 200, 'task.use_ot_coupling': False, 'task.flow_noise': 0.004376701375318151, 'model.hidden_dim': 256, 'model.hidden_layers': 3, 'model.dropout': 0.09534690966098143, 'model.condition_dim': 256, 'model.embedding_dim': 128, 'model.projection_dim': 64}
[2026-04-10 19:03:52,906][HYDRA] Best value: 9.994136810302734
