worker 4 starting
experiment=sciplex/ode_pca
hpo=ode
study=hpo_ode_pca_d16
storage=sqlite:////nfs/roberts/scratch/pi_sk2433/dac227/FlatCFM/artifacts/runs/sweeps/hpo_ode_pca_d16.db
trials_per_worker=20
[2026-04-10 19:11:44,448][HYDRA] Study name: hpo_ode_pca_d16
[2026-04-10 19:11:44,448][HYDRA] Storage: sqlite:////nfs/roberts/scratch/pi_sk2433/dac227/FlatCFM/artifacts/runs/sweeps/hpo_ode_pca_d16.db
[2026-04-10 19:11:44,448][HYDRA] Sampler: TPESampler
[2026-04-10 19:11:44,448][HYDRA] Directions: ['minimize']
[2026-04-10 19:11:46,528][HYDRA] Launching 1 jobs locally
[2026-04-10 19:11:46,528][HYDRA] 	#0 : task.lr=0.00031857550743695924 task.weight_decay=2.4543980162547292e-05 task.batch_size=256 task.steps_per_epoch=50 task.ode_method=midpoint task.adjoint=False task.n_energy_steps=20 loss.weights.ot=0.7230747131536026 loss.weights.density=1.0813020742356518 loss.weights.energy=0.05436247636488808 loss.sinkhorn_reg=0.49204048807572415 loss.sinkhorn_max_iter=20 model.hidden_dim=128 model.hidden_layers=5 model.dropout=0.008636021947720774 model.condition_dim=128 model.embedding_dim=32 model.projection_dim=32 experiment=sciplex/ode_pca hpo=ode trainer.accelerator=gpu trainer.devices=1 trainer.precision=bf16-mixed trainer.num_workers=4 trainer.pin_memory=True space.projections.0.n_components=16
/nfs/roberts/scratch/pi_sk2433/dac227/FlatCFM/artifacts/runs/sweeps/sciplex_ode_deg_pca/20260410_191143/0
/nfs/roberts/scratch/pi_sk2433/dac227/FlatCFM/artifacts/runs/sweeps/sciplex_ode_deg_pca/20260410_191143/0/checkpoints/best.ckpt
[2026-04-10 19:21:31,212][HYDRA] Launching 1 jobs locally
[2026-04-10 19:21:31,212][HYDRA] 	#1 : task.lr=4.1291295003649555e-05 task.weight_decay=0.0012598490922626 task.batch_size=512 task.steps_per_epoch=50 task.ode_method=rk4 task.adjoint=False task.n_energy_steps=5 loss.weights.ot=0.23092182633768882 loss.weights.density=0.27055076717593773 loss.weights.energy=0.011001826608417422 loss.sinkhorn_reg=0.051838316702288764 loss.sinkhorn_max_iter=50 model.hidden_dim=512 model.hidden_layers=4 model.dropout=0.09730116601790961 model.condition_dim=128 model.embedding_dim=128 model.projection_dim=128 experiment=sciplex/ode_pca hpo=ode trainer.accelerator=gpu trainer.devices=1 trainer.precision=bf16-mixed trainer.num_workers=4 trainer.pin_memory=True space.projections.0.n_components=16
/nfs/roberts/scratch/pi_sk2433/dac227/FlatCFM/artifacts/runs/sweeps/sciplex_ode_deg_pca/20260410_191143/1
/nfs/roberts/scratch/pi_sk2433/dac227/FlatCFM/artifacts/runs/sweeps/sciplex_ode_deg_pca/20260410_191143/1/checkpoints/best-v2.ckpt
[2026-04-10 19:28:04,176][HYDRA] Launching 1 jobs locally
[2026-04-10 19:28:04,176][HYDRA] 	#2 : task.lr=0.00032288958789472317 task.weight_decay=0.0021400666850936666 task.batch_size=512 task.steps_per_epoch=25 task.ode_method=rk4 task.adjoint=True task.n_energy_steps=10 loss.weights.ot=1.1563909916348194 loss.weights.density=0.2306585201582725 loss.weights.energy=0.005308374152611028 loss.sinkhorn_reg=0.0507889095238954 loss.sinkhorn_max_iter=50 model.hidden_dim=512 model.hidden_layers=6 model.dropout=0.043302795871221184 model.condition_dim=64 model.embedding_dim=128 model.projection_dim=32 experiment=sciplex/ode_pca hpo=ode trainer.accelerator=gpu trainer.devices=1 trainer.precision=bf16-mixed trainer.num_workers=4 trainer.pin_memory=True space.projections.0.n_components=16
/nfs/roberts/scratch/pi_sk2433/dac227/FlatCFM/artifacts/runs/sweeps/sciplex_ode_deg_pca/20260410_191143/2
/nfs/roberts/scratch/pi_sk2433/dac227/FlatCFM/artifacts/runs/sweeps/sciplex_ode_deg_pca/20260410_191143/2/checkpoints/best-v1.ckpt
[2026-04-10 19:35:40,192][HYDRA] Launching 1 jobs locally
[2026-04-10 19:35:40,192][HYDRA] 	#3 : task.lr=0.00030187275838101165 task.weight_decay=9.549535673410752e-05 task.batch_size=512 task.steps_per_epoch=25 task.ode_method=rk4 task.adjoint=False task.n_energy_steps=5 loss.weights.ot=0.5192252755691475 loss.weights.density=0.18012371629758794 loss.weights.energy=0.02820919600111881 loss.sinkhorn_reg=0.23661112390880046 loss.sinkhorn_max_iter=50 model.hidden_dim=512 model.hidden_layers=4 model.dropout=0.07898682959448156 model.condition_dim=256 model.embedding_dim=128 model.projection_dim=128 experiment=sciplex/ode_pca hpo=ode trainer.accelerator=gpu trainer.devices=1 trainer.precision=bf16-mixed trainer.num_workers=4 trainer.pin_memory=True space.projections.0.n_components=16
/nfs/roberts/scratch/pi_sk2433/dac227/FlatCFM/artifacts/runs/sweeps/sciplex_ode_deg_pca/20260410_191143/3
/nfs/roberts/scratch/pi_sk2433/dac227/FlatCFM/artifacts/runs/sweeps/sciplex_ode_deg_pca/20260410_191143/3/checkpoints/best-v1.ckpt
[2026-04-10 19:39:52,528][HYDRA] Launching 1 jobs locally
[2026-04-10 19:39:52,529][HYDRA] 	#4 : task.lr=0.0002699959641353793 task.weight_decay=0.0005630444183557313 task.batch_size=256 task.steps_per_epoch=25 task.ode_method=midpoint task.adjoint=True task.n_energy_steps=5 loss.weights.ot=0.32159578898961155 loss.weights.density=0.32087123389220146 loss.weights.energy=0.04845693143717535 loss.sinkhorn_reg=0.2970351713182359 loss.sinkhorn_max_iter=50 model.hidden_dim=512 model.hidden_layers=6 model.dropout=0.04396066363508799 model.condition_dim=128 model.embedding_dim=64 model.projection_dim=128 experiment=sciplex/ode_pca hpo=ode trainer.accelerator=gpu trainer.devices=1 trainer.precision=bf16-mixed trainer.num_workers=4 trainer.pin_memory=True space.projections.0.n_components=16
/nfs/roberts/scratch/pi_sk2433/dac227/FlatCFM/artifacts/runs/sweeps/sciplex_ode_deg_pca/20260410_191143/4
/nfs/roberts/scratch/pi_sk2433/dac227/FlatCFM/artifacts/runs/sweeps/sciplex_ode_deg_pca/20260410_191143/4/checkpoints/best-v2.ckpt
[2026-04-10 19:44:13,369][HYDRA] Launching 1 jobs locally
[2026-04-10 19:44:13,369][HYDRA] 	#5 : task.lr=0.00019879459746504968 task.weight_decay=0.028795345012840912 task.batch_size=256 task.steps_per_epoch=25 task.ode_method=midpoint task.adjoint=True task.n_energy_steps=5 loss.weights.ot=0.34786711570114454 loss.weights.density=0.21004048917867163 loss.weights.energy=0.03751190544982499 loss.sinkhorn_reg=0.05048686192509517 loss.sinkhorn_max_iter=50 model.hidden_dim=256 model.hidden_layers=4 model.dropout=0.14682132946515322 model.condition_dim=256 model.embedding_dim=128 model.projection_dim=64 experiment=sciplex/ode_pca hpo=ode trainer.accelerator=gpu trainer.devices=1 trainer.precision=bf16-mixed trainer.num_workers=4 trainer.pin_memory=True space.projections.0.n_components=16
/nfs/roberts/scratch/pi_sk2433/dac227/FlatCFM/artifacts/runs/sweeps/sciplex_ode_deg_pca/20260410_191143/5
/nfs/roberts/scratch/pi_sk2433/dac227/FlatCFM/artifacts/runs/sweeps/sciplex_ode_deg_pca/20260410_191143/5/checkpoints/best-v3.ckpt
[2026-04-10 19:48:22,776][HYDRA] Launching 1 jobs locally
[2026-04-10 19:48:22,776][HYDRA] 	#6 : task.lr=0.00025641773738362096 task.weight_decay=0.016831581649676654 task.batch_size=128 task.steps_per_epoch=25 task.ode_method=midpoint task.adjoint=True task.n_energy_steps=20 loss.weights.ot=0.895357260931313 loss.weights.density=0.10456700732411357 loss.weights.energy=0.0015110928159934782 loss.sinkhorn_reg=0.11099505210988597 loss.sinkhorn_max_iter=50 model.hidden_dim=256 model.hidden_layers=5 model.dropout=0.10633338829026981 model.condition_dim=128 model.embedding_dim=32 model.projection_dim=32 experiment=sciplex/ode_pca hpo=ode trainer.accelerator=gpu trainer.devices=1 trainer.precision=bf16-mixed trainer.num_workers=4 trainer.pin_memory=True space.projections.0.n_components=16
/nfs/roberts/scratch/pi_sk2433/dac227/FlatCFM/artifacts/runs/sweeps/sciplex_ode_deg_pca/20260410_191143/6
/nfs/roberts/scratch/pi_sk2433/dac227/FlatCFM/artifacts/runs/sweeps/sciplex_ode_deg_pca/20260410_191143/6/checkpoints/best-v2.ckpt
[2026-04-10 19:58:59,458][HYDRA] Launching 1 jobs locally
[2026-04-10 19:58:59,458][HYDRA] 	#7 : task.lr=5.8420595020429744e-05 task.weight_decay=0.00035453369587732145 task.batch_size=128 task.steps_per_epoch=25 task.ode_method=rk4 task.adjoint=False task.n_energy_steps=20 loss.weights.ot=0.23735880209613636 loss.weights.density=0.1512487314571471 loss.weights.energy=0.006806753679420973 loss.sinkhorn_reg=0.24037468953874733 loss.sinkhorn_max_iter=100 model.hidden_dim=512 model.hidden_layers=4 model.dropout=0.08380563850499285 model.condition_dim=256 model.embedding_dim=128 model.projection_dim=32 experiment=sciplex/ode_pca hpo=ode trainer.accelerator=gpu trainer.devices=1 trainer.precision=bf16-mixed trainer.num_workers=4 trainer.pin_memory=True space.projections.0.n_components=16
/nfs/roberts/scratch/pi_sk2433/dac227/FlatCFM/artifacts/runs/sweeps/sciplex_ode_deg_pca/20260410_191143/7
/nfs/roberts/scratch/pi_sk2433/dac227/FlatCFM/artifacts/runs/sweeps/sciplex_ode_deg_pca/20260410_191143/7/checkpoints/best-v3.ckpt
[2026-04-10 20:15:26,125][HYDRA] Launching 1 jobs locally
[2026-04-10 20:15:26,125][HYDRA] 	#8 : task.lr=9.945322623649873e-05 task.weight_decay=0.003645668146251038 task.batch_size=128 task.steps_per_epoch=50 task.ode_method=midpoint task.adjoint=True task.n_energy_steps=10 loss.weights.ot=0.40806961571596306 loss.weights.density=0.1365094897589826 loss.weights.energy=0.01680953285721718 loss.sinkhorn_reg=0.05097269600738015 loss.sinkhorn_max_iter=50 model.hidden_dim=256 model.hidden_layers=5 model.dropout=0.10724691936721395 model.condition_dim=128 model.embedding_dim=128 model.projection_dim=128 experiment=sciplex/ode_pca hpo=ode trainer.accelerator=gpu trainer.devices=1 trainer.precision=bf16-mixed trainer.num_workers=4 trainer.pin_memory=True space.projections.0.n_components=16
/nfs/roberts/scratch/pi_sk2433/dac227/FlatCFM/artifacts/runs/sweeps/sciplex_ode_deg_pca/20260410_191143/8
/nfs/roberts/scratch/pi_sk2433/dac227/FlatCFM/artifacts/runs/sweeps/sciplex_ode_deg_pca/20260410_191143/8/checkpoints/best-v3.ckpt
[2026-04-10 20:25:35,179][HYDRA] Launching 1 jobs locally
[2026-04-10 20:25:35,179][HYDRA] 	#9 : task.lr=3.458083876005195e-05 task.weight_decay=0.0004636404796270686 task.batch_size=512 task.steps_per_epoch=100 task.ode_method=midpoint task.adjoint=True task.n_energy_steps=5 loss.weights.ot=0.32041372125512985 loss.weights.density=0.12880608362429397 loss.weights.energy=0.0029225005209146246 loss.sinkhorn_reg=0.19761433496039735 loss.sinkhorn_max_iter=100 model.hidden_dim=256 model.hidden_layers=5 model.dropout=0.13321226968875605 model.condition_dim=64 model.embedding_dim=128 model.projection_dim=64 experiment=sciplex/ode_pca hpo=ode trainer.accelerator=gpu trainer.devices=1 trainer.precision=bf16-mixed trainer.num_workers=4 trainer.pin_memory=True space.projections.0.n_components=16
/nfs/roberts/scratch/pi_sk2433/dac227/FlatCFM/artifacts/runs/sweeps/sciplex_ode_deg_pca/20260410_191143/9
/nfs/roberts/scratch/pi_sk2433/dac227/FlatCFM/artifacts/runs/sweeps/sciplex_ode_deg_pca/20260410_191143/9/checkpoints/best-v2.ckpt
[2026-04-10 20:38:41,469][HYDRA] Launching 1 jobs locally
[2026-04-10 20:38:41,469][HYDRA] 	#10 : task.lr=8.752885802491042e-05 task.weight_decay=0.0035812337528801324 task.batch_size=512 task.steps_per_epoch=25 task.ode_method=midpoint task.adjoint=True task.n_energy_steps=5 loss.weights.ot=0.14236406034293142 loss.weights.density=0.17122634972362288 loss.weights.energy=0.00024082884613406714 loss.sinkhorn_reg=0.08665272708189958 loss.sinkhorn_max_iter=20 model.hidden_dim=256 model.hidden_layers=4 model.dropout=0.1593058784851663 model.condition_dim=64 model.embedding_dim=128 model.projection_dim=64 experiment=sciplex/ode_pca hpo=ode trainer.accelerator=gpu trainer.devices=1 trainer.precision=bf16-mixed trainer.num_workers=4 trainer.pin_memory=True space.projections.0.n_components=16
/nfs/roberts/scratch/pi_sk2433/dac227/FlatCFM/artifacts/runs/sweeps/sciplex_ode_deg_pca/20260410_191143/10
/nfs/roberts/scratch/pi_sk2433/dac227/FlatCFM/artifacts/runs/sweeps/sciplex_ode_deg_pca/20260410_191143/10/checkpoints/best-v3.ckpt
[2026-04-10 20:41:44,910][HYDRA] Launching 1 jobs locally
[2026-04-10 20:41:44,910][HYDRA] 	#11 : task.lr=5.215026743409485e-05 task.weight_decay=0.0018632645084845942 task.batch_size=512 task.steps_per_epoch=25 task.ode_method=midpoint task.adjoint=True task.n_energy_steps=20 loss.weights.ot=0.11929856258991312 loss.weights.density=0.25374295604472275 loss.weights.energy=0.00016430296019351147 loss.sinkhorn_reg=0.22073420701304808 loss.sinkhorn_max_iter=100 model.hidden_dim=256 model.hidden_layers=6 model.dropout=0.15721883941213338 model.condition_dim=64 model.embedding_dim=32 model.projection_dim=64 experiment=sciplex/ode_pca hpo=ode trainer.accelerator=gpu trainer.devices=1 trainer.precision=bf16-mixed trainer.num_workers=4 trainer.pin_memory=True space.projections.0.n_components=16
/nfs/roberts/scratch/pi_sk2433/dac227/FlatCFM/artifacts/runs/sweeps/sciplex_ode_deg_pca/20260410_191143/11
/nfs/roberts/scratch/pi_sk2433/dac227/FlatCFM/artifacts/runs/sweeps/sciplex_ode_deg_pca/20260410_191143/11/checkpoints/best-v3.ckpt
[2026-04-10 20:50:24,299][HYDRA] Launching 1 jobs locally
[2026-04-10 20:50:24,299][HYDRA] 	#12 : task.lr=4.5498663505175434e-05 task.weight_decay=1.8374040290713552e-05 task.batch_size=512 task.steps_per_epoch=25 task.ode_method=midpoint task.adjoint=True task.n_energy_steps=20 loss.weights.ot=0.1747639491087391 loss.weights.density=0.1270606606417594 loss.weights.energy=0.00016098680512809154 loss.sinkhorn_reg=0.18399415024407823 loss.sinkhorn_max_iter=20 model.hidden_dim=256 model.hidden_layers=5 model.dropout=0.1205695506764908 model.condition_dim=128 model.embedding_dim=128 model.projection_dim=64 experiment=sciplex/ode_pca hpo=ode trainer.accelerator=gpu trainer.devices=1 trainer.precision=bf16-mixed trainer.num_workers=4 trainer.pin_memory=True space.projections.0.n_components=16
/nfs/roberts/scratch/pi_sk2433/dac227/FlatCFM/artifacts/runs/sweeps/sciplex_ode_deg_pca/20260410_191143/12
/nfs/roberts/scratch/pi_sk2433/dac227/FlatCFM/artifacts/runs/sweeps/sciplex_ode_deg_pca/20260410_191143/12/checkpoints/best-v2.ckpt
[2026-04-10 20:57:07,539][HYDRA] Launching 1 jobs locally
[2026-04-10 20:57:07,539][HYDRA] 	#13 : task.lr=0.000592894131037708 task.weight_decay=0.012129735668974292 task.batch_size=512 task.steps_per_epoch=100 task.ode_method=midpoint task.adjoint=True task.n_energy_steps=5 loss.weights.ot=0.12606466878234965 loss.weights.density=0.27459789465736545 loss.weights.energy=0.0001645021268859983 loss.sinkhorn_reg=0.2908043507080283 loss.sinkhorn_max_iter=50 model.hidden_dim=128 model.hidden_layers=4 model.dropout=0.06068836100891312 model.condition_dim=128 model.embedding_dim=128 model.projection_dim=64 experiment=sciplex/ode_pca hpo=ode trainer.accelerator=gpu trainer.devices=1 trainer.precision=bf16-mixed trainer.num_workers=4 trainer.pin_memory=True space.projections.0.n_components=16
/nfs/roberts/scratch/pi_sk2433/dac227/FlatCFM/artifacts/runs/sweeps/sciplex_ode_deg_pca/20260410_191143/13
/nfs/roberts/scratch/pi_sk2433/dac227/FlatCFM/artifacts/runs/sweeps/sciplex_ode_deg_pca/20260410_191143/13/checkpoints/best-v3.ckpt
[2026-04-10 21:06:46,339][HYDRA] Launching 1 jobs locally
[2026-04-10 21:06:46,339][HYDRA] 	#14 : task.lr=2.0914750117551166e-05 task.weight_decay=0.00031680834169988347 task.batch_size=512 task.steps_per_epoch=50 task.ode_method=midpoint task.adjoint=True task.n_energy_steps=10 loss.weights.ot=0.12029066993332102 loss.weights.density=0.124593390270063 loss.weights.energy=0.001311025812550946 loss.sinkhorn_reg=0.07706107920293258 loss.sinkhorn_max_iter=50 model.hidden_dim=256 model.hidden_layers=5 model.dropout=0.14801660888394202 model.condition_dim=64 model.embedding_dim=128 model.projection_dim=64 experiment=sciplex/ode_pca hpo=ode trainer.accelerator=gpu trainer.devices=1 trainer.precision=bf16-mixed trainer.num_workers=4 trainer.pin_memory=True space.projections.0.n_components=16
/nfs/roberts/scratch/pi_sk2433/dac227/FlatCFM/artifacts/runs/sweeps/sciplex_ode_deg_pca/20260410_191143/14
/nfs/roberts/scratch/pi_sk2433/dac227/FlatCFM/artifacts/runs/sweeps/sciplex_ode_deg_pca/20260410_191143/14/checkpoints/best-v3.ckpt
[2026-04-10 21:14:45,845][HYDRA] Launching 1 jobs locally
[2026-04-10 21:14:45,845][HYDRA] 	#15 : task.lr=0.0002741251212302134 task.weight_decay=0.0006248609317753024 task.batch_size=512 task.steps_per_epoch=25 task.ode_method=midpoint task.adjoint=True task.n_energy_steps=20 loss.weights.ot=0.37601004579938135 loss.weights.density=0.11385597601494049 loss.weights.energy=0.00012095210737021 loss.sinkhorn_reg=0.09036281704817664 loss.sinkhorn_max_iter=20 model.hidden_dim=128 model.hidden_layers=4 model.dropout=0.09135043560288798 model.condition_dim=128 model.embedding_dim=128 model.projection_dim=32 experiment=sciplex/ode_pca hpo=ode trainer.accelerator=gpu trainer.devices=1 trainer.precision=bf16-mixed trainer.num_workers=4 trainer.pin_memory=True space.projections.0.n_components=16
/nfs/roberts/scratch/pi_sk2433/dac227/FlatCFM/artifacts/runs/sweeps/sciplex_ode_deg_pca/20260410_191143/15
/nfs/roberts/scratch/pi_sk2433/dac227/FlatCFM/artifacts/runs/sweeps/sciplex_ode_deg_pca/20260410_191143/15/checkpoints/best-v3.ckpt
[2026-04-10 21:21:14,361][HYDRA] Launching 1 jobs locally
[2026-04-10 21:21:14,361][HYDRA] 	#16 : task.lr=1.2099848072303229e-05 task.weight_decay=0.005703155631592743 task.batch_size=256 task.steps_per_epoch=50 task.ode_method=midpoint task.adjoint=True task.n_energy_steps=10 loss.weights.ot=0.10567548626251559 loss.weights.density=0.10033604670648487 loss.weights.energy=0.0013781176376164725 loss.sinkhorn_reg=0.1289154780682557 loss.sinkhorn_max_iter=100 model.hidden_dim=512 model.hidden_layers=6 model.dropout=0.17202110788040864 model.condition_dim=64 model.embedding_dim=128 model.projection_dim=64 experiment=sciplex/ode_pca hpo=ode trainer.accelerator=gpu trainer.devices=1 trainer.precision=bf16-mixed trainer.num_workers=4 trainer.pin_memory=True space.projections.0.n_components=16
/nfs/roberts/scratch/pi_sk2433/dac227/FlatCFM/artifacts/runs/sweeps/sciplex_ode_deg_pca/20260410_191143/16
/nfs/roberts/scratch/pi_sk2433/dac227/FlatCFM/artifacts/runs/sweeps/sciplex_ode_deg_pca/20260410_191143/16/checkpoints/best-v3.ckpt
[2026-04-10 21:32:51,046][HYDRA] Launching 1 jobs locally
[2026-04-10 21:32:51,046][HYDRA] 	#17 : task.lr=0.0002930068538610056 task.weight_decay=0.0013744246544021405 task.batch_size=512 task.steps_per_epoch=100 task.ode_method=midpoint task.adjoint=True task.n_energy_steps=5 loss.weights.ot=0.12618836125466223 loss.weights.density=0.12386082338029691 loss.weights.energy=0.0004326793285241945 loss.sinkhorn_reg=0.13226083719891735 loss.sinkhorn_max_iter=20 model.hidden_dim=512 model.hidden_layers=4 model.dropout=0.026162412856707437 model.condition_dim=128 model.embedding_dim=128 model.projection_dim=32 experiment=sciplex/ode_pca hpo=ode trainer.accelerator=gpu trainer.devices=1 trainer.precision=bf16-mixed trainer.num_workers=4 trainer.pin_memory=True space.projections.0.n_components=16
/nfs/roberts/scratch/pi_sk2433/dac227/FlatCFM/artifacts/runs/sweeps/sciplex_ode_deg_pca/20260410_191143/17
/nfs/roberts/scratch/pi_sk2433/dac227/FlatCFM/artifacts/runs/sweeps/sciplex_ode_deg_pca/20260410_191143/17/checkpoints/best-v3.ckpt
[2026-04-10 21:40:56,541][HYDRA] Launching 1 jobs locally
[2026-04-10 21:40:56,542][HYDRA] 	#18 : task.lr=0.00014810862912066657 task.weight_decay=0.004395299813256799 task.batch_size=512 task.steps_per_epoch=100 task.ode_method=midpoint task.adjoint=True task.n_energy_steps=5 loss.weights.ot=0.12311522305061152 loss.weights.density=0.2223331354087035 loss.weights.energy=0.0006386165521155617 loss.sinkhorn_reg=0.3616167256201645 loss.sinkhorn_max_iter=20 model.hidden_dim=512 model.hidden_layers=3 model.dropout=0.07254447722132491 model.condition_dim=128 model.embedding_dim=128 model.projection_dim=32 experiment=sciplex/ode_pca hpo=ode trainer.accelerator=gpu trainer.devices=1 trainer.precision=bf16-mixed trainer.num_workers=4 trainer.pin_memory=True space.projections.0.n_components=16
/nfs/roberts/scratch/pi_sk2433/dac227/FlatCFM/artifacts/runs/sweeps/sciplex_ode_deg_pca/20260410_191143/18
/nfs/roberts/scratch/pi_sk2433/dac227/FlatCFM/artifacts/runs/sweeps/sciplex_ode_deg_pca/20260410_191143/18/checkpoints/best-v3.ckpt
[2026-04-10 21:48:31,538][HYDRA] Launching 1 jobs locally
[2026-04-10 21:48:31,538][HYDRA] 	#19 : task.lr=1.3089551475654398e-05 task.weight_decay=0.0070355001171421554 task.batch_size=256 task.steps_per_epoch=50 task.ode_method=midpoint task.adjoint=True task.n_energy_steps=20 loss.weights.ot=0.1008055003789893 loss.weights.density=0.15116981299788218 loss.weights.energy=0.0033828603840897822 loss.sinkhorn_reg=0.04886986119168598 loss.sinkhorn_max_iter=100 model.hidden_dim=512 model.hidden_layers=6 model.dropout=0.19198239598238498 model.condition_dim=64 model.embedding_dim=128 model.projection_dim=64 experiment=sciplex/ode_pca hpo=ode trainer.accelerator=gpu trainer.devices=1 trainer.precision=bf16-mixed trainer.num_workers=4 trainer.pin_memory=True space.projections.0.n_components=16
/nfs/roberts/scratch/pi_sk2433/dac227/FlatCFM/artifacts/runs/sweeps/sciplex_ode_deg_pca/20260410_191143/19
/nfs/roberts/scratch/pi_sk2433/dac227/FlatCFM/artifacts/runs/sweeps/sciplex_ode_deg_pca/20260410_191143/19/checkpoints/best-v3.ckpt
[2026-04-10 22:04:53,689][HYDRA] Best parameters: {'task.lr': 7.560022847129252e-05, 'task.weight_decay': 0.009794171272763807, 'task.batch_size': 512, 'task.steps_per_epoch': 25, 'task.ode_method': 'midpoint', 'task.adjoint': True, 'task.n_energy_steps': 5, 'loss.weights.ot': 0.10661357943363009, 'loss.weights.density': 0.10003228546059455, 'loss.weights.energy': 0.00028966040789692166, 'loss.sinkhorn_reg': 0.14975228732164877, 'loss.sinkhorn_max_iter': 100, 'model.hidden_dim': 256, 'model.hidden_layers': 5, 'model.dropout': 0.13393731063329115, 'model.condition_dim': 64, 'model.embedding_dim': 128, 'model.projection_dim': 64}
[2026-04-10 22:04:53,689][HYDRA] Best value: 0.4795631170272827
