worker 3 starting
experiment=sciplex/ode_pca
hpo=ode
study=hpo_ode_pca_d16
storage=sqlite:////nfs/roberts/scratch/pi_sk2433/dac227/FlatCFM/artifacts/runs/sweeps/hpo_ode_pca_d16.db
trials_per_worker=20
[2026-04-10 19:11:17,945][HYDRA] Study name: hpo_ode_pca_d16
[2026-04-10 19:11:17,945][HYDRA] Storage: sqlite:////nfs/roberts/scratch/pi_sk2433/dac227/FlatCFM/artifacts/runs/sweeps/hpo_ode_pca_d16.db
[2026-04-10 19:11:17,945][HYDRA] Sampler: TPESampler
[2026-04-10 19:11:17,945][HYDRA] Directions: ['minimize']
[2026-04-10 19:11:18,713][HYDRA] Launching 1 jobs locally
[2026-04-10 19:11:18,713][HYDRA] 	#0 : task.lr=0.0008752232877802094 task.weight_decay=0.0003698347271200422 task.batch_size=512 task.steps_per_epoch=25 task.ode_method=midpoint task.adjoint=True task.n_energy_steps=5 loss.weights.ot=1.108370260188049 loss.weights.density=0.9688178195720902 loss.weights.energy=0.050584881855951086 loss.sinkhorn_reg=0.1148271346990988 loss.sinkhorn_max_iter=20 model.hidden_dim=128 model.hidden_layers=4 model.dropout=0.048159170767694964 model.condition_dim=64 model.embedding_dim=64 model.projection_dim=64 experiment=sciplex/ode_pca hpo=ode trainer.accelerator=gpu trainer.devices=1 trainer.precision=bf16-mixed trainer.num_workers=4 trainer.pin_memory=True space.projections.0.n_components=16
/nfs/roberts/scratch/pi_sk2433/dac227/FlatCFM/artifacts/runs/sweeps/sciplex_ode_deg_pca/20260410_191117/0
/nfs/roberts/scratch/pi_sk2433/dac227/FlatCFM/artifacts/runs/sweeps/sciplex_ode_deg_pca/20260410_191117/0/checkpoints/best.ckpt
[2026-04-10 19:14:06,503][HYDRA] Launching 1 jobs locally
[2026-04-10 19:14:06,504][HYDRA] 	#1 : task.lr=0.0003128773709255319 task.weight_decay=3.5113877103964894e-06 task.batch_size=128 task.steps_per_epoch=25 task.ode_method=midpoint task.adjoint=True task.n_energy_steps=5 loss.weights.ot=0.3592994124580248 loss.weights.density=1.060699078166653 loss.weights.energy=0.02989355317518391 loss.sinkhorn_reg=0.19235840981812566 loss.sinkhorn_max_iter=20 model.hidden_dim=128 model.hidden_layers=4 model.dropout=0.04745349255837039 model.condition_dim=128 model.embedding_dim=32 model.projection_dim=128 experiment=sciplex/ode_pca hpo=ode trainer.accelerator=gpu trainer.devices=1 trainer.precision=bf16-mixed trainer.num_workers=4 trainer.pin_memory=True space.projections.0.n_components=16
/nfs/roberts/scratch/pi_sk2433/dac227/FlatCFM/artifacts/runs/sweeps/sciplex_ode_deg_pca/20260410_191117/1
/nfs/roberts/scratch/pi_sk2433/dac227/FlatCFM/artifacts/runs/sweeps/sciplex_ode_deg_pca/20260410_191117/1/checkpoints/best.ckpt
[2026-04-10 19:17:56,819][HYDRA] Launching 1 jobs locally
[2026-04-10 19:17:56,819][HYDRA] 	#2 : task.lr=2.1395772060993548e-05 task.weight_decay=6.64067041332569e-05 task.batch_size=256 task.steps_per_epoch=50 task.ode_method=rk4 task.adjoint=True task.n_energy_steps=20 loss.weights.ot=0.25233638972762445 loss.weights.density=0.9724123343291537 loss.weights.energy=0.00025776064329455185 loss.sinkhorn_reg=0.007581609474097395 loss.sinkhorn_max_iter=20 model.hidden_dim=256 model.hidden_layers=5 model.dropout=0.1761061811705179 model.condition_dim=128 model.embedding_dim=32 model.projection_dim=32 experiment=sciplex/ode_pca hpo=ode trainer.accelerator=gpu trainer.devices=1 trainer.precision=bf16-mixed trainer.num_workers=4 trainer.pin_memory=True space.projections.0.n_components=16
[2026-04-10 19:37:52,152][__main__][ERROR] - trial failed: cannot resolve hpo objective for metric 'val_loss' from history
[2026-04-10 19:37:53,865][HYDRA] Launching 1 jobs locally
[2026-04-10 19:37:53,866][HYDRA] 	#3 : task.lr=0.0003410352636729327 task.weight_decay=0.0033236146331711938 task.batch_size=256 task.steps_per_epoch=25 task.ode_method=midpoint task.adjoint=True task.n_energy_steps=5 loss.weights.ot=1.5065362921308472 loss.weights.density=0.18860700005596157 loss.weights.energy=0.0475678179101889 loss.sinkhorn_reg=0.19670298447690282 loss.sinkhorn_max_iter=50 model.hidden_dim=512 model.hidden_layers=5 model.dropout=0.08811349122003896 model.condition_dim=128 model.embedding_dim=128 model.projection_dim=128 experiment=sciplex/ode_pca hpo=ode trainer.accelerator=gpu trainer.devices=1 trainer.precision=bf16-mixed trainer.num_workers=4 trainer.pin_memory=True space.projections.0.n_components=16
/nfs/roberts/scratch/pi_sk2433/dac227/FlatCFM/artifacts/runs/sweeps/sciplex_ode_deg_pca/20260410_191117/3
/nfs/roberts/scratch/pi_sk2433/dac227/FlatCFM/artifacts/runs/sweeps/sciplex_ode_deg_pca/20260410_191117/3/checkpoints/best.ckpt
[2026-04-10 19:42:01,254][HYDRA] Launching 1 jobs locally
[2026-04-10 19:42:01,254][HYDRA] 	#4 : task.lr=0.00010921874866250208 task.weight_decay=0.013275440416459616 task.batch_size=512 task.steps_per_epoch=25 task.ode_method=rk4 task.adjoint=False task.n_energy_steps=10 loss.weights.ot=0.25277454192437204 loss.weights.density=0.16956356193890046 loss.weights.energy=0.07782922658269416 loss.sinkhorn_reg=0.12182687398929484 loss.sinkhorn_max_iter=50 model.hidden_dim=512 model.hidden_layers=4 model.dropout=0.08654887211737437 model.condition_dim=128 model.embedding_dim=128 model.projection_dim=64 experiment=sciplex/ode_pca hpo=ode trainer.accelerator=gpu trainer.devices=1 trainer.precision=bf16-mixed trainer.num_workers=4 trainer.pin_memory=True space.projections.0.n_components=16
/nfs/roberts/scratch/pi_sk2433/dac227/FlatCFM/artifacts/runs/sweeps/sciplex_ode_deg_pca/20260410_191117/4
/nfs/roberts/scratch/pi_sk2433/dac227/FlatCFM/artifacts/runs/sweeps/sciplex_ode_deg_pca/20260410_191117/4/checkpoints/best.ckpt
[2026-04-10 19:47:45,899][HYDRA] Launching 1 jobs locally
[2026-04-10 19:47:45,899][HYDRA] 	#5 : task.lr=0.0005684740489808153 task.weight_decay=0.00406927699639347 task.batch_size=256 task.steps_per_epoch=100 task.ode_method=midpoint task.adjoint=True task.n_energy_steps=5 loss.weights.ot=0.7530254012027087 loss.weights.density=0.16570237967549897 loss.weights.energy=0.0007678071764719622 loss.sinkhorn_reg=0.032726173888500125 loss.sinkhorn_max_iter=50 model.hidden_dim=256 model.hidden_layers=5 model.dropout=0.10763520895854009 model.condition_dim=128 model.embedding_dim=32 model.projection_dim=32 experiment=sciplex/ode_pca hpo=ode trainer.accelerator=gpu trainer.devices=1 trainer.precision=bf16-mixed trainer.num_workers=4 trainer.pin_memory=True space.projections.0.n_components=16
[2026-04-10 19:54:42,973][__main__][ERROR] - trial failed: cannot resolve hpo objective for metric 'val_loss' from history
[2026-04-10 19:54:43,827][HYDRA] Launching 1 jobs locally
[2026-04-10 19:54:43,827][HYDRA] 	#6 : task.lr=3.477391070446539e-05 task.weight_decay=0.003884047549949572 task.batch_size=512 task.steps_per_epoch=100 task.ode_method=rk4 task.adjoint=False task.n_energy_steps=20 loss.weights.ot=0.1230692434680344 loss.weights.density=0.13707650069621655 loss.weights.energy=0.023583421999316286 loss.sinkhorn_reg=0.028646210407309296 loss.sinkhorn_max_iter=20 model.hidden_dim=512 model.hidden_layers=5 model.dropout=0.05601410088122766 model.condition_dim=256 model.embedding_dim=128 model.projection_dim=32 experiment=sciplex/ode_pca hpo=ode trainer.accelerator=gpu trainer.devices=1 trainer.precision=bf16-mixed trainer.num_workers=4 trainer.pin_memory=True space.projections.0.n_components=16
[2026-04-10 20:21:05,507][__main__][ERROR] - trial failed: cannot resolve hpo objective for metric 'val_loss' from history
[2026-04-10 20:21:06,360][HYDRA] Launching 1 jobs locally
[2026-04-10 20:21:06,360][HYDRA] 	#7 : task.lr=0.00017218561836877285 task.weight_decay=0.0016428700196450233 task.batch_size=256 task.steps_per_epoch=100 task.ode_method=midpoint task.adjoint=False task.n_energy_steps=5 loss.weights.ot=0.13027057501922834 loss.weights.density=0.24838864314549822 loss.weights.energy=0.0031443480201722813 loss.sinkhorn_reg=0.18395871182964238 loss.sinkhorn_max_iter=50 model.hidden_dim=256 model.hidden_layers=2 model.dropout=0.12037509768378507 model.condition_dim=64 model.embedding_dim=128 model.projection_dim=128 experiment=sciplex/ode_pca hpo=ode trainer.accelerator=gpu trainer.devices=1 trainer.precision=bf16-mixed trainer.num_workers=4 trainer.pin_memory=True space.projections.0.n_components=16
/nfs/roberts/scratch/pi_sk2433/dac227/FlatCFM/artifacts/runs/sweeps/sciplex_ode_deg_pca/20260410_191117/7
/nfs/roberts/scratch/pi_sk2433/dac227/FlatCFM/artifacts/runs/sweeps/sciplex_ode_deg_pca/20260410_191117/7/checkpoints/best.ckpt
[2026-04-10 20:28:47,150][HYDRA] Launching 1 jobs locally
[2026-04-10 20:28:47,150][HYDRA] 	#8 : task.lr=3.871114213709286e-05 task.weight_decay=0.002911440551079265 task.batch_size=512 task.steps_per_epoch=25 task.ode_method=midpoint task.adjoint=True task.n_energy_steps=5 loss.weights.ot=0.10940784466059113 loss.weights.density=0.14942945601698251 loss.weights.energy=0.0003913910584162755 loss.sinkhorn_reg=0.30648594467259727 loss.sinkhorn_max_iter=100 model.hidden_dim=256 model.hidden_layers=5 model.dropout=0.14296338085759214 model.condition_dim=128 model.embedding_dim=128 model.projection_dim=64 experiment=sciplex/ode_pca hpo=ode trainer.accelerator=gpu trainer.devices=1 trainer.precision=bf16-mixed trainer.num_workers=4 trainer.pin_memory=True space.projections.0.n_components=16
/nfs/roberts/scratch/pi_sk2433/dac227/FlatCFM/artifacts/runs/sweeps/sciplex_ode_deg_pca/20260410_191117/8
/nfs/roberts/scratch/pi_sk2433/dac227/FlatCFM/artifacts/runs/sweeps/sciplex_ode_deg_pca/20260410_191117/8/checkpoints/best.ckpt
[2026-04-10 20:33:09,679][HYDRA] Launching 1 jobs locally
[2026-04-10 20:33:09,679][HYDRA] 	#9 : task.lr=5.438576933119217e-05 task.weight_decay=0.0005737866175587837 task.batch_size=512 task.steps_per_epoch=25 task.ode_method=midpoint task.adjoint=True task.n_energy_steps=5 loss.weights.ot=0.12457744324492596 loss.weights.density=0.20530902534440412 loss.weights.energy=0.0001254425942059512 loss.sinkhorn_reg=0.09122063889239453 loss.sinkhorn_max_iter=100 model.hidden_dim=512 model.hidden_layers=5 model.dropout=0.17281392795559256 model.condition_dim=128 model.embedding_dim=128 model.projection_dim=64 experiment=sciplex/ode_pca hpo=ode trainer.accelerator=gpu trainer.devices=1 trainer.precision=bf16-mixed trainer.num_workers=4 trainer.pin_memory=True space.projections.0.n_components=16
/nfs/roberts/scratch/pi_sk2433/dac227/FlatCFM/artifacts/runs/sweeps/sciplex_ode_deg_pca/20260410_191117/9
/nfs/roberts/scratch/pi_sk2433/dac227/FlatCFM/artifacts/runs/sweeps/sciplex_ode_deg_pca/20260410_191117/9/checkpoints/best.ckpt
[2026-04-10 20:37:34,730][HYDRA] Launching 1 jobs locally
[2026-04-10 20:37:34,730][HYDRA] 	#10 : task.lr=7.916012665695704e-05 task.weight_decay=0.021139021900112184 task.batch_size=512 task.steps_per_epoch=50 task.ode_method=midpoint task.adjoint=False task.n_energy_steps=5 loss.weights.ot=0.1450989301977026 loss.weights.density=0.14219173363260929 loss.weights.energy=0.009602266597461093 loss.sinkhorn_reg=0.047371141348135984 loss.sinkhorn_max_iter=50 model.hidden_dim=256 model.hidden_layers=4 model.dropout=0.0584818451723221 model.condition_dim=128 model.embedding_dim=128 model.projection_dim=32 experiment=sciplex/ode_pca hpo=ode trainer.accelerator=gpu trainer.devices=1 trainer.precision=bf16-mixed trainer.num_workers=4 trainer.pin_memory=True space.projections.0.n_components=16
/nfs/roberts/scratch/pi_sk2433/dac227/FlatCFM/artifacts/runs/sweeps/sciplex_ode_deg_pca/20260410_191117/10
/nfs/roberts/scratch/pi_sk2433/dac227/FlatCFM/artifacts/runs/sweeps/sciplex_ode_deg_pca/20260410_191117/10/checkpoints/best.ckpt
[2026-04-10 20:42:07,322][HYDRA] Launching 1 jobs locally
[2026-04-10 20:42:07,322][HYDRA] 	#11 : task.lr=2.2336892749211027e-05 task.weight_decay=0.004813380211567588 task.batch_size=512 task.steps_per_epoch=50 task.ode_method=rk4 task.adjoint=False task.n_energy_steps=5 loss.weights.ot=0.21508154968617654 loss.weights.density=0.14452325395539792 loss.weights.energy=0.023365572225273256 loss.sinkhorn_reg=0.052868657567170234 loss.sinkhorn_max_iter=50 model.hidden_dim=512 model.hidden_layers=5 model.dropout=0.0731815706458465 model.condition_dim=256 model.embedding_dim=64 model.projection_dim=32 experiment=sciplex/ode_pca hpo=ode trainer.accelerator=gpu trainer.devices=1 trainer.precision=bf16-mixed trainer.num_workers=4 trainer.pin_memory=True space.projections.0.n_components=16
/nfs/roberts/scratch/pi_sk2433/dac227/FlatCFM/artifacts/runs/sweeps/sciplex_ode_deg_pca/20260410_191117/11
/nfs/roberts/scratch/pi_sk2433/dac227/FlatCFM/artifacts/runs/sweeps/sciplex_ode_deg_pca/20260410_191117/11/checkpoints/best.ckpt
[2026-04-10 20:48:21,403][HYDRA] Launching 1 jobs locally
[2026-04-10 20:48:21,404][HYDRA] 	#12 : task.lr=0.0008753855073895546 task.weight_decay=0.0025127039341260034 task.batch_size=256 task.steps_per_epoch=100 task.ode_method=midpoint task.adjoint=False task.n_energy_steps=20 loss.weights.ot=0.1461433317460397 loss.weights.density=0.11364569622907056 loss.weights.energy=0.0010744588119602002 loss.sinkhorn_reg=0.12688006557603165 loss.sinkhorn_max_iter=50 model.hidden_dim=256 model.hidden_layers=3 model.dropout=0.04317514603120162 model.condition_dim=128 model.embedding_dim=128 model.projection_dim=128 experiment=sciplex/ode_pca hpo=ode trainer.accelerator=gpu trainer.devices=1 trainer.precision=bf16-mixed trainer.num_workers=4 trainer.pin_memory=True space.projections.0.n_components=16
/nfs/roberts/scratch/pi_sk2433/dac227/FlatCFM/artifacts/runs/sweeps/sciplex_ode_deg_pca/20260410_191117/12
/nfs/roberts/scratch/pi_sk2433/dac227/FlatCFM/artifacts/runs/sweeps/sciplex_ode_deg_pca/20260410_191117/12/checkpoints/best.ckpt
[2026-04-10 21:04:09,187][HYDRA] Launching 1 jobs locally
[2026-04-10 21:04:09,187][HYDRA] 	#13 : task.lr=9.759724540325937e-05 task.weight_decay=0.00037139955505563894 task.batch_size=512 task.steps_per_epoch=50 task.ode_method=midpoint task.adjoint=True task.n_energy_steps=10 loss.weights.ot=0.2251514816808301 loss.weights.density=0.16092701730045222 loss.weights.energy=0.0026312550869287965 loss.sinkhorn_reg=0.01889832414412488 loss.sinkhorn_max_iter=50 model.hidden_dim=256 model.hidden_layers=6 model.dropout=0.17758500343710812 model.condition_dim=256 model.embedding_dim=128 model.projection_dim=64 experiment=sciplex/ode_pca hpo=ode trainer.accelerator=gpu trainer.devices=1 trainer.precision=bf16-mixed trainer.num_workers=4 trainer.pin_memory=True space.projections.0.n_components=16
[2026-04-10 21:10:14,366][__main__][ERROR] - trial failed: cannot resolve hpo objective for metric 'val_loss' from history
[2026-04-10 21:10:15,291][HYDRA] Launching 1 jobs locally
[2026-04-10 21:10:15,291][HYDRA] 	#14 : task.lr=1.5146081254205049e-05 task.weight_decay=0.0006003069331811063 task.batch_size=512 task.steps_per_epoch=25 task.ode_method=midpoint task.adjoint=True task.n_energy_steps=20 loss.weights.ot=0.19227096536785238 loss.weights.density=0.12992431135458157 loss.weights.energy=0.0005395572217688447 loss.sinkhorn_reg=0.06795160169621023 loss.sinkhorn_max_iter=20 model.hidden_dim=256 model.hidden_layers=4 model.dropout=0.15017220782612153 model.condition_dim=128 model.embedding_dim=128 model.projection_dim=64 experiment=sciplex/ode_pca hpo=ode trainer.accelerator=gpu trainer.devices=1 trainer.precision=bf16-mixed trainer.num_workers=4 trainer.pin_memory=True space.projections.0.n_components=16
/nfs/roberts/scratch/pi_sk2433/dac227/FlatCFM/artifacts/runs/sweeps/sciplex_ode_deg_pca/20260410_191117/14
/nfs/roberts/scratch/pi_sk2433/dac227/FlatCFM/artifacts/runs/sweeps/sciplex_ode_deg_pca/20260410_191117/14/checkpoints/best.ckpt
[2026-04-10 21:16:22,170][HYDRA] Launching 1 jobs locally
[2026-04-10 21:16:22,170][HYDRA] 	#15 : task.lr=1.443181375836923e-05 task.weight_decay=0.00054142913664359 task.batch_size=512 task.steps_per_epoch=25 task.ode_method=midpoint task.adjoint=True task.n_energy_steps=20 loss.weights.ot=0.1565903924454288 loss.weights.density=0.12811504859759196 loss.weights.energy=0.0011615486418815825 loss.sinkhorn_reg=0.024881928798666596 loss.sinkhorn_max_iter=20 model.hidden_dim=256 model.hidden_layers=4 model.dropout=0.16137199044900807 model.condition_dim=256 model.embedding_dim=128 model.projection_dim=64 experiment=sciplex/ode_pca hpo=ode trainer.accelerator=gpu trainer.devices=1 trainer.precision=bf16-mixed trainer.num_workers=4 trainer.pin_memory=True space.projections.0.n_components=16
[2026-04-10 21:22:13,332][__main__][ERROR] - trial failed: cannot resolve hpo objective for metric 'val_loss' from history
[2026-04-10 21:22:14,434][HYDRA] Launching 1 jobs locally
[2026-04-10 21:22:14,434][HYDRA] 	#16 : task.lr=1.688633621834001e-05 task.weight_decay=0.0001508804197601028 task.batch_size=512 task.steps_per_epoch=25 task.ode_method=midpoint task.adjoint=True task.n_energy_steps=5 loss.weights.ot=0.1766771445724196 loss.weights.density=0.14764151590778146 loss.weights.energy=0.0027333282175761283 loss.sinkhorn_reg=0.4518043186411991 loss.sinkhorn_max_iter=50 model.hidden_dim=256 model.hidden_layers=5 model.dropout=0.15718413936509432 model.condition_dim=64 model.embedding_dim=32 model.projection_dim=64 experiment=sciplex/ode_pca hpo=ode trainer.accelerator=gpu trainer.devices=1 trainer.precision=bf16-mixed trainer.num_workers=4 trainer.pin_memory=True space.projections.0.n_components=16
/nfs/roberts/scratch/pi_sk2433/dac227/FlatCFM/artifacts/runs/sweeps/sciplex_ode_deg_pca/20260410_191117/16
/nfs/roberts/scratch/pi_sk2433/dac227/FlatCFM/artifacts/runs/sweeps/sciplex_ode_deg_pca/20260410_191117/16/checkpoints/best.ckpt
[2026-04-10 21:25:55,694][HYDRA] Launching 1 jobs locally
[2026-04-10 21:25:55,694][HYDRA] 	#17 : task.lr=1.457522406043326e-05 task.weight_decay=0.00012036014709547503 task.batch_size=512 task.steps_per_epoch=25 task.ode_method=midpoint task.adjoint=True task.n_energy_steps=20 loss.weights.ot=0.49671450357233643 loss.weights.density=0.2981193018731862 loss.weights.energy=0.00019712080065715498 loss.sinkhorn_reg=0.13061230707510452 loss.sinkhorn_max_iter=50 model.hidden_dim=256 model.hidden_layers=6 model.dropout=0.1662410774056378 model.condition_dim=64 model.embedding_dim=64 model.projection_dim=32 experiment=sciplex/ode_pca hpo=ode trainer.accelerator=gpu trainer.devices=1 trainer.precision=bf16-mixed trainer.num_workers=4 trainer.pin_memory=True space.projections.0.n_components=16
/nfs/roberts/scratch/pi_sk2433/dac227/FlatCFM/artifacts/runs/sweeps/sciplex_ode_deg_pca/20260410_191117/17
/nfs/roberts/scratch/pi_sk2433/dac227/FlatCFM/artifacts/runs/sweeps/sciplex_ode_deg_pca/20260410_191117/17/checkpoints/best.ckpt
[2026-04-10 21:33:19,915][HYDRA] Launching 1 jobs locally
[2026-04-10 21:33:19,915][HYDRA] 	#18 : task.lr=9.260182879182345e-05 task.weight_decay=0.01715333751624011 task.batch_size=512 task.steps_per_epoch=25 task.ode_method=midpoint task.adjoint=True task.n_energy_steps=5 loss.weights.ot=0.33914079375320527 loss.weights.density=0.11290824405559381 loss.weights.energy=0.00033368967597251226 loss.sinkhorn_reg=0.1980029578130836 loss.sinkhorn_max_iter=100 model.hidden_dim=256 model.hidden_layers=6 model.dropout=0.15068336156093176 model.condition_dim=64 model.embedding_dim=128 model.projection_dim=64 experiment=sciplex/ode_pca hpo=ode trainer.accelerator=gpu trainer.devices=1 trainer.precision=bf16-mixed trainer.num_workers=4 trainer.pin_memory=True space.projections.0.n_components=16
/nfs/roberts/scratch/pi_sk2433/dac227/FlatCFM/artifacts/runs/sweeps/sciplex_ode_deg_pca/20260410_191117/18
/nfs/roberts/scratch/pi_sk2433/dac227/FlatCFM/artifacts/runs/sweeps/sciplex_ode_deg_pca/20260410_191117/18/checkpoints/best.ckpt
[2026-04-10 21:38:03,780][HYDRA] Launching 1 jobs locally
[2026-04-10 21:38:03,780][HYDRA] 	#19 : task.lr=2.442154668491416e-05 task.weight_decay=0.01867623432742059 task.batch_size=256 task.steps_per_epoch=50 task.ode_method=midpoint task.adjoint=True task.n_energy_steps=10 loss.weights.ot=0.2792404307273269 loss.weights.density=0.12180356340047353 loss.weights.energy=0.0040115089333220095 loss.sinkhorn_reg=0.058534066605643816 loss.sinkhorn_max_iter=100 model.hidden_dim=512 model.hidden_layers=6 model.dropout=0.13121229741353163 model.condition_dim=64 model.embedding_dim=128 model.projection_dim=64 experiment=sciplex/ode_pca hpo=ode trainer.accelerator=gpu trainer.devices=1 trainer.precision=bf16-mixed trainer.num_workers=4 trainer.pin_memory=True space.projections.0.n_components=16
/nfs/roberts/scratch/pi_sk2433/dac227/FlatCFM/artifacts/runs/sweeps/sciplex_ode_deg_pca/20260410_191117/19
/nfs/roberts/scratch/pi_sk2433/dac227/FlatCFM/artifacts/runs/sweeps/sciplex_ode_deg_pca/20260410_191117/19/checkpoints/best.ckpt
[2026-04-10 21:48:42,576][HYDRA] Best parameters: {'task.lr': 7.560022847129252e-05, 'task.weight_decay': 0.009794171272763807, 'task.batch_size': 512, 'task.steps_per_epoch': 25, 'task.ode_method': 'midpoint', 'task.adjoint': True, 'task.n_energy_steps': 5, 'loss.weights.ot': 0.10661357943363009, 'loss.weights.density': 0.10003228546059455, 'loss.weights.energy': 0.00028966040789692166, 'loss.sinkhorn_reg': 0.14975228732164877, 'loss.sinkhorn_max_iter': 100, 'model.hidden_dim': 256, 'model.hidden_layers': 5, 'model.dropout': 0.13393731063329115, 'model.condition_dim': 64, 'model.embedding_dim': 128, 'model.projection_dim': 64}
[2026-04-10 21:48:42,576][HYDRA] Best value: 0.4795631170272827
