worker 0 starting
experiment=sciplex/ode_pca
hpo=ode
study=hpo_ode_pca_d16
storage=sqlite:////nfs/roberts/scratch/pi_sk2433/dac227/FlatCFM/artifacts/runs/sweeps/hpo_ode_pca_d16.db
trials_per_worker=20
[2026-04-10 19:10:16,688][HYDRA] Study name: hpo_ode_pca_d16
[2026-04-10 19:10:16,688][HYDRA] Storage: sqlite:////nfs/roberts/scratch/pi_sk2433/dac227/FlatCFM/artifacts/runs/sweeps/hpo_ode_pca_d16.db
[2026-04-10 19:10:16,688][HYDRA] Sampler: TPESampler
[2026-04-10 19:10:16,688][HYDRA] Directions: ['minimize']
[2026-04-10 19:10:17,859][HYDRA] Launching 1 jobs locally
[2026-04-10 19:10:17,859][HYDRA] 	#0 : task.lr=1.40549677633289e-05 task.weight_decay=1.7715699462976297e-05 task.batch_size=256 task.steps_per_epoch=100 task.ode_method=rk4 task.adjoint=False task.n_energy_steps=5 loss.weights.ot=0.13726110755788468 loss.weights.density=0.32022457189448955 loss.weights.energy=0.001350656853598352 loss.sinkhorn_reg=0.031073095774117154 loss.sinkhorn_max_iter=20 model.hidden_dim=128 model.hidden_layers=6 model.dropout=0.0033318678188464903 model.condition_dim=256 model.embedding_dim=32 model.projection_dim=64 experiment=sciplex/ode_pca hpo=ode trainer.accelerator=gpu trainer.devices=1 trainer.precision=bf16-mixed trainer.num_workers=4 trainer.pin_memory=True space.projections.0.n_components=16
[2026-04-10 19:18:51,372][__main__][ERROR] - trial failed: cannot resolve hpo objective for metric 'val_loss' from history
[2026-04-10 19:18:52,233][HYDRA] Launching 1 jobs locally
[2026-04-10 19:18:52,233][HYDRA] 	#1 : task.lr=2.291243478589825e-05 task.weight_decay=0.0006323846694868483 task.batch_size=512 task.steps_per_epoch=25 task.ode_method=rk4 task.adjoint=False task.n_energy_steps=5 loss.weights.ot=0.24468377454137746 loss.weights.density=0.30744528573558155 loss.weights.energy=0.020952101036623434 loss.sinkhorn_reg=0.25021001250684816 loss.sinkhorn_max_iter=50 model.hidden_dim=512 model.hidden_layers=5 model.dropout=0.16919453786274752 model.condition_dim=128 model.embedding_dim=128 model.projection_dim=128 experiment=sciplex/ode_pca hpo=ode trainer.accelerator=gpu trainer.devices=1 trainer.precision=bf16-mixed trainer.num_workers=4 trainer.pin_memory=True space.projections.0.n_components=16
/nfs/roberts/scratch/pi_sk2433/dac227/FlatCFM/artifacts/runs/sweeps/sciplex_ode_deg_pca/20260410_191016/1
/nfs/roberts/scratch/pi_sk2433/dac227/FlatCFM/artifacts/runs/sweeps/sciplex_ode_deg_pca/20260410_191016/1/checkpoints/best.ckpt
[2026-04-10 19:22:45,972][HYDRA] Launching 1 jobs locally
[2026-04-10 19:22:45,972][HYDRA] 	#2 : task.lr=0.0002958188538051243 task.weight_decay=2.4085694669745445e-06 task.batch_size=128 task.steps_per_epoch=50 task.ode_method=midpoint task.adjoint=False task.n_energy_steps=20 loss.weights.ot=1.1659342315578103 loss.weights.density=0.1891602031477183 loss.weights.energy=0.00045599429568007275 loss.sinkhorn_reg=0.0018829336296195434 loss.sinkhorn_max_iter=20 model.hidden_dim=256 model.hidden_layers=4 model.dropout=0.18687742622978573 model.condition_dim=64 model.embedding_dim=128 model.projection_dim=128 experiment=sciplex/ode_pca hpo=ode trainer.accelerator=gpu trainer.devices=1 trainer.precision=bf16-mixed trainer.num_workers=4 trainer.pin_memory=True space.projections.0.n_components=16
/nfs/roberts/scratch/pi_sk2433/dac227/FlatCFM/artifacts/runs/sweeps/sciplex_ode_deg_pca/20260410_191016/2
/nfs/roberts/scratch/pi_sk2433/dac227/FlatCFM/artifacts/runs/sweeps/sciplex_ode_deg_pca/20260410_191016/2/checkpoints/best.ckpt
[2026-04-10 19:31:58,900][HYDRA] Launching 1 jobs locally
[2026-04-10 19:31:58,900][HYDRA] 	#3 : task.lr=9.49445588451598e-05 task.weight_decay=0.019598709585530717 task.batch_size=512 task.steps_per_epoch=100 task.ode_method=midpoint task.adjoint=False task.n_energy_steps=5 loss.weights.ot=0.4807468527211313 loss.weights.density=0.4824284802928151 loss.weights.energy=0.005035597234344946 loss.sinkhorn_reg=0.02481389161480915 loss.sinkhorn_max_iter=50 model.hidden_dim=512 model.hidden_layers=6 model.dropout=0.025292152486414466 model.condition_dim=128 model.embedding_dim=32 model.projection_dim=32 experiment=sciplex/ode_pca hpo=ode trainer.accelerator=gpu trainer.devices=1 trainer.precision=bf16-mixed trainer.num_workers=4 trainer.pin_memory=True space.projections.0.n_components=16
[2026-04-10 19:37:04,922][__main__][ERROR] - trial failed: cannot resolve hpo objective for metric 'val_loss' from history
[2026-04-10 19:37:06,014][HYDRA] Launching 1 jobs locally
[2026-04-10 19:37:06,014][HYDRA] 	#4 : task.lr=8.892666169478166e-05 task.weight_decay=0.006901906459258085 task.batch_size=256 task.steps_per_epoch=50 task.ode_method=midpoint task.adjoint=True task.n_energy_steps=5 loss.weights.ot=0.7101777357879601 loss.weights.density=0.16770001384187497 loss.weights.energy=0.03267042759376542 loss.sinkhorn_reg=0.06490057107621766 loss.sinkhorn_max_iter=20 model.hidden_dim=512 model.hidden_layers=6 model.dropout=0.05001816402702325 model.condition_dim=128 model.embedding_dim=128 model.projection_dim=32 experiment=sciplex/ode_pca hpo=ode trainer.accelerator=gpu trainer.devices=1 trainer.precision=bf16-mixed trainer.num_workers=4 trainer.pin_memory=True space.projections.0.n_components=16
/nfs/roberts/scratch/pi_sk2433/dac227/FlatCFM/artifacts/runs/sweeps/sciplex_ode_deg_pca/20260410_191016/4
/nfs/roberts/scratch/pi_sk2433/dac227/FlatCFM/artifacts/runs/sweeps/sciplex_ode_deg_pca/20260410_191016/4/checkpoints/best-v1.ckpt
[2026-04-10 19:41:58,840][HYDRA] Launching 1 jobs locally
[2026-04-10 19:41:58,840][HYDRA] 	#5 : task.lr=0.00018679891925536758 task.weight_decay=0.0015690169853928547 task.batch_size=256 task.steps_per_epoch=25 task.ode_method=midpoint task.adjoint=True task.n_energy_steps=5 loss.weights.ot=0.29804312249521536 loss.weights.density=0.111775222003752 loss.weights.energy=0.027931389651713153 loss.sinkhorn_reg=0.005257038287666681 loss.sinkhorn_max_iter=50 model.hidden_dim=256 model.hidden_layers=5 model.dropout=0.07724694237723669 model.condition_dim=128 model.embedding_dim=128 model.projection_dim=128 experiment=sciplex/ode_pca hpo=ode trainer.accelerator=gpu trainer.devices=1 trainer.precision=bf16-mixed trainer.num_workers=4 trainer.pin_memory=True space.projections.0.n_components=16
[2026-04-10 19:44:46,511][__main__][ERROR] - trial failed: cannot resolve hpo objective for metric 'val_loss' from history
[2026-04-10 19:44:47,352][HYDRA] Launching 1 jobs locally
[2026-04-10 19:44:47,352][HYDRA] 	#6 : task.lr=0.0001438532385566747 task.weight_decay=0.003145044155114084 task.batch_size=256 task.steps_per_epoch=100 task.ode_method=rk4 task.adjoint=False task.n_energy_steps=5 loss.weights.ot=0.9330174985316617 loss.weights.density=0.11379587728534497 loss.weights.energy=0.098081693710643 loss.sinkhorn_reg=0.23542848648006212 loss.sinkhorn_max_iter=50 model.hidden_dim=512 model.hidden_layers=6 model.dropout=0.14478721166282194 model.condition_dim=128 model.embedding_dim=128 model.projection_dim=32 experiment=sciplex/ode_pca hpo=ode trainer.accelerator=gpu trainer.devices=1 trainer.precision=bf16-mixed trainer.num_workers=4 trainer.pin_memory=True space.projections.0.n_components=16
/nfs/roberts/scratch/pi_sk2433/dac227/FlatCFM/artifacts/runs/sweeps/sciplex_ode_deg_pca/20260410_191016/6
/nfs/roberts/scratch/pi_sk2433/dac227/FlatCFM/artifacts/runs/sweeps/sciplex_ode_deg_pca/20260410_191016/6/checkpoints/best-v1.ckpt
[2026-04-10 19:57:00,742][HYDRA] Launching 1 jobs locally
[2026-04-10 19:57:00,742][HYDRA] 	#7 : task.lr=0.000257527259668668 task.weight_decay=0.013151666985709087 task.batch_size=256 task.steps_per_epoch=50 task.ode_method=midpoint task.adjoint=True task.n_energy_steps=5 loss.weights.ot=0.2985381732259843 loss.weights.density=0.3191011295185139 loss.weights.energy=0.001351516612103472 loss.sinkhorn_reg=0.4565802639916219 loss.sinkhorn_max_iter=50 model.hidden_dim=256 model.hidden_layers=4 model.dropout=0.08791217939409149 model.condition_dim=128 model.embedding_dim=128 model.projection_dim=128 experiment=sciplex/ode_pca hpo=ode trainer.accelerator=gpu trainer.devices=1 trainer.precision=bf16-mixed trainer.num_workers=4 trainer.pin_memory=True space.projections.0.n_components=16
/nfs/roberts/scratch/pi_sk2433/dac227/FlatCFM/artifacts/runs/sweeps/sciplex_ode_deg_pca/20260410_191016/7
/nfs/roberts/scratch/pi_sk2433/dac227/FlatCFM/artifacts/runs/sweeps/sciplex_ode_deg_pca/20260410_191016/7/checkpoints/best-v1.ckpt
[2026-04-10 20:02:53,941][HYDRA] Launching 1 jobs locally
[2026-04-10 20:02:53,941][HYDRA] 	#8 : task.lr=5.472809109761077e-05 task.weight_decay=0.0011956528722971759 task.batch_size=256 task.steps_per_epoch=25 task.ode_method=rk4 task.adjoint=False task.n_energy_steps=5 loss.weights.ot=0.13019817418738622 loss.weights.density=0.19227227412304795 loss.weights.energy=0.01809068816093013 loss.sinkhorn_reg=0.1591157263821878 loss.sinkhorn_max_iter=20 model.hidden_dim=512 model.hidden_layers=6 model.dropout=0.12303121465940706 model.condition_dim=256 model.embedding_dim=128 model.projection_dim=32 experiment=sciplex/ode_pca hpo=ode trainer.accelerator=gpu trainer.devices=1 trainer.precision=bf16-mixed trainer.num_workers=4 trainer.pin_memory=True space.projections.0.n_components=16
/nfs/roberts/scratch/pi_sk2433/dac227/FlatCFM/artifacts/runs/sweeps/sciplex_ode_deg_pca/20260410_191016/8
/nfs/roberts/scratch/pi_sk2433/dac227/FlatCFM/artifacts/runs/sweeps/sciplex_ode_deg_pca/20260410_191016/8/checkpoints/best-v1.ckpt
[2026-04-10 20:07:03,608][HYDRA] Launching 1 jobs locally
[2026-04-10 20:07:03,608][HYDRA] 	#9 : task.lr=7.596345371529506e-05 task.weight_decay=0.013824240594536245 task.batch_size=512 task.steps_per_epoch=50 task.ode_method=midpoint task.adjoint=True task.n_energy_steps=5 loss.weights.ot=0.17817681617124673 loss.weights.density=0.21820093370929428 loss.weights.energy=0.02625158381335832 loss.sinkhorn_reg=0.08772748110952512 loss.sinkhorn_max_iter=50 model.hidden_dim=256 model.hidden_layers=4 model.dropout=0.07999750327068356 model.condition_dim=128 model.embedding_dim=32 model.projection_dim=128 experiment=sciplex/ode_pca hpo=ode trainer.accelerator=gpu trainer.devices=1 trainer.precision=bf16-mixed trainer.num_workers=4 trainer.pin_memory=True space.projections.0.n_components=16
/nfs/roberts/scratch/pi_sk2433/dac227/FlatCFM/artifacts/runs/sweeps/sciplex_ode_deg_pca/20260410_191016/9
/nfs/roberts/scratch/pi_sk2433/dac227/FlatCFM/artifacts/runs/sweeps/sciplex_ode_deg_pca/20260410_191016/9/checkpoints/best-v1.ckpt
[2026-04-10 20:12:29,923][HYDRA] Launching 1 jobs locally
[2026-04-10 20:12:29,923][HYDRA] 	#10 : task.lr=6.254691813765352e-05 task.weight_decay=0.0017295819431261787 task.batch_size=512 task.steps_per_epoch=100 task.ode_method=midpoint task.adjoint=True task.n_energy_steps=5 loss.weights.ot=0.17540015161105252 loss.weights.density=0.10005876275738528 loss.weights.energy=0.003594643349147137 loss.sinkhorn_reg=0.17229875466424732 loss.sinkhorn_max_iter=100 model.hidden_dim=256 model.hidden_layers=5 model.dropout=0.10151112864927928 model.condition_dim=128 model.embedding_dim=128 model.projection_dim=64 experiment=sciplex/ode_pca hpo=ode trainer.accelerator=gpu trainer.devices=1 trainer.precision=bf16-mixed trainer.num_workers=4 trainer.pin_memory=True space.projections.0.n_components=16
/nfs/roberts/scratch/pi_sk2433/dac227/FlatCFM/artifacts/runs/sweeps/sciplex_ode_deg_pca/20260410_191016/10
/nfs/roberts/scratch/pi_sk2433/dac227/FlatCFM/artifacts/runs/sweeps/sciplex_ode_deg_pca/20260410_191016/10/checkpoints/best-v1.ckpt
[2026-04-10 20:24:52,155][HYDRA] Launching 1 jobs locally
[2026-04-10 20:24:52,155][HYDRA] 	#11 : task.lr=4.329963203752097e-05 task.weight_decay=0.0014012441709841234 task.batch_size=512 task.steps_per_epoch=100 task.ode_method=midpoint task.adjoint=True task.n_energy_steps=5 loss.weights.ot=0.13609195574567146 loss.weights.density=0.13424972908930632 loss.weights.energy=0.0008400741348521848 loss.sinkhorn_reg=0.16698152884786135 loss.sinkhorn_max_iter=100 model.hidden_dim=256 model.hidden_layers=4 model.dropout=0.06731383632543644 model.condition_dim=128 model.embedding_dim=128 model.projection_dim=64 experiment=sciplex/ode_pca hpo=ode trainer.accelerator=gpu trainer.devices=1 trainer.precision=bf16-mixed trainer.num_workers=4 trainer.pin_memory=True space.projections.0.n_components=16
/nfs/roberts/scratch/pi_sk2433/dac227/FlatCFM/artifacts/runs/sweeps/sciplex_ode_deg_pca/20260410_191016/11
/nfs/roberts/scratch/pi_sk2433/dac227/FlatCFM/artifacts/runs/sweeps/sciplex_ode_deg_pca/20260410_191016/11/checkpoints/best-v1.ckpt
[2026-04-10 20:36:47,980][HYDRA] Launching 1 jobs locally
[2026-04-10 20:36:47,980][HYDRA] 	#12 : task.lr=2.5342023879092912e-05 task.weight_decay=0.003420553513281306 task.batch_size=512 task.steps_per_epoch=25 task.ode_method=midpoint task.adjoint=True task.n_energy_steps=5 loss.weights.ot=0.12486942943657005 loss.weights.density=0.1779026286709546 loss.weights.energy=0.00020003142266420925 loss.sinkhorn_reg=0.12340209126757441 loss.sinkhorn_max_iter=100 model.hidden_dim=256 model.hidden_layers=5 model.dropout=0.19476666797607123 model.condition_dim=128 model.embedding_dim=128 model.projection_dim=64 experiment=sciplex/ode_pca hpo=ode trainer.accelerator=gpu trainer.devices=1 trainer.precision=bf16-mixed trainer.num_workers=4 trainer.pin_memory=True space.projections.0.n_components=16
/nfs/roberts/scratch/pi_sk2433/dac227/FlatCFM/artifacts/runs/sweeps/sciplex_ode_deg_pca/20260410_191016/12
/nfs/roberts/scratch/pi_sk2433/dac227/FlatCFM/artifacts/runs/sweeps/sciplex_ode_deg_pca/20260410_191016/12/checkpoints/best-v1.ckpt
[2026-04-10 20:41:09,169][HYDRA] Launching 1 jobs locally
[2026-04-10 20:41:09,169][HYDRA] 	#13 : task.lr=0.00013848757355776285 task.weight_decay=0.023334175350628168 task.batch_size=512 task.steps_per_epoch=25 task.ode_method=midpoint task.adjoint=True task.n_energy_steps=5 loss.weights.ot=0.24010756598355515 loss.weights.density=0.1097294957816291 loss.weights.energy=0.0002538201701239363 loss.sinkhorn_reg=0.19618723820626915 loss.sinkhorn_max_iter=100 model.hidden_dim=256 model.hidden_layers=5 model.dropout=0.1515821348931188 model.condition_dim=64 model.embedding_dim=128 model.projection_dim=64 experiment=sciplex/ode_pca hpo=ode trainer.accelerator=gpu trainer.devices=1 trainer.precision=bf16-mixed trainer.num_workers=4 trainer.pin_memory=True space.projections.0.n_components=16
/nfs/roberts/scratch/pi_sk2433/dac227/FlatCFM/artifacts/runs/sweeps/sciplex_ode_deg_pca/20260410_191016/13
/nfs/roberts/scratch/pi_sk2433/dac227/FlatCFM/artifacts/runs/sweeps/sciplex_ode_deg_pca/20260410_191016/13/checkpoints/best-v1.ckpt
[2026-04-10 20:45:28,680][HYDRA] Launching 1 jobs locally
[2026-04-10 20:45:28,680][HYDRA] 	#14 : task.lr=2.9029248366448223e-05 task.weight_decay=0.0006710026811446075 task.batch_size=512 task.steps_per_epoch=100 task.ode_method=midpoint task.adjoint=True task.n_energy_steps=10 loss.weights.ot=0.10391197004847336 loss.weights.density=0.1525386759230942 loss.weights.energy=0.000375374225264025 loss.sinkhorn_reg=0.07432748024495646 loss.sinkhorn_max_iter=100 model.hidden_dim=512 model.hidden_layers=5 model.dropout=0.09932494250419188 model.condition_dim=128 model.embedding_dim=64 model.projection_dim=64 experiment=sciplex/ode_pca hpo=ode trainer.accelerator=gpu trainer.devices=1 trainer.precision=bf16-mixed trainer.num_workers=4 trainer.pin_memory=True space.projections.0.n_components=16
/nfs/roberts/scratch/pi_sk2433/dac227/FlatCFM/artifacts/runs/sweeps/sciplex_ode_deg_pca/20260410_191016/14
/nfs/roberts/scratch/pi_sk2433/dac227/FlatCFM/artifacts/runs/sweeps/sciplex_ode_deg_pca/20260410_191016/14/checkpoints/best-v1.ckpt
[2026-04-10 21:01:40,625][HYDRA] Launching 1 jobs locally
[2026-04-10 21:01:40,625][HYDRA] 	#15 : task.lr=1.1845441531166025e-05 task.weight_decay=0.0013805233293997389 task.batch_size=512 task.steps_per_epoch=50 task.ode_method=midpoint task.adjoint=True task.n_energy_steps=10 loss.weights.ot=0.13589867767918967 loss.weights.density=0.15626583573361608 loss.weights.energy=0.0045475196850528945 loss.sinkhorn_reg=0.038595797596587725 loss.sinkhorn_max_iter=50 model.hidden_dim=256 model.hidden_layers=5 model.dropout=0.1015455815020484 model.condition_dim=64 model.embedding_dim=128 model.projection_dim=128 experiment=sciplex/ode_pca hpo=ode trainer.accelerator=gpu trainer.devices=1 trainer.precision=bf16-mixed trainer.num_workers=4 trainer.pin_memory=True space.projections.0.n_components=16
/nfs/roberts/scratch/pi_sk2433/dac227/FlatCFM/artifacts/runs/sweeps/sciplex_ode_deg_pca/20260410_191016/15
/nfs/roberts/scratch/pi_sk2433/dac227/FlatCFM/artifacts/runs/sweeps/sciplex_ode_deg_pca/20260410_191016/15/checkpoints/best-v1.ckpt
[2026-04-10 21:09:07,502][HYDRA] Launching 1 jobs locally
[2026-04-10 21:09:07,502][HYDRA] 	#16 : task.lr=3.472305612941419e-05 task.weight_decay=1.377226597444891e-05 task.batch_size=512 task.steps_per_epoch=25 task.ode_method=midpoint task.adjoint=True task.n_energy_steps=20 loss.weights.ot=0.15171189839020305 loss.weights.density=0.14977116991171496 loss.weights.energy=0.0005946808385319993 loss.sinkhorn_reg=0.11623522406281127 loss.sinkhorn_max_iter=20 model.hidden_dim=256 model.hidden_layers=5 model.dropout=0.11177019494359883 model.condition_dim=128 model.embedding_dim=128 model.projection_dim=32 experiment=sciplex/ode_pca hpo=ode trainer.accelerator=gpu trainer.devices=1 trainer.precision=bf16-mixed trainer.num_workers=4 trainer.pin_memory=True space.projections.0.n_components=16
/nfs/roberts/scratch/pi_sk2433/dac227/FlatCFM/artifacts/runs/sweeps/sciplex_ode_deg_pca/20260410_191016/16
/nfs/roberts/scratch/pi_sk2433/dac227/FlatCFM/artifacts/runs/sweeps/sciplex_ode_deg_pca/20260410_191016/16/checkpoints/best-v1.ckpt
[2026-04-10 21:15:23,951][HYDRA] Launching 1 jobs locally
[2026-04-10 21:15:23,951][HYDRA] 	#17 : task.lr=0.00024229183541864217 task.weight_decay=0.0017007024697571853 task.batch_size=512 task.steps_per_epoch=100 task.ode_method=midpoint task.adjoint=True task.n_energy_steps=20 loss.weights.ot=0.16939135386716614 loss.weights.density=0.14425806555120843 loss.weights.energy=0.0002128822177120252 loss.sinkhorn_reg=0.07508925131890742 loss.sinkhorn_max_iter=20 model.hidden_dim=128 model.hidden_layers=3 model.dropout=0.07677476962460464 model.condition_dim=128 model.embedding_dim=128 model.projection_dim=32 experiment=sciplex/ode_pca hpo=ode trainer.accelerator=gpu trainer.devices=1 trainer.precision=bf16-mixed trainer.num_workers=4 trainer.pin_memory=True space.projections.0.n_components=16
/nfs/roberts/scratch/pi_sk2433/dac227/FlatCFM/artifacts/runs/sweeps/sciplex_ode_deg_pca/20260410_191016/17
/nfs/roberts/scratch/pi_sk2433/dac227/FlatCFM/artifacts/runs/sweeps/sciplex_ode_deg_pca/20260410_191016/17/checkpoints/best-v1.ckpt
[2026-04-10 21:33:13,303][HYDRA] Launching 1 jobs locally
[2026-04-10 21:33:13,303][HYDRA] 	#18 : task.lr=1.714131860842932e-05 task.weight_decay=0.0018572385595003913 task.batch_size=256 task.steps_per_epoch=50 task.ode_method=midpoint task.adjoint=True task.n_energy_steps=10 loss.weights.ot=0.20965703336814906 loss.weights.density=0.5737682724871014 loss.weights.energy=0.0013171369946865814 loss.sinkhorn_reg=0.07509797281903027 loss.sinkhorn_max_iter=100 model.hidden_dim=128 model.hidden_layers=6 model.dropout=0.17052388831499835 model.condition_dim=64 model.embedding_dim=128 model.projection_dim=64 experiment=sciplex/ode_pca hpo=ode trainer.accelerator=gpu trainer.devices=1 trainer.precision=bf16-mixed trainer.num_workers=4 trainer.pin_memory=True space.projections.0.n_components=16
/nfs/roberts/scratch/pi_sk2433/dac227/FlatCFM/artifacts/runs/sweeps/sciplex_ode_deg_pca/20260410_191016/18
/nfs/roberts/scratch/pi_sk2433/dac227/FlatCFM/artifacts/runs/sweeps/sciplex_ode_deg_pca/20260410_191016/18/checkpoints/best-v1.ckpt
[2026-04-10 21:43:24,401][HYDRA] Launching 1 jobs locally
[2026-04-10 21:43:24,401][HYDRA] 	#19 : task.lr=1.1739618661641573e-05 task.weight_decay=0.009073758738456826 task.batch_size=256 task.steps_per_epoch=100 task.ode_method=midpoint task.adjoint=True task.n_energy_steps=10 loss.weights.ot=0.11568407104633405 loss.weights.density=0.1500496223536343 loss.weights.energy=0.0004285527276982791 loss.sinkhorn_reg=0.2772953406434295 loss.sinkhorn_max_iter=100 model.hidden_dim=512 model.hidden_layers=4 model.dropout=0.12468888345524438 model.condition_dim=64 model.embedding_dim=128 model.projection_dim=64 experiment=sciplex/ode_pca hpo=ode trainer.accelerator=gpu trainer.devices=1 trainer.precision=bf16-mixed trainer.num_workers=4 trainer.pin_memory=True space.projections.0.n_components=16
/nfs/roberts/scratch/pi_sk2433/dac227/FlatCFM/artifacts/runs/sweeps/sciplex_ode_deg_pca/20260410_191016/19
/nfs/roberts/scratch/pi_sk2433/dac227/FlatCFM/artifacts/runs/sweeps/sciplex_ode_deg_pca/20260410_191016/19/checkpoints/best-v1.ckpt
[2026-04-10 22:00:03,005][HYDRA] Best parameters: {'task.lr': 7.560022847129252e-05, 'task.weight_decay': 0.009794171272763807, 'task.batch_size': 512, 'task.steps_per_epoch': 25, 'task.ode_method': 'midpoint', 'task.adjoint': True, 'task.n_energy_steps': 5, 'loss.weights.ot': 0.10661357943363009, 'loss.weights.density': 0.10003228546059455, 'loss.weights.energy': 0.00028966040789692166, 'loss.sinkhorn_reg': 0.14975228732164877, 'loss.sinkhorn_max_iter': 100, 'model.hidden_dim': 256, 'model.hidden_layers': 5, 'model.dropout': 0.13393731063329115, 'model.condition_dim': 64, 'model.embedding_dim': 128, 'model.projection_dim': 64}
[2026-04-10 22:00:03,005][HYDRA] Best value: 0.4795631170272827
