worker 1 starting
experiment=sciplex/ode_pca
hpo=ode
study=hpo_ode_pca_d16
storage=sqlite:////nfs/roberts/scratch/pi_sk2433/dac227/FlatCFM/artifacts/runs/sweeps/hpo_ode_pca_d16.db
trials_per_worker=20
[2026-04-10 19:10:16,141][HYDRA] Study name: hpo_ode_pca_d16
[2026-04-10 19:10:16,141][HYDRA] Storage: sqlite:////nfs/roberts/scratch/pi_sk2433/dac227/FlatCFM/artifacts/runs/sweeps/hpo_ode_pca_d16.db
[2026-04-10 19:10:16,141][HYDRA] Sampler: TPESampler
[2026-04-10 19:10:16,141][HYDRA] Directions: ['minimize']
[2026-04-10 19:10:17,279][HYDRA] Launching 1 jobs locally
[2026-04-10 19:10:17,279][HYDRA] 	#0 : task.lr=2.9269374013495658e-05 task.weight_decay=0.0019230425822035892 task.batch_size=512 task.steps_per_epoch=25 task.ode_method=midpoint task.adjoint=False task.n_energy_steps=20 loss.weights.ot=4.412103803775352 loss.weights.density=0.4474322134184169 loss.weights.energy=0.004767334992554529 loss.sinkhorn_reg=0.00268429566415343 loss.sinkhorn_max_iter=20 model.hidden_dim=128 model.hidden_layers=6 model.dropout=0.08836731056064402 model.condition_dim=256 model.embedding_dim=64 model.projection_dim=32 experiment=sciplex/ode_pca hpo=ode trainer.accelerator=gpu trainer.devices=1 trainer.precision=bf16-mixed trainer.num_workers=4 trainer.pin_memory=True space.projections.0.n_components=16
/nfs/roberts/scratch/pi_sk2433/dac227/FlatCFM/artifacts/runs/sweeps/sciplex_ode_deg_pca/20260410_191015/0
/nfs/roberts/scratch/pi_sk2433/dac227/FlatCFM/artifacts/runs/sweeps/sciplex_ode_deg_pca/20260410_191015/0/checkpoints/best.ckpt
[2026-04-10 19:14:55,151][HYDRA] Launching 1 jobs locally
[2026-04-10 19:14:55,151][HYDRA] 	#1 : task.lr=0.00022346523278371668 task.weight_decay=0.00039613693681397145 task.batch_size=512 task.steps_per_epoch=100 task.ode_method=rk4 task.adjoint=True task.n_energy_steps=5 loss.weights.ot=0.19063343936257912 loss.weights.density=0.7562406797000335 loss.weights.energy=0.037866527882714406 loss.sinkhorn_reg=0.005479858807169606 loss.sinkhorn_max_iter=20 model.hidden_dim=512 model.hidden_layers=2 model.dropout=0.1263921998386923 model.condition_dim=64 model.embedding_dim=128 model.projection_dim=32 experiment=sciplex/ode_pca hpo=ode trainer.accelerator=gpu trainer.devices=1 trainer.precision=bf16-mixed trainer.num_workers=4 trainer.pin_memory=True space.projections.0.n_components=16
[2026-04-10 19:23:26,590][__main__][ERROR] - trial failed: cannot resolve hpo objective for metric 'val_loss' from history
[2026-04-10 19:23:27,839][HYDRA] Launching 1 jobs locally
[2026-04-10 19:23:27,839][HYDRA] 	#2 : task.lr=0.00042594915156507013 task.weight_decay=3.687445457158321e-06 task.batch_size=512 task.steps_per_epoch=25 task.ode_method=rk4 task.adjoint=False task.n_energy_steps=5 loss.weights.ot=0.6996668343474988 loss.weights.density=0.172401309322811 loss.weights.energy=0.09042892989021326 loss.sinkhorn_reg=0.008500274498144831 loss.sinkhorn_max_iter=50 model.hidden_dim=256 model.hidden_layers=2 model.dropout=0.1436942963300746 model.condition_dim=128 model.embedding_dim=128 model.projection_dim=64 experiment=sciplex/ode_pca hpo=ode trainer.accelerator=gpu trainer.devices=1 trainer.precision=bf16-mixed trainer.num_workers=4 trainer.pin_memory=True space.projections.0.n_components=16
[2026-04-10 19:25:58,715][__main__][ERROR] - trial failed: cannot resolve hpo objective for metric 'val_loss' from history
[2026-04-10 19:25:59,426][HYDRA] Launching 1 jobs locally
[2026-04-10 19:25:59,426][HYDRA] 	#3 : task.lr=5.192592714309698e-05 task.weight_decay=0.006994877319157544 task.batch_size=512 task.steps_per_epoch=25 task.ode_method=rk4 task.adjoint=False task.n_energy_steps=10 loss.weights.ot=1.6798816033935748 loss.weights.density=0.22088901136691694 loss.weights.energy=0.0028979874557230534 loss.sinkhorn_reg=0.0775461559490733 loss.sinkhorn_max_iter=100 model.hidden_dim=512 model.hidden_layers=5 model.dropout=0.03186668980426655 model.condition_dim=128 model.embedding_dim=128 model.projection_dim=32 experiment=sciplex/ode_pca hpo=ode trainer.accelerator=gpu trainer.devices=1 trainer.precision=bf16-mixed trainer.num_workers=4 trainer.pin_memory=True space.projections.0.n_components=16
/nfs/roberts/scratch/pi_sk2433/dac227/FlatCFM/artifacts/runs/sweeps/sciplex_ode_deg_pca/20260410_191015/3
/nfs/roberts/scratch/pi_sk2433/dac227/FlatCFM/artifacts/runs/sweeps/sciplex_ode_deg_pca/20260410_191015/3/checkpoints/best.ckpt
[2026-04-10 19:32:17,709][HYDRA] Launching 1 jobs locally
[2026-04-10 19:32:17,709][HYDRA] 	#4 : task.lr=0.00013800627088691214 task.weight_decay=0.0052239583368066545 task.batch_size=256 task.steps_per_epoch=25 task.ode_method=midpoint task.adjoint=True task.n_energy_steps=5 loss.weights.ot=0.5935127590564727 loss.weights.density=0.10378069834476868 loss.weights.energy=0.08594017484667753 loss.sinkhorn_reg=0.15564452823852012 loss.sinkhorn_max_iter=50 model.hidden_dim=512 model.hidden_layers=6 model.dropout=0.08316443427733036 model.condition_dim=128 model.embedding_dim=128 model.projection_dim=128 experiment=sciplex/ode_pca hpo=ode trainer.accelerator=gpu trainer.devices=1 trainer.precision=bf16-mixed trainer.num_workers=4 trainer.pin_memory=True space.projections.0.n_components=16
/nfs/roberts/scratch/pi_sk2433/dac227/FlatCFM/artifacts/runs/sweeps/sciplex_ode_deg_pca/20260410_191015/4
/nfs/roberts/scratch/pi_sk2433/dac227/FlatCFM/artifacts/runs/sweeps/sciplex_ode_deg_pca/20260410_191015/4/checkpoints/best.ckpt
[2026-04-10 19:36:04,959][HYDRA] Launching 1 jobs locally
[2026-04-10 19:36:04,959][HYDRA] 	#5 : task.lr=0.0001200777260443104 task.weight_decay=0.004909939082034227 task.batch_size=256 task.steps_per_epoch=25 task.ode_method=rk4 task.adjoint=True task.n_energy_steps=10 loss.weights.ot=0.5096291246805836 loss.weights.density=0.38573124370016826 loss.weights.energy=0.0490719548575842 loss.sinkhorn_reg=0.10221719583516507 loss.sinkhorn_max_iter=50 model.hidden_dim=256 model.hidden_layers=6 model.dropout=0.12417413111721308 model.condition_dim=128 model.embedding_dim=128 model.projection_dim=128 experiment=sciplex/ode_pca hpo=ode trainer.accelerator=gpu trainer.devices=1 trainer.precision=bf16-mixed trainer.num_workers=4 trainer.pin_memory=True space.projections.0.n_components=16
/nfs/roberts/scratch/pi_sk2433/dac227/FlatCFM/artifacts/runs/sweeps/sciplex_ode_deg_pca/20260410_191015/5
/nfs/roberts/scratch/pi_sk2433/dac227/FlatCFM/artifacts/runs/sweeps/sciplex_ode_deg_pca/20260410_191015/5/checkpoints/best.ckpt
[2026-04-10 19:43:46,654][HYDRA] Launching 1 jobs locally
[2026-04-10 19:43:46,654][HYDRA] 	#6 : task.lr=0.00034707185392625275 task.weight_decay=0.026747540703863183 task.batch_size=256 task.steps_per_epoch=25 task.ode_method=midpoint task.adjoint=True task.n_energy_steps=5 loss.weights.ot=0.5114101514140782 loss.weights.density=0.12883691858457982 loss.weights.energy=0.003880683744756436 loss.sinkhorn_reg=0.060896588061856716 loss.sinkhorn_max_iter=50 model.hidden_dim=256 model.hidden_layers=4 model.dropout=0.12143866198443742 model.condition_dim=128 model.embedding_dim=32 model.projection_dim=32 experiment=sciplex/ode_pca hpo=ode trainer.accelerator=gpu trainer.devices=1 trainer.precision=bf16-mixed trainer.num_workers=4 trainer.pin_memory=True space.projections.0.n_components=16
/nfs/roberts/scratch/pi_sk2433/dac227/FlatCFM/artifacts/runs/sweeps/sciplex_ode_deg_pca/20260410_191015/6
/nfs/roberts/scratch/pi_sk2433/dac227/FlatCFM/artifacts/runs/sweeps/sciplex_ode_deg_pca/20260410_191015/6/checkpoints/best.ckpt
[2026-04-10 19:47:22,881][HYDRA] Launching 1 jobs locally
[2026-04-10 19:47:22,881][HYDRA] 	#7 : task.lr=0.00031698363142751326 task.weight_decay=0.008806629668526468 task.batch_size=256 task.steps_per_epoch=25 task.ode_method=midpoint task.adjoint=True task.n_energy_steps=5 loss.weights.ot=0.3757549817013144 loss.weights.density=0.14741884879086564 loss.weights.energy=0.0024212330771110242 loss.sinkhorn_reg=0.09469387746598298 loss.sinkhorn_max_iter=20 model.hidden_dim=256 model.hidden_layers=2 model.dropout=0.17148948398264957 model.condition_dim=128 model.embedding_dim=32 model.projection_dim=32 experiment=sciplex/ode_pca hpo=ode trainer.accelerator=gpu trainer.devices=1 trainer.precision=bf16-mixed trainer.num_workers=4 trainer.pin_memory=True space.projections.0.n_components=16
/nfs/roberts/scratch/pi_sk2433/dac227/FlatCFM/artifacts/runs/sweeps/sciplex_ode_deg_pca/20260410_191015/7
/nfs/roberts/scratch/pi_sk2433/dac227/FlatCFM/artifacts/runs/sweeps/sciplex_ode_deg_pca/20260410_191015/7/checkpoints/best.ckpt
[2026-04-10 19:50:10,572][HYDRA] Launching 1 jobs locally
[2026-04-10 19:50:10,572][HYDRA] 	#8 : task.lr=3.208973328891683e-05 task.weight_decay=0.0008427789387966179 task.batch_size=256 task.steps_per_epoch=50 task.ode_method=midpoint task.adjoint=True task.n_energy_steps=10 loss.weights.ot=0.13012894083555016 loss.weights.density=0.10003202469059885 loss.weights.energy=0.006598522085006423 loss.sinkhorn_reg=0.021976065727397416 loss.sinkhorn_max_iter=50 model.hidden_dim=256 model.hidden_layers=3 model.dropout=0.0877299829243871 model.condition_dim=128 model.embedding_dim=128 model.projection_dim=32 experiment=sciplex/ode_pca hpo=ode trainer.accelerator=gpu trainer.devices=1 trainer.precision=bf16-mixed trainer.num_workers=4 trainer.pin_memory=True space.projections.0.n_components=16
[2026-04-10 19:55:38,174][__main__][ERROR] - trial failed: cannot resolve hpo objective for metric 'val_loss' from history
[2026-04-10 19:55:39,054][HYDRA] Launching 1 jobs locally
[2026-04-10 19:55:39,054][HYDRA] 	#9 : task.lr=3.602026953643903e-05 task.weight_decay=0.010147500616775886 task.batch_size=512 task.steps_per_epoch=25 task.ode_method=rk4 task.adjoint=False task.n_energy_steps=5 loss.weights.ot=0.10508235071327546 loss.weights.density=0.1408384267508589 loss.weights.energy=0.021964587608126845 loss.sinkhorn_reg=0.016825040030213186 loss.sinkhorn_max_iter=20 model.hidden_dim=512 model.hidden_layers=5 model.dropout=0.12638372582395305 model.condition_dim=256 model.embedding_dim=128 model.projection_dim=64 experiment=sciplex/ode_pca hpo=ode trainer.accelerator=gpu trainer.devices=1 trainer.precision=bf16-mixed trainer.num_workers=4 trainer.pin_memory=True space.projections.0.n_components=16
[2026-04-10 19:58:30,112][__main__][ERROR] - trial failed: cannot resolve hpo objective for metric 'val_loss' from history
[2026-04-10 19:58:30,975][HYDRA] Launching 1 jobs locally
[2026-04-10 19:58:30,975][HYDRA] 	#10 : task.lr=4.3166128472575704e-05 task.weight_decay=0.0007505244020925099 task.batch_size=256 task.steps_per_epoch=25 task.ode_method=rk4 task.adjoint=False task.n_energy_steps=5 loss.weights.ot=0.11694546647895936 loss.weights.density=0.11044923696653096 loss.weights.energy=0.01757535563766832 loss.sinkhorn_reg=0.07469130593406319 loss.sinkhorn_max_iter=20 model.hidden_dim=512 model.hidden_layers=6 model.dropout=0.0838628255362699 model.condition_dim=256 model.embedding_dim=128 model.projection_dim=32 experiment=sciplex/ode_pca hpo=ode trainer.accelerator=gpu trainer.devices=1 trainer.precision=bf16-mixed trainer.num_workers=4 trainer.pin_memory=True space.projections.0.n_components=16
/nfs/roberts/scratch/pi_sk2433/dac227/FlatCFM/artifacts/runs/sweeps/sciplex_ode_deg_pca/20260410_191015/10
/nfs/roberts/scratch/pi_sk2433/dac227/FlatCFM/artifacts/runs/sweeps/sciplex_ode_deg_pca/20260410_191015/10/checkpoints/best.ckpt
[2026-04-10 20:02:19,735][HYDRA] Launching 1 jobs locally
[2026-04-10 20:02:19,735][HYDRA] 	#11 : task.lr=4.904170345217802e-05 task.weight_decay=0.00015723647813914297 task.batch_size=256 task.steps_per_epoch=25 task.ode_method=midpoint task.adjoint=True task.n_energy_steps=5 loss.weights.ot=0.2893134093218328 loss.weights.density=0.12356195221066862 loss.weights.energy=0.011539506333549497 loss.sinkhorn_reg=0.017905839546134623 loss.sinkhorn_max_iter=50 model.hidden_dim=256 model.hidden_layers=2 model.dropout=0.1233499345670642 model.condition_dim=64 model.embedding_dim=128 model.projection_dim=32 experiment=sciplex/ode_pca hpo=ode trainer.accelerator=gpu trainer.devices=1 trainer.precision=bf16-mixed trainer.num_workers=4 trainer.pin_memory=True space.projections.0.n_components=16
[2026-04-10 20:04:42,884][__main__][ERROR] - trial failed: cannot resolve hpo objective for metric 'val_loss' from history
[2026-04-10 20:04:43,764][HYDRA] Launching 1 jobs locally
[2026-04-10 20:04:43,764][HYDRA] 	#12 : task.lr=7.014449852488401e-05 task.weight_decay=0.0018555907016371807 task.batch_size=256 task.steps_per_epoch=25 task.ode_method=rk4 task.adjoint=True task.n_energy_steps=5 loss.weights.ot=0.35640607421888354 loss.weights.density=0.1213871472464291 loss.weights.energy=0.008818256020916574 loss.sinkhorn_reg=0.2286020080354184 loss.sinkhorn_max_iter=20 model.hidden_dim=512 model.hidden_layers=6 model.dropout=0.09390426627365585 model.condition_dim=256 model.embedding_dim=32 model.projection_dim=32 experiment=sciplex/ode_pca hpo=ode trainer.accelerator=gpu trainer.devices=1 trainer.precision=bf16-mixed trainer.num_workers=4 trainer.pin_memory=True space.projections.0.n_components=16
/nfs/roberts/scratch/pi_sk2433/dac227/FlatCFM/artifacts/runs/sweeps/sciplex_ode_deg_pca/20260410_191015/12
/nfs/roberts/scratch/pi_sk2433/dac227/FlatCFM/artifacts/runs/sweeps/sciplex_ode_deg_pca/20260410_191015/12/checkpoints/best.ckpt
[2026-04-10 20:09:09,527][HYDRA] Launching 1 jobs locally
[2026-04-10 20:09:09,527][HYDRA] 	#13 : task.lr=0.0001551799047867888 task.weight_decay=0.0009608896112542415 task.batch_size=256 task.steps_per_epoch=25 task.ode_method=midpoint task.adjoint=False task.n_energy_steps=5 loss.weights.ot=0.12003898593439245 loss.weights.density=0.16407582757992215 loss.weights.energy=0.002707367084330485 loss.sinkhorn_reg=0.2197669348963825 loss.sinkhorn_max_iter=50 model.hidden_dim=256 model.hidden_layers=3 model.dropout=0.07400426343993635 model.condition_dim=128 model.embedding_dim=128 model.projection_dim=32 experiment=sciplex/ode_pca hpo=ode trainer.accelerator=gpu trainer.devices=1 trainer.precision=bf16-mixed trainer.num_workers=4 trainer.pin_memory=True space.projections.0.n_components=16
/nfs/roberts/scratch/pi_sk2433/dac227/FlatCFM/artifacts/runs/sweeps/sciplex_ode_deg_pca/20260410_191015/13
/nfs/roberts/scratch/pi_sk2433/dac227/FlatCFM/artifacts/runs/sweeps/sciplex_ode_deg_pca/20260410_191015/13/checkpoints/best.ckpt
[2026-04-10 20:12:23,052][HYDRA] Launching 1 jobs locally
[2026-04-10 20:12:23,052][HYDRA] 	#14 : task.lr=0.00012596914995727037 task.weight_decay=0.0006589353917917311 task.batch_size=512 task.steps_per_epoch=100 task.ode_method=midpoint task.adjoint=True task.n_energy_steps=20 loss.weights.ot=0.1401334620634248 loss.weights.density=0.17071772423935927 loss.weights.energy=0.02437257992379707 loss.sinkhorn_reg=0.4340595416201096 loss.sinkhorn_max_iter=20 model.hidden_dim=256 model.hidden_layers=3 model.dropout=0.07914853492602768 model.condition_dim=128 model.embedding_dim=128 model.projection_dim=64 experiment=sciplex/ode_pca hpo=ode trainer.accelerator=gpu trainer.devices=1 trainer.precision=bf16-mixed trainer.num_workers=4 trainer.pin_memory=True space.projections.0.n_components=16
/nfs/roberts/scratch/pi_sk2433/dac227/FlatCFM/artifacts/runs/sweeps/sciplex_ode_deg_pca/20260410_191015/14
/nfs/roberts/scratch/pi_sk2433/dac227/FlatCFM/artifacts/runs/sweeps/sciplex_ode_deg_pca/20260410_191015/14/checkpoints/best.ckpt
[2026-04-10 20:29:11,221][HYDRA] Launching 1 jobs locally
[2026-04-10 20:29:11,221][HYDRA] 	#15 : task.lr=1.8189772819715288e-05 task.weight_decay=0.002059841804016836 task.batch_size=512 task.steps_per_epoch=25 task.ode_method=midpoint task.adjoint=True task.n_energy_steps=5 loss.weights.ot=0.21545534191289772 loss.weights.density=0.15995185424398237 loss.weights.energy=0.0019748142996995413 loss.sinkhorn_reg=0.4007812792520945 loss.sinkhorn_max_iter=100 model.hidden_dim=256 model.hidden_layers=6 model.dropout=0.07681217028815293 model.condition_dim=128 model.embedding_dim=128 model.projection_dim=64 experiment=sciplex/ode_pca hpo=ode trainer.accelerator=gpu trainer.devices=1 trainer.precision=bf16-mixed trainer.num_workers=4 trainer.pin_memory=True space.projections.0.n_components=16
/nfs/roberts/scratch/pi_sk2433/dac227/FlatCFM/artifacts/runs/sweeps/sciplex_ode_deg_pca/20260410_191015/15
/nfs/roberts/scratch/pi_sk2433/dac227/FlatCFM/artifacts/runs/sweeps/sciplex_ode_deg_pca/20260410_191015/15/checkpoints/best.ckpt
[2026-04-10 20:33:21,031][HYDRA] Launching 1 jobs locally
[2026-04-10 20:33:21,031][HYDRA] 	#16 : task.lr=0.00017348821739644665 task.weight_decay=0.003071984917359411 task.batch_size=256 task.steps_per_epoch=100 task.ode_method=midpoint task.adjoint=False task.n_energy_steps=5 loss.weights.ot=0.2824884057847131 loss.weights.density=0.15689748017042163 loss.weights.energy=0.013698808398073012 loss.sinkhorn_reg=0.10770228572743432 loss.sinkhorn_max_iter=100 model.hidden_dim=256 model.hidden_layers=3 model.dropout=0.04460978090170022 model.condition_dim=128 model.embedding_dim=128 model.projection_dim=128 experiment=sciplex/ode_pca hpo=ode trainer.accelerator=gpu trainer.devices=1 trainer.precision=bf16-mixed trainer.num_workers=4 trainer.pin_memory=True space.projections.0.n_components=16
/nfs/roberts/scratch/pi_sk2433/dac227/FlatCFM/artifacts/runs/sweeps/sciplex_ode_deg_pca/20260410_191015/16
/nfs/roberts/scratch/pi_sk2433/dac227/FlatCFM/artifacts/runs/sweeps/sciplex_ode_deg_pca/20260410_191015/16/checkpoints/best.ckpt
[2026-04-10 20:43:52,211][HYDRA] Launching 1 jobs locally
[2026-04-10 20:43:52,211][HYDRA] 	#17 : task.lr=1.2101785566827657e-05 task.weight_decay=0.0012037156312180199 task.batch_size=512 task.steps_per_epoch=50 task.ode_method=midpoint task.adjoint=True task.n_energy_steps=10 loss.weights.ot=0.11162846833083713 loss.weights.density=0.11300532661630239 loss.weights.energy=0.002770729217820331 loss.sinkhorn_reg=0.03592285744267961 loss.sinkhorn_max_iter=50 model.hidden_dim=256 model.hidden_layers=6 model.dropout=0.14599046669136032 model.condition_dim=64 model.embedding_dim=128 model.projection_dim=64 experiment=sciplex/ode_pca hpo=ode trainer.accelerator=gpu trainer.devices=1 trainer.precision=bf16-mixed trainer.num_workers=4 trainer.pin_memory=True space.projections.0.n_components=16
/nfs/roberts/scratch/pi_sk2433/dac227/FlatCFM/artifacts/runs/sweeps/sciplex_ode_deg_pca/20260410_191015/17
/nfs/roberts/scratch/pi_sk2433/dac227/FlatCFM/artifacts/runs/sweeps/sciplex_ode_deg_pca/20260410_191015/17/checkpoints/best.ckpt
[2026-04-10 20:51:08,889][HYDRA] Launching 1 jobs locally
[2026-04-10 20:51:08,889][HYDRA] 	#18 : task.lr=1.0410186853197046e-05 task.weight_decay=0.002648380182077028 task.batch_size=512 task.steps_per_epoch=50 task.ode_method=midpoint task.adjoint=True task.n_energy_steps=10 loss.weights.ot=0.13547449240559128 loss.weights.density=0.11324257042703649 loss.weights.energy=0.0014422959179835628 loss.sinkhorn_reg=0.04166647249452441 loss.sinkhorn_max_iter=50 model.hidden_dim=256 model.hidden_layers=6 model.dropout=0.16516046046346483 model.condition_dim=64 model.embedding_dim=128 model.projection_dim=64 experiment=sciplex/ode_pca hpo=ode trainer.accelerator=gpu trainer.devices=1 trainer.precision=bf16-mixed trainer.num_workers=4 trainer.pin_memory=True space.projections.0.n_components=16
/nfs/roberts/scratch/pi_sk2433/dac227/FlatCFM/artifacts/runs/sweeps/sciplex_ode_deg_pca/20260410_191015/18
/nfs/roberts/scratch/pi_sk2433/dac227/FlatCFM/artifacts/runs/sweeps/sciplex_ode_deg_pca/20260410_191015/18/checkpoints/best.ckpt
[2026-04-10 20:57:13,606][HYDRA] Launching 1 jobs locally
[2026-04-10 20:57:13,606][HYDRA] 	#19 : task.lr=2.199471077205483e-05 task.weight_decay=0.026495961980875535 task.batch_size=512 task.steps_per_epoch=25 task.ode_method=midpoint task.adjoint=True task.n_energy_steps=5 loss.weights.ot=0.22353867808670394 loss.weights.density=0.22251078857737439 loss.weights.energy=0.0002156423797981378 loss.sinkhorn_reg=0.2020298294049399 loss.sinkhorn_max_iter=50 model.hidden_dim=256 model.hidden_layers=5 model.dropout=0.13273147438798755 model.condition_dim=64 model.embedding_dim=128 model.projection_dim=32 experiment=sciplex/ode_pca hpo=ode trainer.accelerator=gpu trainer.devices=1 trainer.precision=bf16-mixed trainer.num_workers=4 trainer.pin_memory=True space.projections.0.n_components=16
/nfs/roberts/scratch/pi_sk2433/dac227/FlatCFM/artifacts/runs/sweeps/sciplex_ode_deg_pca/20260410_191015/19
/nfs/roberts/scratch/pi_sk2433/dac227/FlatCFM/artifacts/runs/sweeps/sciplex_ode_deg_pca/20260410_191015/19/checkpoints/best.ckpt
[2026-04-10 21:00:28,069][HYDRA] Best parameters: {'task.lr': 7.560022847129252e-05, 'task.weight_decay': 0.009794171272763807, 'task.batch_size': 512, 'task.steps_per_epoch': 25, 'task.ode_method': 'midpoint', 'task.adjoint': True, 'task.n_energy_steps': 5, 'loss.weights.ot': 0.10661357943363009, 'loss.weights.density': 0.10003228546059455, 'loss.weights.energy': 0.00028966040789692166, 'loss.sinkhorn_reg': 0.14975228732164877, 'loss.sinkhorn_max_iter': 100, 'model.hidden_dim': 256, 'model.hidden_layers': 5, 'model.dropout': 0.13393731063329115, 'model.condition_dim': 64, 'model.embedding_dim': 128, 'model.projection_dim': 64}
[2026-04-10 21:00:28,069][HYDRA] Best value: 0.4795631170272827
